nps is executing `lint` : node node_modules\concurrently\src\main.js --kill-others-on-fail --prefix-colors "bgBlue.bold" --prefix "[{name}]" --names "lint.back" "nps lint.back"
[lint.back] nps is executing `lint.back` : eslint --ext .ts ./server
[lint.back] Warning: React version was set to "detect" in eslint-plugin-react settings, but the "react" package is not installed. Assuming latest React version for linting.
[lint.back] 
[lint.back] D:\bridge\cashstory\api\server\controllers\AuthCtrl.ts
[lint.back]    8:46  error  Missing semicolon                                            @typescript-eslint/semi
[lint.back]   48:41  error  'next' is defined but never used                             @typescript-eslint/no-unused-vars
[lint.back]   50:47  error  A space is required after '{'                                object-curly-spacing
[lint.back]   50:54  error  Missing space before value for key 'email'                   key-spacing
[lint.back]   50:68  error  A space is required before '}'                               object-curly-spacing
[lint.back]   53:14  error  Extra space after key 'email'                                key-spacing
[lint.back]   54:17  error  Extra space after key 'password'                             key-spacing
[lint.back]   55:18  error  Extra space after key 'firstName'                            key-spacing
[lint.back]   56:8   error  Missing semicolon                                            @typescript-eslint/semi
[lint.back]   57:17  error  A constructor name should not start with a lowercase letter  new-cap
[lint.back]   59:6   error  Expected space(s) before "else"                              @typescript-eslint/keyword-spacing
[lint.back]   59:6   error  Expected space(s) after "else"                               @typescript-eslint/keyword-spacing
[lint.back]   59:10  error  Unnecessary 'else' after 'return'                            no-else-return
[lint.back]   60:46  error  Strings must use singlequote                                 @typescript-eslint/quotes
[lint.back]   62:4   error  Missing semicolon                                            @typescript-eslint/semi
[lint.back] 
[lint.back] D:\bridge\cashstory\api\server\controllers\UserCtrl.ts
[lint.back]     1:36   error  Expected linebreaks to be 'LF' but found 'CRLF'  linebreak-style
[lint.back]     2:34   error  Expected linebreaks to be 'LF' but found 'CRLF'  linebreak-style
[lint.back]     3:62   error  Expected linebreaks to be 'LF' but found 'CRLF'  linebreak-style
[lint.back]     4:9    error  Expected linebreaks to be 'LF' but found 'CRLF'  linebreak-style
[lint.back]     5:63   error  Expected linebreaks to be 'LF' but found 'CRLF'  linebreak-style
[lint.back]     6:28   error  Expected linebreaks to be 'LF' but found 'CRLF'  linebreak-style
[lint.back]     7:35   error  Expected linebreaks to be 'LF' but found 'CRLF'  linebreak-style
[lint.back]     8:1    error  Expected linebreaks to be 'LF' but found 'CRLF'  linebreak-style
[lint.back]     9:73   error  Expected linebreaks to be 'LF' but found 'CRLF'  linebreak-style
[lint.back]    10:49   error  Expected linebreaks to be 'LF' but found 'CRLF'  linebreak-style
[lint.back]    11:48   error  Expected linebreaks to be 'LF' but found 'CRLF'  linebreak-style
[lint.back]    12:57   error  Expected linebreaks to be 'LF' but found 'CRLF'  linebreak-style
[lint.back]    13:1    error  Expected linebreaks to be 'LF' but found 'CRLF'  linebreak-style
[lint.back]    14:55   error  Expected linebreaks to be 'LF' but found 'CRLF'  linebreak-style
[lint.back]    15:23   error  Expected linebreaks to be 'LF' but found 'CRLF'  linebreak-style
[lint.back]    16:1    error  Expected linebreaks to be 'LF' but found 'CRLF'  linebreak-style
[lint.back]    17:30   error  Expected linebreaks to be 'LF' but found 'CRLF'  linebreak-style
[lint.back]    18:1    error  Expected linebreaks to be 'LF' but found 'CRLF'  linebreak-style
[lint.back]    19:18   error  Expected linebreaks to be 'LF' but found 'CRLF'  linebreak-style
[lint.back]    20:13   error  Expected linebreaks to be 'LF' but found 'CRLF'  linebreak-style
[lint.back]    21:68   error  Expected linebreaks to be 'LF' but found 'CRLF'  linebreak-style
[lint.back]    22:4    error  Expected linebreaks to be 'LF' but found 'CRLF'  linebreak-style
[lint.back]    23:1    error  Expected linebreaks to be 'LF' but found 'CRLF'  linebreak-style
[lint.back]    24:78   error  Expected linebreaks to be 'LF' but found 'CRLF'  linebreak-style
[lint.back]    25:27   error  Expected linebreaks to be 'LF' but found 'CRLF'  linebreak-style
[lint.back]    26:63   error  Expected linebreaks to be 'LF' but found 'CRLF'  linebreak-style
[lint.back]    27:6    error  Expected linebreaks to be 'LF' but found 'CRLF'  linebreak-style
[lint.back]    28:10   error  Expected linebreaks to be 'LF' but found 'CRLF'  linebreak-style
[lint.back]    29:76   error  Expected linebreaks to be 'LF' but found 'CRLF'  linebreak-style
[lint.back]    30:18   error  Expected linebreaks to be 'LF' but found 'CRLF'  linebreak-style
[lint.back]    31:88   error  Expected linebreaks to be 'LF' but found 'CRLF'  linebreak-style
[lint.back]    32:15   error  Expected linebreaks to be 'LF' but found 'CRLF'  linebreak-style
[lint.back]    33:84   error  Expected linebreaks to be 'LF' but found 'CRLF'  linebreak-style
[lint.back]    34:20   error  Expected linebreaks to be 'LF' but found 'CRLF'  linebreak-style
[lint.back]    35:8    error  Expected linebreaks to be 'LF' but found 'CRLF'  linebreak-style
[lint.back]    36:28   error  Expected linebreaks to be 'LF' but found 'CRLF'  linebreak-style
[lint.back]    37:60   error  Expected linebreaks to be 'LF' but found 'CRLF'  linebreak-style
[lint.back]    38:41   error  Expected linebreaks to be 'LF' but found 'CRLF'  linebreak-style
[lint.back]    39:35   error  Expected linebreaks to be 'LF' but found 'CRLF'  linebreak-style
[lint.back]    40:38   error  Expected linebreaks to be 'LF' but found 'CRLF'  linebreak-style
[lint.back]    41:10   error  Expected linebreaks to be 'LF' but found 'CRLF'  linebreak-style
[lint.back]    42:49   error  Expected linebreaks to be 'LF' but found 'CRLF'  linebreak-style
[lint.back]    43:8    error  Expected linebreaks to be 'LF' but found 'CRLF'  linebreak-style
[lint.back]    44:68   error  Expected linebreaks to be 'LF' but found 'CRLF'  linebreak-style
[lint.back]    45:20   error  Expected linebreaks to be 'LF' but found 'CRLF'  linebreak-style
[lint.back]    46:26   error  Expected linebreaks to be 'LF' but found 'CRLF'  linebreak-style
[lint.back]    47:59   error  Expected linebreaks to be 'LF' but found 'CRLF'  linebreak-style
[lint.back]    48:6    error  Expected linebreaks to be 'LF' but found 'CRLF'  linebreak-style
[lint.back]    49:5    error  Expected linebreaks to be 'LF' but found 'CRLF'  linebreak-style
[lint.back]    50:1    error  Expected linebreaks to be 'LF' but found 'CRLF'  linebreak-style
[lint.back]    51:78   error  Expected linebreaks to be 'LF' but found 'CRLF'  linebreak-style
[lint.back]    52:27   error  Expected linebreaks to be 'LF' but found 'CRLF'  linebreak-style
[lint.back]    53:63   error  Expected linebreaks to be 'LF' but found 'CRLF'  linebreak-style
[lint.back]    54:6    error  Expected linebreaks to be 'LF' but found 'CRLF'  linebreak-style
[lint.back]    55:65   error  Expected linebreaks to be 'LF' but found 'CRLF'  linebreak-style
[lint.back]    56:54   error  Expected linebreaks to be 'LF' but found 'CRLF'  linebreak-style
[lint.back]    57:57   error  Expected linebreaks to be 'LF' but found 'CRLF'  linebreak-style
[lint.back]    58:49   error  Expected linebreaks to be 'LF' but found 'CRLF'  linebreak-style
[lint.back]    59:49   error  Expected linebreaks to be 'LF' but found 'CRLF'  linebreak-style
[lint.back]    60:6    error  Expected linebreaks to be 'LF' but found 'CRLF'  linebreak-style
[lint.back]    61:41   error  Expected linebreaks to be 'LF' but found 'CRLF'  linebreak-style
[lint.back]    62:29   error  Expected linebreaks to be 'LF' but found 'CRLF'  linebreak-style
[lint.back]    63:41   error  Expected linebreaks to be 'LF' but found 'CRLF'  linebreak-style
[lint.back]    64:35   error  Expected linebreaks to be 'LF' but found 'CRLF'  linebreak-style
[lint.back]    65:37   error  Expected linebreaks to be 'LF' but found 'CRLF'  linebreak-style
[lint.back]    66:35   error  Expected linebreaks to be 'LF' but found 'CRLF'  linebreak-style
[lint.back]    67:7    error  Expected linebreaks to be 'LF' but found 'CRLF'  linebreak-style
[lint.back]    68:61   error  Expected linebreaks to be 'LF' but found 'CRLF'  linebreak-style
[lint.back]    69:10   error  Expected linebreaks to be 'LF' but found 'CRLF'  linebreak-style
[lint.back]    70:96   error  Expected linebreaks to be 'LF' but found 'CRLF'  linebreak-style
[lint.back]    71:18   error  Expected linebreaks to be 'LF' but found 'CRLF'  linebreak-style
[lint.back]    72:69   error  Expected linebreaks to be 'LF' but found 'CRLF'  linebreak-style
[lint.back]    73:8    error  Expected linebreaks to be 'LF' but found 'CRLF'  linebreak-style
[lint.back]    74:59   error  Expected linebreaks to be 'LF' but found 'CRLF'  linebreak-style
[lint.back]    75:41   error  Expected linebreaks to be 'LF' but found 'CRLF'  linebreak-style
[lint.back]    76:48   error  Expected linebreaks to be 'LF' but found 'CRLF'  linebreak-style
[lint.back]    77:10   error  Expected linebreaks to be 'LF' but found 'CRLF'  linebreak-style
[lint.back]    78:10   error  Expected linebreaks to be 'LF' but found 'CRLF'  linebreak-style
[lint.back]    79:18   error  Expected linebreaks to be 'LF' but found 'CRLF'  linebreak-style
[lint.back]    80:40   error  Expected linebreaks to be 'LF' but found 'CRLF'  linebreak-style
[lint.back]    81:20   error  Expected linebreaks to be 'LF' but found 'CRLF'  linebreak-style
[lint.back]    82:26   error  Expected linebreaks to be 'LF' but found 'CRLF'  linebreak-style
[lint.back]    83:59   error  Expected linebreaks to be 'LF' but found 'CRLF'  linebreak-style
[lint.back]    84:6    error  Expected linebreaks to be 'LF' but found 'CRLF'  linebreak-style
[lint.back]    85:5    error  Expected linebreaks to be 'LF' but found 'CRLF'  linebreak-style
[lint.back]    86:1    error  Expected linebreaks to be 'LF' but found 'CRLF'  linebreak-style
[lint.back]    87:79   error  Expected linebreaks to be 'LF' but found 'CRLF'  linebreak-style
[lint.back]    88:46   error  Expected linebreaks to be 'LF' but found 'CRLF'  linebreak-style
[lint.back]    89:72   error  Expected linebreaks to be 'LF' but found 'CRLF'  linebreak-style
[lint.back]    90:6    error  Expected linebreaks to be 'LF' but found 'CRLF'  linebreak-style
[lint.back]    91:10   error  Expected linebreaks to be 'LF' but found 'CRLF'  linebreak-style
[lint.back]    92:42   error  Expected linebreaks to be 'LF' but found 'CRLF'  linebreak-style
[lint.back]    93:89   error  Expected linebreaks to be 'LF' but found 'CRLF'  linebreak-style
[lint.back]    94:17   error  Expected linebreaks to be 'LF' but found 'CRLF'  linebreak-style
[lint.back]    95:33   error  Expected linebreaks to be 'LF' but found 'CRLF'  linebreak-style
[lint.back]    96:32   error  Expected linebreaks to be 'LF' but found 'CRLF'  linebreak-style
[lint.back]    97:20   error  Expected linebreaks to be 'LF' but found 'CRLF'  linebreak-style
[lint.back]    98:38   error  Expected linebreaks to be 'LF' but found 'CRLF'  linebreak-style
[lint.back]    99:47   error  Expected linebreaks to be 'LF' but found 'CRLF'  linebreak-style
[lint.back]   100:112  error  Expected linebreaks to be 'LF' but found 'CRLF'  linebreak-style
[lint.back]   101:46   error  Expected linebreaks to be 'LF' but found 'CRLF'  linebreak-style
[lint.back]   102:8    error  Expected linebreaks to be 'LF' but found 'CRLF'  linebreak-style
[lint.back]   103:70   error  Expected linebreaks to be 'LF' but found 'CRLF'  linebreak-style
[lint.back]   104:20   error  Expected linebreaks to be 'LF' but found 'CRLF'  linebreak-style
[lint.back]   105:26   error  Expected linebreaks to be 'LF' but found 'CRLF'  linebreak-style
[lint.back]   106:59   error  Expected linebreaks to be 'LF' but found 'CRLF'  linebreak-style
[lint.back]   107:6    error  Expected linebreaks to be 'LF' but found 'CRLF'  linebreak-style
[lint.back]   108:5    error  Expected linebreaks to be 'LF' but found 'CRLF'  linebreak-style
[lint.back]   109:1    error  Expected linebreaks to be 'LF' but found 'CRLF'  linebreak-style
[lint.back]   110:46   error  Expected linebreaks to be 'LF' but found 'CRLF'  linebreak-style
[lint.back]   111:10   error  Expected linebreaks to be 'LF' but found 'CRLF'  linebreak-style
[lint.back]   112:44   error  Expected linebreaks to be 'LF' but found 'CRLF'  linebreak-style
[lint.back]   113:68   error  Expected linebreaks to be 'LF' but found 'CRLF'  linebreak-style
[lint.back]   114:26   error  Expected linebreaks to be 'LF' but found 'CRLF'  linebreak-style
[lint.back]   115:68   error  Expected linebreaks to be 'LF' but found 'CRLF'  linebreak-style
[lint.back]   116:15   error  Expected linebreaks to be 'LF' but found 'CRLF'  linebreak-style
[lint.back]   117:58   error  Expected linebreaks to be 'LF' but found 'CRLF'  linebreak-style
[lint.back]   118:8    error  Expected linebreaks to be 'LF' but found 'CRLF'  linebreak-style
[lint.back]   119:32   error  Expected linebreaks to be 'LF' but found 'CRLF'  linebreak-style
[lint.back]   120:26   error  Expected linebreaks to be 'LF' but found 'CRLF'  linebreak-style
[lint.back]   121:38   error  Expected linebreaks to be 'LF' but found 'CRLF'  linebreak-style
[lint.back]   122:23   error  Expected linebreaks to be 'LF' but found 'CRLF'  linebreak-style
[lint.back]   123:55   error  Expected linebreaks to be 'LF' but found 'CRLF'  linebreak-style
[lint.back]   124:52   error  Expected linebreaks to be 'LF' but found 'CRLF'  linebreak-style
[lint.back]   125:24   error  Expected linebreaks to be 'LF' but found 'CRLF'  linebreak-style
[lint.back]   126:9    error  Expected linebreaks to be 'LF' but found 'CRLF'  linebreak-style
[lint.back]   127:49   error  Expected linebreaks to be 'LF' but found 'CRLF'  linebreak-style
[lint.back]   128:64   error  Expected linebreaks to be 'LF' but found 'CRLF'  linebreak-style
[lint.back]   129:72   error  Expected linebreaks to be 'LF' but found 'CRLF'  linebreak-style
[lint.back]   130:25   error  Expected linebreaks to be 'LF' but found 'CRLF'  linebreak-style
[lint.back]   131:79   error  Expected linebreaks to be 'LF' but found 'CRLF'  linebreak-style
[lint.back]   132:15   error  Expected linebreaks to be 'LF' but found 'CRLF'  linebreak-style
[lint.back]   133:65   error  Expected linebreaks to be 'LF' but found 'CRLF'  linebreak-style
[lint.back]   134:8    error  Expected linebreaks to be 'LF' but found 'CRLF'  linebreak-style
[lint.back]   135:66   error  Expected linebreaks to be 'LF' but found 'CRLF'  linebreak-style
[lint.back]   136:68   error  Expected linebreaks to be 'LF' but found 'CRLF'  linebreak-style
[lint.back]   137:71   error  Expected linebreaks to be 'LF' but found 'CRLF'  linebreak-style
[lint.back]   138:33   error  Expected linebreaks to be 'LF' but found 'CRLF'  linebreak-style
[lint.back]   139:26   error  Expected linebreaks to be 'LF' but found 'CRLF'  linebreak-style
[lint.back]   140:38   error  Expected linebreaks to be 'LF' but found 'CRLF'  linebreak-style
[lint.back]   141:37   error  Expected linebreaks to be 'LF' but found 'CRLF'  linebreak-style
[lint.back]   142:43   error  Expected linebreaks to be 'LF' but found 'CRLF'  linebreak-style
[lint.back]   143:26   error  Expected linebreaks to be 'LF' but found 'CRLF'  linebreak-style
[lint.back]   144:26   error  Expected linebreaks to be 'LF' but found 'CRLF'  linebreak-style
[lint.back]   145:9    error  Expected linebreaks to be 'LF' but found 'CRLF'  linebreak-style
[lint.back]   146:27   error  Expected linebreaks to be 'LF' but found 'CRLF'  linebreak-style
[lint.back]   147:35   error  Expected linebreaks to be 'LF' but found 'CRLF'  linebreak-style
[lint.back]   148:36   error  Expected linebreaks to be 'LF' but found 'CRLF'  linebreak-style
[lint.back]   149:10   error  Expected linebreaks to be 'LF' but found 'CRLF'  linebreak-style
[lint.back]   150:20   error  Expected linebreaks to be 'LF' but found 'CRLF'  linebreak-style
[lint.back]   151:41   error  Expected linebreaks to be 'LF' but found 'CRLF'  linebreak-style
[lint.back]   152:32   error  Expected linebreaks to be 'LF' but found 'CRLF'  linebreak-style
[lint.back]   153:6    error  Expected linebreaks to be 'LF' but found 'CRLF'  linebreak-style
[lint.back]   154:5    error  Expected linebreaks to be 'LF' but found 'CRLF'  linebreak-style
[lint.back]   155:1    error  Expected linebreaks to be 'LF' but found 'CRLF'  linebreak-style
[lint.back]   156:74   error  Expected linebreaks to be 'LF' but found 'CRLF'  linebreak-style
[lint.back]   157:10   error  Expected linebreaks to be 'LF' but found 'CRLF'  linebreak-style
[lint.back]   158:97   error  Expected linebreaks to be 'LF' but found 'CRLF'  linebreak-style
[lint.back]   159:68   error  Expected linebreaks to be 'LF' but found 'CRLF'  linebreak-style
[lint.back]   160:36   error  Expected linebreaks to be 'LF' but found 'CRLF'  linebreak-style
[lint.back]   161:64   error  Expected linebreaks to be 'LF' but found 'CRLF'  linebreak-style
[lint.back]   162:44   error  Expected linebreaks to be 'LF' but found 'CRLF'  linebreak-style
[lint.back]   163:20   error  Expected linebreaks to be 'LF' but found 'CRLF'  linebreak-style
[lint.back]   164:26   error  Expected linebreaks to be 'LF' but found 'CRLF'  linebreak-style
[lint.back]   165:59   error  Expected linebreaks to be 'LF' but found 'CRLF'  linebreak-style
[lint.back]   166:6    error  Expected linebreaks to be 'LF' but found 'CRLF'  linebreak-style
[lint.back]   167:5    error  Expected linebreaks to be 'LF' but found 'CRLF'  linebreak-style
[lint.back]   168:1    error  Expected linebreaks to be 'LF' but found 'CRLF'  linebreak-style
[lint.back]   169:77   error  Expected linebreaks to be 'LF' but found 'CRLF'  linebreak-style
[lint.back]   170:10   error  Expected linebreaks to be 'LF' but found 'CRLF'  linebreak-style
[lint.back]   171:97   error  Expected linebreaks to be 'LF' but found 'CRLF'  linebreak-style
[lint.back]   172:68   error  Expected linebreaks to be 'LF' but found 'CRLF'  linebreak-style
[lint.back]   173:35   error  Expected linebreaks to be 'LF' but found 'CRLF'  linebreak-style
[lint.back]   174:66   error  Expected linebreaks to be 'LF' but found 'CRLF'  linebreak-style
[lint.back]   175:62   error  Expected linebreaks to be 'LF' but found 'CRLF'  linebreak-style
[lint.back]   176:43   error  Expected linebreaks to be 'LF' but found 'CRLF'  linebreak-style
[lint.back]   177:20   error  Expected linebreaks to be 'LF' but found 'CRLF'  linebreak-style
[lint.back]   178:26   error  Expected linebreaks to be 'LF' but found 'CRLF'  linebreak-style
[lint.back]   179:59   error  Expected linebreaks to be 'LF' but found 'CRLF'  linebreak-style
[lint.back]   180:6    error  Expected linebreaks to be 'LF' but found 'CRLF'  linebreak-style
[lint.back]   181:5    error  Expected linebreaks to be 'LF' but found 'CRLF'  linebreak-style
[lint.back]   182:1    error  Expected linebreaks to be 'LF' but found 'CRLF'  linebreak-style
[lint.back]   183:77   error  Expected linebreaks to be 'LF' but found 'CRLF'  linebreak-style
[lint.back]   184:10   error  Expected linebreaks to be 'LF' but found 'CRLF'  linebreak-style
[lint.back]   185:87   error  Expected linebreaks to be 'LF' but found 'CRLF'  linebreak-style
[lint.back]   186:87   error  Expected linebreaks to be 'LF' but found 'CRLF'  linebreak-style
[lint.back]   187:91   error  Expected linebreaks to be 'LF' but found 'CRLF'  linebreak-style
[lint.back]   188:78   error  Expected linebreaks to be 'LF' but found 'CRLF'  linebreak-style
[lint.back]   189:41   error  Expected linebreaks to be 'LF' but found 'CRLF'  linebreak-style
[lint.back]   190:20   error  Expected linebreaks to be 'LF' but found 'CRLF'  linebreak-style
[lint.back]   191:26   error  Expected linebreaks to be 'LF' but found 'CRLF'  linebreak-style
[lint.back]   192:59   error  Expected linebreaks to be 'LF' but found 'CRLF'  linebreak-style
[lint.back]   193:6    error  Expected linebreaks to be 'LF' but found 'CRLF'  linebreak-style
[lint.back]   194:5    error  Expected linebreaks to be 'LF' but found 'CRLF'  linebreak-style
[lint.back]   195:1    error  Expected linebreaks to be 'LF' but found 'CRLF'  linebreak-style
[lint.back]   196:84   error  Expected linebreaks to be 'LF' but found 'CRLF'  linebreak-style
[lint.back]   197:10   error  Expected linebreaks to be 'LF' but found 'CRLF'  linebreak-style
[lint.back]   198:46   error  Expected linebreaks to be 'LF' but found 'CRLF'  linebreak-style
[lint.back]   199:69   error  Expected linebreaks to be 'LF' but found 'CRLF'  linebreak-style
[lint.back]   200:93   error  Expected linebreaks to be 'LF' but found 'CRLF'  linebreak-style
[lint.back]   201:68   error  Expected linebreaks to be 'LF' but found 'CRLF'  linebreak-style
[lint.back]   202:42   error  Expected linebreaks to be 'LF' but found 'CRLF'  linebreak-style
[lint.back]   203:56   error  Expected linebreaks to be 'LF' but found 'CRLF'  linebreak-style
[lint.back]   204:83   error  Expected linebreaks to be 'LF' but found 'CRLF'  linebreak-style
[lint.back]   205:9    error  Expected linebreaks to be 'LF' but found 'CRLF'  linebreak-style
[lint.back]   206:42   error  Expected linebreaks to be 'LF' but found 'CRLF'  linebreak-style
[lint.back]   207:85   error  Expected linebreaks to be 'LF' but found 'CRLF'  linebreak-style
[lint.back]   208:43   error  Expected linebreaks to be 'LF' but found 'CRLF'  linebreak-style
[lint.back]   209:20   error  Expected linebreaks to be 'LF' but found 'CRLF'  linebreak-style
[lint.back]   210:59   error  Expected linebreaks to be 'LF' but found 'CRLF'  linebreak-style
[lint.back]   211:6    error  Expected linebreaks to be 'LF' but found 'CRLF'  linebreak-style
[lint.back]   212:5    error  Expected linebreaks to be 'LF' but found 'CRLF'  linebreak-style
[lint.back]   213:1    error  Expected linebreaks to be 'LF' but found 'CRLF'  linebreak-style
[lint.back]   214:80   error  Expected linebreaks to be 'LF' but found 'CRLF'  linebreak-style
[lint.back]   215:10   error  Expected linebreaks to be 'LF' but found 'CRLF'  linebreak-style
[lint.back]   216:44   error  Expected linebreaks to be 'LF' but found 'CRLF'  linebreak-style
[lint.back]   217:50   error  Expected linebreaks to be 'LF' but found 'CRLF'  linebreak-style
[lint.back]   218:97   error  Expected linebreaks to be 'LF' but found 'CRLF'  linebreak-style
[lint.back]   219:68   error  Expected linebreaks to be 'LF' but found 'CRLF'  linebreak-style
[lint.back]   220:35   error  Expected linebreaks to be 'LF' but found 'CRLF'  linebreak-style
[lint.back]   221:80   error  Expected linebreaks to be 'LF' but found 'CRLF'  linebreak-style
[lint.back]   222:53   error  Expected linebreaks to be 'LF' but found 'CRLF'  linebreak-style
[lint.back]   223:48   error  Expected linebreaks to be 'LF' but found 'CRLF'  linebreak-style
[lint.back]   224:18   error  Expected linebreaks to be 'LF' but found 'CRLF'  linebreak-style
[lint.back]   225:35   error  Expected linebreaks to be 'LF' but found 'CRLF'  linebreak-style
[lint.back]   226:65   error  Expected linebreaks to be 'LF' but found 'CRLF'  linebreak-style
[lint.back]   227:62   error  Expected linebreaks to be 'LF' but found 'CRLF'  linebreak-style
[lint.back]   228:10   error  Expected linebreaks to be 'LF' but found 'CRLF'  linebreak-style
[lint.back]   229:43   error  Expected linebreaks to be 'LF' but found 'CRLF'  linebreak-style
[lint.back]   230:20   error  Expected linebreaks to be 'LF' but found 'CRLF'  linebreak-style
[lint.back]   231:26   error  Expected linebreaks to be 'LF' but found 'CRLF'  linebreak-style
[lint.back]   232:59   error  Expected linebreaks to be 'LF' but found 'CRLF'  linebreak-style
[lint.back]   233:6    error  Expected linebreaks to be 'LF' but found 'CRLF'  linebreak-style
[lint.back]   234:5    error  Expected linebreaks to be 'LF' but found 'CRLF'  linebreak-style
[lint.back]   235:1    error  Expected linebreaks to be 'LF' but found 'CRLF'  linebreak-style
[lint.back]   236:80   error  Expected linebreaks to be 'LF' but found 'CRLF'  linebreak-style
[lint.back]   237:42   error  Expected linebreaks to be 'LF' but found 'CRLF'  linebreak-style
[lint.back]   238:48   error  Expected linebreaks to be 'LF' but found 'CRLF'  linebreak-style
[lint.back]   239:10   error  Expected linebreaks to be 'LF' but found 'CRLF'  linebreak-style
[lint.back]   240:97   error  Expected linebreaks to be 'LF' but found 'CRLF'  linebreak-style
[lint.back]   241:68   error  Expected linebreaks to be 'LF' but found 'CRLF'  linebreak-style
[lint.back]   242:35   error  Expected linebreaks to be 'LF' but found 'CRLF'  linebreak-style
[lint.back]   243:80   error  Expected linebreaks to be 'LF' but found 'CRLF'  linebreak-style
[lint.back]   244:53   error  Expected linebreaks to be 'LF' but found 'CRLF'  linebreak-style
[lint.back]   245:80   error  Expected linebreaks to be 'LF' but found 'CRLF'  linebreak-style
[lint.back]   246:41   error  Expected linebreaks to be 'LF' but found 'CRLF'  linebreak-style
[lint.back]   247:18   error  Expected linebreaks to be 'LF' but found 'CRLF'  linebreak-style
[lint.back]   248:35   error  Expected linebreaks to be 'LF' but found 'CRLF'  linebreak-style
[lint.back]   249:68   error  Expected linebreaks to be 'LF' but found 'CRLF'  linebreak-style
[lint.back]   250:62   error  Expected linebreaks to be 'LF' but found 'CRLF'  linebreak-style
[lint.back]   251:10   error  Expected linebreaks to be 'LF' but found 'CRLF'  linebreak-style
[lint.back]   252:43   error  Expected linebreaks to be 'LF' but found 'CRLF'  linebreak-style
[lint.back]   253:20   error  Expected linebreaks to be 'LF' but found 'CRLF'  linebreak-style
[lint.back]   254:26   error  Expected linebreaks to be 'LF' but found 'CRLF'  linebreak-style
[lint.back]   255:59   error  Expected linebreaks to be 'LF' but found 'CRLF'  linebreak-style
[lint.back]   256:6    error  Expected linebreaks to be 'LF' but found 'CRLF'  linebreak-style
[lint.back]   257:5    error  Expected linebreaks to be 'LF' but found 'CRLF'  linebreak-style
[lint.back]   258:1    error  Expected linebreaks to be 'LF' but found 'CRLF'  linebreak-style
[lint.back]   259:77   error  Expected linebreaks to be 'LF' but found 'CRLF'  linebreak-style
[lint.back]   260:41   error  Expected linebreaks to be 'LF' but found 'CRLF'  linebreak-style
[lint.back]   261:29   error  Expected linebreaks to be 'LF' but found 'CRLF'  linebreak-style
[lint.back]   262:33   error  Expected linebreaks to be 'LF' but found 'CRLF'  linebreak-style
[lint.back]   263:41   error  Expected linebreaks to be 'LF' but found 'CRLF'  linebreak-style
[lint.back]   264:35   error  Expected linebreaks to be 'LF' but found 'CRLF'  linebreak-style
[lint.back]   265:37   error  Expected linebreaks to be 'LF' but found 'CRLF'  linebreak-style
[lint.back]   266:35   error  Expected linebreaks to be 'LF' but found 'CRLF'  linebreak-style
[lint.back]   267:33   error  Expected linebreaks to be 'LF' but found 'CRLF'  linebreak-style
[lint.back]   268:35   error  Expected linebreaks to be 'LF' but found 'CRLF'  linebreak-style
[lint.back]   269:33   error  Expected linebreaks to be 'LF' but found 'CRLF'  linebreak-style
[lint.back]   270:7    error  Expected linebreaks to be 'LF' but found 'CRLF'  linebreak-style
[lint.back]   271:61   error  Expected linebreaks to be 'LF' but found 'CRLF'  linebreak-style
[lint.back]   272:10   error  Expected linebreaks to be 'LF' but found 'CRLF'  linebreak-style
[lint.back]   273:97   error  Expected linebreaks to be 'LF' but found 'CRLF'  linebreak-style
[lint.back]   274:68   error  Expected linebreaks to be 'LF' but found 'CRLF'  linebreak-style
[lint.back]   275:35   error  Expected linebreaks to be 'LF' but found 'CRLF'  linebreak-style
[lint.back]   276:59   error  Expected linebreaks to be 'LF' but found 'CRLF'  linebreak-style
[lint.back]   277:41   error  Expected linebreaks to be 'LF' but found 'CRLF'  linebreak-style
[lint.back]   278:48   error  Expected linebreaks to be 'LF' but found 'CRLF'  linebreak-style
[lint.back]   279:10   error  Expected linebreaks to be 'LF' but found 'CRLF'  linebreak-style
[lint.back]   280:10   error  Expected linebreaks to be 'LF' but found 'CRLF'  linebreak-style
[lint.back]   281:18   error  Expected linebreaks to be 'LF' but found 'CRLF'  linebreak-style
[lint.back]   282:35   error  Expected linebreaks to be 'LF' but found 'CRLF'  linebreak-style
[lint.back]   283:67   error  Expected linebreaks to be 'LF' but found 'CRLF'  linebreak-style
[lint.back]   284:62   error  Expected linebreaks to be 'LF' but found 'CRLF'  linebreak-style
[lint.back]   285:10   error  Expected linebreaks to be 'LF' but found 'CRLF'  linebreak-style
[lint.back]   286:43   error  Expected linebreaks to be 'LF' but found 'CRLF'  linebreak-style
[lint.back]   287:20   error  Expected linebreaks to be 'LF' but found 'CRLF'  linebreak-style
[lint.back]   288:26   error  Expected linebreaks to be 'LF' but found 'CRLF'  linebreak-style
[lint.back]   289:59   error  Expected linebreaks to be 'LF' but found 'CRLF'  linebreak-style
[lint.back]   290:6    error  Expected linebreaks to be 'LF' but found 'CRLF'  linebreak-style
[lint.back]   291:5    error  Expected linebreaks to be 'LF' but found 'CRLF'  linebreak-style
[lint.back]   292:1    error  Expected linebreaks to be 'LF' but found 'CRLF'  linebreak-style
[lint.back]   293:83   error  Expected linebreaks to be 'LF' but found 'CRLF'  linebreak-style
[lint.back]   294:44   error  Expected linebreaks to be 'LF' but found 'CRLF'  linebreak-style
[lint.back]   295:10   error  Expected linebreaks to be 'LF' but found 'CRLF'  linebreak-style
[lint.back]   296:98   error  Expected linebreaks to be 'LF' but found 'CRLF'  linebreak-style
[lint.back]   297:86   error  Expected linebreaks to be 'LF' but found 'CRLF'  linebreak-style
[lint.back]   298:32   error  Expected linebreaks to be 'LF' but found 'CRLF'  linebreak-style
[lint.back]   299:50   error  Expected linebreaks to be 'LF' but found 'CRLF'  linebreak-style
[lint.back]   300:41   error  Expected linebreaks to be 'LF' but found 'CRLF'  linebreak-style
[lint.back]   301:38   error  Expected linebreaks to be 'LF' but found 'CRLF'  linebreak-style
[lint.back]   302:8    error  Expected linebreaks to be 'LF' but found 'CRLF'  linebreak-style
[lint.back]   303:44   error  Expected linebreaks to be 'LF' but found 'CRLF'  linebreak-style
[lint.back]   304:35   error  Expected linebreaks to be 'LF' but found 'CRLF'  linebreak-style
[lint.back]   305:18   error  Expected linebreaks to be 'LF' but found 'CRLF'  linebreak-style
[lint.back]   306:35   error  Expected linebreaks to be 'LF' but found 'CRLF'  linebreak-style
[lint.back]   307:67   error  Expected linebreaks to be 'LF' but found 'CRLF'  linebreak-style
[lint.back]   308:62   error  Expected linebreaks to be 'LF' but found 'CRLF'  linebreak-style
[lint.back]   309:10   error  Expected linebreaks to be 'LF' but found 'CRLF'  linebreak-style
[lint.back]   310:43   error  Expected linebreaks to be 'LF' but found 'CRLF'  linebreak-style
[lint.back]   311:20   error  Expected linebreaks to be 'LF' but found 'CRLF'  linebreak-style
[lint.back]   312:26   error  Expected linebreaks to be 'LF' but found 'CRLF'  linebreak-style
[lint.back]   313:52   error  Expected linebreaks to be 'LF' but found 'CRLF'  linebreak-style
[lint.back]   314:34   error  Expected linebreaks to be 'LF' but found 'CRLF'  linebreak-style
[lint.back]   315:6    error  Expected linebreaks to be 'LF' but found 'CRLF'  linebreak-style
[lint.back]   316:5    error  Expected linebreaks to be 'LF' but found 'CRLF'  linebreak-style
[lint.back]   317:1    error  Expected linebreaks to be 'LF' but found 'CRLF'  linebreak-style
[lint.back]   318:77   error  Expected linebreaks to be 'LF' but found 'CRLF'  linebreak-style
[lint.back]   319:27   error  Expected linebreaks to be 'LF' but found 'CRLF'  linebreak-style
[lint.back]   320:58   error  Expected linebreaks to be 'LF' but found 'CRLF'  linebreak-style
[lint.back]   321:6    error  Expected linebreaks to be 'LF' but found 'CRLF'  linebreak-style
[lint.back]   322:65   error  Expected linebreaks to be 'LF' but found 'CRLF'  linebreak-style
[lint.back]   323:53   error  Expected linebreaks to be 'LF' but found 'CRLF'  linebreak-style
[lint.back]   324:43   error  Expected linebreaks to be 'LF' but found 'CRLF'  linebreak-style
[lint.back]   325:60   error  Expected linebreaks to be 'LF' but found 'CRLF'  linebreak-style
[lint.back]   326:26   error  Expected linebreaks to be 'LF' but found 'CRLF'  linebreak-style
[lint.back]   327:33   error  Expected linebreaks to be 'LF' but found 'CRLF'  linebreak-style
[lint.back]   328:36   error  Expected linebreaks to be 'LF' but found 'CRLF'  linebreak-style
[lint.back]   329:26   error  Expected linebreaks to be 'LF' but found 'CRLF'  linebreak-style
[lint.back]   330:33   error  Expected linebreaks to be 'LF' but found 'CRLF'  linebreak-style
[lint.back]   331:30   error  Expected linebreaks to be 'LF' but found 'CRLF'  linebreak-style
[lint.back]   332:22   error  Expected linebreaks to be 'LF' but found 'CRLF'  linebreak-style
[lint.back]   333:7    error  Expected linebreaks to be 'LF' but found 'CRLF'  linebreak-style
[lint.back]   334:10   error  Expected linebreaks to be 'LF' but found 'CRLF'  linebreak-style
[lint.back]   335:97   error  Expected linebreaks to be 'LF' but found 'CRLF'  linebreak-style
[lint.back]   336:31   error  Expected linebreaks to be 'LF' but found 'CRLF'  linebreak-style
[lint.back]   337:24   error  Expected linebreaks to be 'LF' but found 'CRLF'  linebreak-style
[lint.back]   338:18   error  Expected linebreaks to be 'LF' but found 'CRLF'  linebreak-style
[lint.back]   339:35   error  Expected linebreaks to be 'LF' but found 'CRLF'  linebreak-style
[lint.back]   340:62   error  Expected linebreaks to be 'LF' but found 'CRLF'  linebreak-style
[lint.back]   341:42   error  Expected linebreaks to be 'LF' but found 'CRLF'  linebreak-style
[lint.back]   342:20   error  Expected linebreaks to be 'LF' but found 'CRLF'  linebreak-style
[lint.back]   343:26   error  Expected linebreaks to be 'LF' but found 'CRLF'  linebreak-style
[lint.back]   344:59   error  Expected linebreaks to be 'LF' but found 'CRLF'  linebreak-style
[lint.back]   345:6    error  Expected linebreaks to be 'LF' but found 'CRLF'  linebreak-style
[lint.back]   346:5    error  Expected linebreaks to be 'LF' but found 'CRLF'  linebreak-style
[lint.back]   347:1    error  Expected linebreaks to be 'LF' but found 'CRLF'  linebreak-style
[lint.back]   348:66   error  Expected linebreaks to be 'LF' but found 'CRLF'  linebreak-style
[lint.back]   349:38   error  Expected linebreaks to be 'LF' but found 'CRLF'  linebreak-style
[lint.back]   350:29   error  Expected linebreaks to be 'LF' but found 'CRLF'  linebreak-style
[lint.back]   351:63   error  Expected linebreaks to be 'LF' but found 'CRLF'  linebreak-style
[lint.back]   352:60   error  Expected linebreaks to be 'LF' but found 'CRLF'  linebreak-style
[lint.back]   353:39   error  Expected linebreaks to be 'LF' but found 'CRLF'  linebreak-style
[lint.back]   354:7    error  Expected linebreaks to be 'LF' but found 'CRLF'  linebreak-style
[lint.back]   355:30   error  Expected linebreaks to be 'LF' but found 'CRLF'  linebreak-style
[lint.back]   356:44   error  Expected linebreaks to be 'LF' but found 'CRLF'  linebreak-style
[lint.back]   357:6    error  Expected linebreaks to be 'LF' but found 'CRLF'  linebreak-style
[lint.back]   358:10   error  Expected linebreaks to be 'LF' but found 'CRLF'  linebreak-style
[lint.back]   359:63   error  Expected linebreaks to be 'LF' but found 'CRLF'  linebreak-style
[lint.back]   360:41   error  Expected linebreaks to be 'LF' but found 'CRLF'  linebreak-style
[lint.back]   361:35   error  Expected linebreaks to be 'LF' but found 'CRLF'  linebreak-style
[lint.back]   362:20   error  Expected linebreaks to be 'LF' but found 'CRLF'  linebreak-style
[lint.back]   363:26   error  Expected linebreaks to be 'LF' but found 'CRLF'  linebreak-style
[lint.back]   364:34   error  Expected linebreaks to be 'LF' but found 'CRLF'  linebreak-style
[lint.back]   365:6    error  Expected linebreaks to be 'LF' but found 'CRLF'  linebreak-style
[lint.back]   366:5    error  Expected linebreaks to be 'LF' but found 'CRLF'  linebreak-style
[lint.back]   367:1    error  Expected linebreaks to be 'LF' but found 'CRLF'  linebreak-style
[lint.back]   368:80   error  Expected linebreaks to be 'LF' but found 'CRLF'  linebreak-style
[lint.back]   369:10   error  Expected linebreaks to be 'LF' but found 'CRLF'  linebreak-style
[lint.back]   370:44   error  Expected linebreaks to be 'LF' but found 'CRLF'  linebreak-style
[lint.back]   371:46   error  Expected linebreaks to be 'LF' but found 'CRLF'  linebreak-style
[lint.back]   372:98   error  Expected linebreaks to be 'LF' but found 'CRLF'  linebreak-style
[lint.back]   373:76   error  Expected linebreaks to be 'LF' but found 'CRLF'  linebreak-style
[lint.back]   374:42   error  Expected linebreaks to be 'LF' but found 'CRLF'  linebreak-style
[lint.back]   375:33   error  Expected linebreaks to be 'LF' but found 'CRLF'  linebreak-style
[lint.back]   376:95   error  Expected linebreaks to be 'LF' but found 'CRLF'  linebreak-style
[lint.back]   377:35   error  Expected linebreaks to be 'LF' but found 'CRLF'  linebreak-style
[lint.back]   378:74   error  Expected linebreaks to be 'LF' but found 'CRLF'  linebreak-style
[lint.back]   379:18   error  Expected linebreaks to be 'LF' but found 'CRLF'  linebreak-style
[lint.back]   380:35   error  Expected linebreaks to be 'LF' but found 'CRLF'  linebreak-style
[lint.back]   381:70   error  Expected linebreaks to be 'LF' but found 'CRLF'  linebreak-style
[lint.back]   382:62   error  Expected linebreaks to be 'LF' but found 'CRLF'  linebreak-style
[lint.back]   383:10   error  Expected linebreaks to be 'LF' but found 'CRLF'  linebreak-style
[lint.back]   384:43   error  Expected linebreaks to be 'LF' but found 'CRLF'  linebreak-style
[lint.back]   385:20   error  Expected linebreaks to be 'LF' but found 'CRLF'  linebreak-style
[lint.back]   386:26   error  Expected linebreaks to be 'LF' but found 'CRLF'  linebreak-style
[lint.back]   387:59   error  Expected linebreaks to be 'LF' but found 'CRLF'  linebreak-style
[lint.back]   388:6    error  Expected linebreaks to be 'LF' but found 'CRLF'  linebreak-style
[lint.back]   389:5    error  Expected linebreaks to be 'LF' but found 'CRLF'  linebreak-style
[lint.back]   390:2    error  Expected linebreaks to be 'LF' but found 'CRLF'  linebreak-style
[lint.back] 
[lint.back] D:\bridge\cashstory\api\server\controllers\WorkspaceCtrl.ts
[lint.back]     1:36   error  Expected linebreaks to be 'LF' but found 'CRLF'  linebreak-style
[lint.back]     2:54   error  Expected linebreaks to be 'LF' but found 'CRLF'  linebreak-style
[lint.back]     3:35   error  Expected linebreaks to be 'LF' but found 'CRLF'  linebreak-style
[lint.back]     4:57   error  Expected linebreaks to be 'LF' but found 'CRLF'  linebreak-style
[lint.back]     5:49   error  Expected linebreaks to be 'LF' but found 'CRLF'  linebreak-style
[lint.back]     6:79   error  Expected linebreaks to be 'LF' but found 'CRLF'  linebreak-style
[lint.back]     7:1    error  Expected linebreaks to be 'LF' but found 'CRLF'  linebreak-style
[lint.back]     8:29   error  Expected linebreaks to be 'LF' but found 'CRLF'  linebreak-style
[lint.back]     9:54   error  Expected linebreaks to be 'LF' but found 'CRLF'  linebreak-style
[lint.back]    10:28   error  Expected linebreaks to be 'LF' but found 'CRLF'  linebreak-style
[lint.back]    11:1    error  Expected linebreaks to be 'LF' but found 'CRLF'  linebreak-style
[lint.back]    12:42   error  Expected linebreaks to be 'LF' but found 'CRLF'  linebreak-style
[lint.back]    13:10   error  Expected linebreaks to be 'LF' but found 'CRLF'  linebreak-style
[lint.back]    14:94   error  Expected linebreaks to be 'LF' but found 'CRLF'  linebreak-style
[lint.back]    15:28   error  Expected linebreaks to be 'LF' but found 'CRLF'  linebreak-style
[lint.back]    16:57   error  Expected linebreaks to be 'LF' but found 'CRLF'  linebreak-style
[lint.back]    17:88   error  Expected linebreaks to be 'LF' but found 'CRLF'  linebreak-style
[lint.back]    18:16   error  Expected linebreaks to be 'LF' but found 'CRLF'  linebreak-style
[lint.back]    19:8    error  Expected linebreaks to be 'LF' but found 'CRLF'  linebreak-style
[lint.back]    20:62   error  Expected linebreaks to be 'LF' but found 'CRLF'  linebreak-style
[lint.back]    21:20   error  Expected linebreaks to be 'LF' but found 'CRLF'  linebreak-style
[lint.back]    22:69   error  Expected linebreaks to be 'LF' but found 'CRLF'  linebreak-style
[lint.back]    23:6    error  Expected linebreaks to be 'LF' but found 'CRLF'  linebreak-style
[lint.back]    24:5    error  Expected linebreaks to be 'LF' but found 'CRLF'  linebreak-style
[lint.back]    25:1    error  Expected linebreaks to be 'LF' but found 'CRLF'  linebreak-style
[lint.back]    26:5    error  Expected linebreaks to be 'LF' but found 'CRLF'  linebreak-style
[lint.back]    27:42   error  Expected linebreaks to be 'LF' but found 'CRLF'  linebreak-style
[lint.back]    28:99   error  Expected linebreaks to be 'LF' but found 'CRLF'  linebreak-style
[lint.back]    29:5    error  Expected linebreaks to be 'LF' but found 'CRLF'  linebreak-style
[lint.back]    30:1    error  Expected linebreaks to be 'LF' but found 'CRLF'  linebreak-style
[lint.back]    31:95   error  Expected linebreaks to be 'LF' but found 'CRLF'  linebreak-style
[lint.back]    32:39   error  Expected linebreaks to be 'LF' but found 'CRLF'  linebreak-style
[lint.back]    33:89   error  Expected linebreaks to be 'LF' but found 'CRLF'  linebreak-style
[lint.back]    34:6    error  Expected linebreaks to be 'LF' but found 'CRLF'  linebreak-style
[lint.back]    35:10   error  Expected linebreaks to be 'LF' but found 'CRLF'  linebreak-style
[lint.back]    36:66   error  Expected linebreaks to be 'LF' but found 'CRLF'  linebreak-style
[lint.back]    37:86   error  Expected linebreaks to be 'LF' but found 'CRLF'  linebreak-style
[lint.back]    38:41   error  Expected linebreaks to be 'LF' but found 'CRLF'  linebreak-style
[lint.back]    39:9    error  Expected linebreaks to be 'LF' but found 'CRLF'  linebreak-style
[lint.back]    40:90   error  Expected linebreaks to be 'LF' but found 'CRLF'  linebreak-style
[lint.back]    41:1    error  Expected linebreaks to be 'LF' but found 'CRLF'  linebreak-style
[lint.back]    42:100  error  Expected linebreaks to be 'LF' but found 'CRLF'  linebreak-style
[lint.back]    43:51   error  Expected linebreaks to be 'LF' but found 'CRLF'  linebreak-style
[lint.back]    44:65   error  Expected linebreaks to be 'LF' but found 'CRLF'  linebreak-style
[lint.back]    45:77   error  Expected linebreaks to be 'LF' but found 'CRLF'  linebreak-style
[lint.back]    46:10   error  Expected linebreaks to be 'LF' but found 'CRLF'  linebreak-style
[lint.back]    47:84   error  Expected linebreaks to be 'LF' but found 'CRLF'  linebreak-style
[lint.back]    48:76   error  Expected linebreaks to be 'LF' but found 'CRLF'  linebreak-style
[lint.back]    49:1    error  Expected linebreaks to be 'LF' but found 'CRLF'  linebreak-style
[lint.back]    50:42   error  Expected linebreaks to be 'LF' but found 'CRLF'  linebreak-style
[lint.back]    51:56   error  Expected linebreaks to be 'LF' but found 'CRLF'  linebreak-style
[lint.back]    52:97   error  Expected linebreaks to be 'LF' but found 'CRLF'  linebreak-style
[lint.back]    53:81   error  Expected linebreaks to be 'LF' but found 'CRLF'  linebreak-style
[lint.back]    54:9    error  Expected linebreaks to be 'LF' but found 'CRLF'  linebreak-style
[lint.back]    55:42   error  Expected linebreaks to be 'LF' but found 'CRLF'  linebreak-style
[lint.back]    56:76   error  Expected linebreaks to be 'LF' but found 'CRLF'  linebreak-style
[lint.back]    57:43   error  Expected linebreaks to be 'LF' but found 'CRLF'  linebreak-style
[lint.back]    58:20   error  Expected linebreaks to be 'LF' but found 'CRLF'  linebreak-style
[lint.back]    59:59   error  Expected linebreaks to be 'LF' but found 'CRLF'  linebreak-style
[lint.back]    60:6    error  Expected linebreaks to be 'LF' but found 'CRLF'  linebreak-style
[lint.back]    61:5    error  Expected linebreaks to be 'LF' but found 'CRLF'  linebreak-style
[lint.back]    62:1    error  Expected linebreaks to be 'LF' but found 'CRLF'  linebreak-style
[lint.back]    63:5    error  Expected linebreaks to be 'LF' but found 'CRLF'  linebreak-style
[lint.back]    64:37   error  Expected linebreaks to be 'LF' but found 'CRLF'  linebreak-style
[lint.back]    65:5    error  Expected linebreaks to be 'LF' but found 'CRLF'  linebreak-style
[lint.back]    66:89   error  Expected linebreaks to be 'LF' but found 'CRLF'  linebreak-style
[lint.back]    67:10   error  Expected linebreaks to be 'LF' but found 'CRLF'  linebreak-style
[lint.back]    68:66   error  Expected linebreaks to be 'LF' but found 'CRLF'  linebreak-style
[lint.back]    69:86   error  Expected linebreaks to be 'LF' but found 'CRLF'  linebreak-style
[lint.back]    70:41   error  Expected linebreaks to be 'LF' but found 'CRLF'  linebreak-style
[lint.back]    71:9    error  Expected linebreaks to be 'LF' but found 'CRLF'  linebreak-style
[lint.back]    72:90   error  Expected linebreaks to be 'LF' but found 'CRLF'  linebreak-style
[lint.back]    73:42   error  Expected linebreaks to be 'LF' but found 'CRLF'  linebreak-style
[lint.back]    74:56   error  Expected linebreaks to be 'LF' but found 'CRLF'  linebreak-style
[lint.back]    75:97   error  Expected linebreaks to be 'LF' but found 'CRLF'  linebreak-style
[lint.back]    76:98   error  Expected linebreaks to be 'LF' but found 'CRLF'  linebreak-style
[lint.back]    77:9    error  Expected linebreaks to be 'LF' but found 'CRLF'  linebreak-style
[lint.back]    78:42   error  Expected linebreaks to be 'LF' but found 'CRLF'  linebreak-style
[lint.back]    79:76   error  Expected linebreaks to be 'LF' but found 'CRLF'  linebreak-style
[lint.back]    80:43   error  Expected linebreaks to be 'LF' but found 'CRLF'  linebreak-style
[lint.back]    81:20   error  Expected linebreaks to be 'LF' but found 'CRLF'  linebreak-style
[lint.back]    82:59   error  Expected linebreaks to be 'LF' but found 'CRLF'  linebreak-style
[lint.back]    83:6    error  Expected linebreaks to be 'LF' but found 'CRLF'  linebreak-style
[lint.back]    84:5    error  Expected linebreaks to be 'LF' but found 'CRLF'  linebreak-style
[lint.back]    85:1    error  Expected linebreaks to be 'LF' but found 'CRLF'  linebreak-style
[lint.back]    86:5    error  Expected linebreaks to be 'LF' but found 'CRLF'  linebreak-style
[lint.back]    87:32   error  Expected linebreaks to be 'LF' but found 'CRLF'  linebreak-style
[lint.back]    88:5    error  Expected linebreaks to be 'LF' but found 'CRLF'  linebreak-style
[lint.back]    89:86   error  Expected linebreaks to be 'LF' but found 'CRLF'  linebreak-style
[lint.back]    90:39   error  Expected linebreaks to be 'LF' but found 'CRLF'  linebreak-style
[lint.back]    91:89   error  Expected linebreaks to be 'LF' but found 'CRLF'  linebreak-style
[lint.back]    92:6    error  Expected linebreaks to be 'LF' but found 'CRLF'  linebreak-style
[lint.back]    93:10   error  Expected linebreaks to be 'LF' but found 'CRLF'  linebreak-style
[lint.back]    94:66   error  Expected linebreaks to be 'LF' but found 'CRLF'  linebreak-style
[lint.back]    95:86   error  Expected linebreaks to be 'LF' but found 'CRLF'  linebreak-style
[lint.back]    96:41   error  Expected linebreaks to be 'LF' but found 'CRLF'  linebreak-style
[lint.back]    97:9    error  Expected linebreaks to be 'LF' but found 'CRLF'  linebreak-style
[lint.back]    98:90   error  Expected linebreaks to be 'LF' but found 'CRLF'  linebreak-style
[lint.back]    99:42   error  Expected linebreaks to be 'LF' but found 'CRLF'  linebreak-style
[lint.back]   100:34   error  Expected linebreaks to be 'LF' but found 'CRLF'  linebreak-style
[lint.back]   101:10   error  Expected linebreaks to be 'LF' but found 'CRLF'  linebreak-style
[lint.back]   102:39   error  Expected linebreaks to be 'LF' but found 'CRLF'  linebreak-style
[lint.back]   103:66   error  Expected linebreaks to be 'LF' but found 'CRLF'  linebreak-style
[lint.back]   104:69   error  Expected linebreaks to be 'LF' but found 'CRLF'  linebreak-style
[lint.back]   105:11   error  Expected linebreaks to be 'LF' but found 'CRLF'  linebreak-style
[lint.back]   106:66   error  Expected linebreaks to be 'LF' but found 'CRLF'  linebreak-style
[lint.back]   107:10   error  Expected linebreaks to be 'LF' but found 'CRLF'  linebreak-style
[lint.back]   108:99   error  Expected linebreaks to be 'LF' but found 'CRLF'  linebreak-style
[lint.back]   109:25   error  Expected linebreaks to be 'LF' but found 'CRLF'  linebreak-style
[lint.back]   110:11   error  Expected linebreaks to be 'LF' but found 'CRLF'  linebreak-style
[lint.back]   111:9    error  Expected linebreaks to be 'LF' but found 'CRLF'  linebreak-style
[lint.back]   112:80   error  Expected linebreaks to be 'LF' but found 'CRLF'  linebreak-style
[lint.back]   113:42   error  Expected linebreaks to be 'LF' but found 'CRLF'  linebreak-style
[lint.back]   114:76   error  Expected linebreaks to be 'LF' but found 'CRLF'  linebreak-style
[lint.back]   115:43   error  Expected linebreaks to be 'LF' but found 'CRLF'  linebreak-style
[lint.back]   116:20   error  Expected linebreaks to be 'LF' but found 'CRLF'  linebreak-style
[lint.back]   117:59   error  Expected linebreaks to be 'LF' but found 'CRLF'  linebreak-style
[lint.back]   118:6    error  Expected linebreaks to be 'LF' but found 'CRLF'  linebreak-style
[lint.back]   119:5    error  Expected linebreaks to be 'LF' but found 'CRLF'  linebreak-style
[lint.back]   120:1    error  Expected linebreaks to be 'LF' but found 'CRLF'  linebreak-style
[lint.back]   121:5    error  Expected linebreaks to be 'LF' but found 'CRLF'  linebreak-style
[lint.back]   122:47   error  Expected linebreaks to be 'LF' but found 'CRLF'  linebreak-style
[lint.back]   123:5    error  Expected linebreaks to be 'LF' but found 'CRLF'  linebreak-style
[lint.back]   124:95   error  Expected linebreaks to be 'LF' but found 'CRLF'  linebreak-style
[lint.back]   125:10   error  Expected linebreaks to be 'LF' but found 'CRLF'  linebreak-style
[lint.back]   126:66   error  Expected linebreaks to be 'LF' but found 'CRLF'  linebreak-style
[lint.back]   127:86   error  Expected linebreaks to be 'LF' but found 'CRLF'  linebreak-style
[lint.back]   128:41   error  Expected linebreaks to be 'LF' but found 'CRLF'  linebreak-style
[lint.back]   129:9    error  Expected linebreaks to be 'LF' but found 'CRLF'  linebreak-style
[lint.back]   130:90   error  Expected linebreaks to be 'LF' but found 'CRLF'  linebreak-style
[lint.back]   131:42   error  Expected linebreaks to be 'LF' but found 'CRLF'  linebreak-style
[lint.back]   132:1    error  Expected linebreaks to be 'LF' but found 'CRLF'  linebreak-style
[lint.back]   133:27   error  Expected linebreaks to be 'LF' but found 'CRLF'  linebreak-style
[lint.back]   134:33   error  Expected linebreaks to be 'LF' but found 'CRLF'  linebreak-style
[lint.back]   135:44   error  Expected linebreaks to be 'LF' but found 'CRLF'  linebreak-style
[lint.back]   136:12   error  Expected linebreaks to be 'LF' but found 'CRLF'  linebreak-style
[lint.back]   137:41   error  Expected linebreaks to be 'LF' but found 'CRLF'  linebreak-style
[lint.back]   138:68   error  Expected linebreaks to be 'LF' but found 'CRLF'  linebreak-style
[lint.back]   139:60   error  Expected linebreaks to be 'LF' but found 'CRLF'  linebreak-style
[lint.back]   140:13   error  Expected linebreaks to be 'LF' but found 'CRLF'  linebreak-style
[lint.back]   141:80   error  Expected linebreaks to be 'LF' but found 'CRLF'  linebreak-style
[lint.back]   142:12   error  Expected linebreaks to be 'LF' but found 'CRLF'  linebreak-style
[lint.back]   143:90   error  Expected linebreaks to be 'LF' but found 'CRLF'  linebreak-style
[lint.back]   144:27   error  Expected linebreaks to be 'LF' but found 'CRLF'  linebreak-style
[lint.back]   145:13   error  Expected linebreaks to be 'LF' but found 'CRLF'  linebreak-style
[lint.back]   146:12   error  Expected linebreaks to be 'LF' but found 'CRLF'  linebreak-style
[lint.back]   147:10   error  Expected linebreaks to be 'LF' but found 'CRLF'  linebreak-style
[lint.back]   148:35   error  Expected linebreaks to be 'LF' but found 'CRLF'  linebreak-style
[lint.back]   149:80   error  Expected linebreaks to be 'LF' but found 'CRLF'  linebreak-style
[lint.back]   150:42   error  Expected linebreaks to be 'LF' but found 'CRLF'  linebreak-style
[lint.back]   151:88   error  Expected linebreaks to be 'LF' but found 'CRLF'  linebreak-style
[lint.back]   152:43   error  Expected linebreaks to be 'LF' but found 'CRLF'  linebreak-style
[lint.back]   153:20   error  Expected linebreaks to be 'LF' but found 'CRLF'  linebreak-style
[lint.back]   154:59   error  Expected linebreaks to be 'LF' but found 'CRLF'  linebreak-style
[lint.back]   155:6    error  Expected linebreaks to be 'LF' but found 'CRLF'  linebreak-style
[lint.back]   156:5    error  Expected linebreaks to be 'LF' but found 'CRLF'  linebreak-style
[lint.back]   157:2    error  Expected linebreaks to be 'LF' but found 'CRLF'  linebreak-style
[lint.back] 
[lint.back] D:\bridge\cashstory\api\server\models\v1\Workspace.ts
[lint.back]     1:9    error  Expected linebreaks to be 'LF' but found 'CRLF'  linebreak-style
[lint.back]     2:39   error  Expected linebreaks to be 'LF' but found 'CRLF'  linebreak-style
[lint.back]     3:19   error  Expected linebreaks to be 'LF' but found 'CRLF'  linebreak-style
[lint.back]     4:36   error  Expected linebreaks to be 'LF' but found 'CRLF'  linebreak-style
[lint.back]     5:48   error  Expected linebreaks to be 'LF' but found 'CRLF'  linebreak-style
[lint.back]     6:42   error  Expected linebreaks to be 'LF' but found 'CRLF'  linebreak-style
[lint.back]     7:59   error  Expected linebreaks to be 'LF' but found 'CRLF'  linebreak-style
[lint.back]     8:62   error  Expected linebreaks to be 'LF' but found 'CRLF'  linebreak-style
[lint.back]     9:1    error  Expected linebreaks to be 'LF' but found 'CRLF'  linebreak-style
[lint.back]    10:29   error  Expected linebreaks to be 'LF' but found 'CRLF'  linebreak-style
[lint.back]    11:1    error  Expected linebreaks to be 'LF' but found 'CRLF'  linebreak-style
[lint.back]    12:41   error  Expected linebreaks to be 'LF' but found 'CRLF'  linebreak-style
[lint.back]    13:17   error  Expected linebreaks to be 'LF' but found 'CRLF'  linebreak-style
[lint.back]    14:16   error  Expected linebreaks to be 'LF' but found 'CRLF'  linebreak-style
[lint.back]    15:17   error  Expected linebreaks to be 'LF' but found 'CRLF'  linebreak-style
[lint.back]    16:27   error  Expected linebreaks to be 'LF' but found 'CRLF'  linebreak-style
[lint.back]    17:17   error  Expected linebreaks to be 'LF' but found 'CRLF'  linebreak-style
[lint.back]    18:20   error  Expected linebreaks to be 'LF' but found 'CRLF'  linebreak-style
[lint.back]    19:27   error  Expected linebreaks to be 'LF' but found 'CRLF'  linebreak-style
[lint.back]    20:27   error  Expected linebreaks to be 'LF' but found 'CRLF'  linebreak-style
[lint.back]    21:28   error  Expected linebreaks to be 'LF' but found 'CRLF'  linebreak-style
[lint.back]    22:17   error  Expected linebreaks to be 'LF' but found 'CRLF'  linebreak-style
[lint.back]    23:18   error  Expected linebreaks to be 'LF' but found 'CRLF'  linebreak-style
[lint.back]    24:22   error  Expected linebreaks to be 'LF' but found 'CRLF'  linebreak-style
[lint.back]    25:14   error  Expected linebreaks to be 'LF' but found 'CRLF'  linebreak-style
[lint.back]    26:26   error  Expected linebreaks to be 'LF' but found 'CRLF'  linebreak-style
[lint.back]    27:29   error  Expected linebreaks to be 'LF' but found 'CRLF'  linebreak-style
[lint.back]    28:28   error  Expected linebreaks to be 'LF' but found 'CRLF'  linebreak-style
[lint.back]    29:21   error  Expected linebreaks to be 'LF' but found 'CRLF'  linebreak-style
[lint.back]    30:5    error  Expected linebreaks to be 'LF' but found 'CRLF'  linebreak-style
[lint.back]    31:16   error  Expected linebreaks to be 'LF' but found 'CRLF'  linebreak-style
[lint.back]    32:23   error  Expected linebreaks to be 'LF' but found 'CRLF'  linebreak-style
[lint.back]    33:16   error  Expected linebreaks to be 'LF' but found 'CRLF'  linebreak-style
[lint.back]    34:24   error  Expected linebreaks to be 'LF' but found 'CRLF'  linebreak-style
[lint.back]    35:20   error  Expected linebreaks to be 'LF' but found 'CRLF'  linebreak-style
[lint.back]    36:2    error  Expected linebreaks to be 'LF' but found 'CRLF'  linebreak-style
[lint.back]    37:1    error  Expected linebreaks to be 'LF' but found 'CRLF'  linebreak-style
[lint.back]    38:23   error  Expected linebreaks to be 'LF' but found 'CRLF'  linebreak-style
[lint.back]    39:14   error  Expected linebreaks to be 'LF' but found 'CRLF'  linebreak-style
[lint.back]    40:17   error  Expected linebreaks to be 'LF' but found 'CRLF'  linebreak-style
[lint.back]    41:20   error  Expected linebreaks to be 'LF' but found 'CRLF'  linebreak-style
[lint.back]    42:16   error  Expected linebreaks to be 'LF' but found 'CRLF'  linebreak-style
[lint.back]    43:16   error  Expected linebreaks to be 'LF' but found 'CRLF'  linebreak-style
[lint.back]    44:22   error  Expected linebreaks to be 'LF' but found 'CRLF'  linebreak-style
[lint.back]    45:2    error  Expected linebreaks to be 'LF' but found 'CRLF'  linebreak-style
[lint.back]    46:1    error  Expected linebreaks to be 'LF' but found 'CRLF'  linebreak-style
[lint.back]    47:24   error  Expected linebreaks to be 'LF' but found 'CRLF'  linebreak-style
[lint.back]    48:4    error  Expected linebreaks to be 'LF' but found 'CRLF'  linebreak-style
[lint.back]    49:21   error  Expected linebreaks to be 'LF' but found 'CRLF'  linebreak-style
[lint.back]    50:28   error  Expected linebreaks to be 'LF' but found 'CRLF'  linebreak-style
[lint.back]    51:18   error  Expected linebreaks to be 'LF' but found 'CRLF'  linebreak-style
[lint.back]    52:19   error  Expected linebreaks to be 'LF' but found 'CRLF'  linebreak-style
[lint.back]    53:29   error  Expected linebreaks to be 'LF' but found 'CRLF'  linebreak-style
[lint.back]    54:19   error  Expected linebreaks to be 'LF' but found 'CRLF'  linebreak-style
[lint.back]    55:24   error  Expected linebreaks to be 'LF' but found 'CRLF'  linebreak-style
[lint.back]    56:24   error  Expected linebreaks to be 'LF' but found 'CRLF'  linebreak-style
[lint.back]    57:19   error  Expected linebreaks to be 'LF' but found 'CRLF'  linebreak-style
[lint.back]    58:23   error  Expected linebreaks to be 'LF' but found 'CRLF'  linebreak-style
[lint.back]    59:18   error  Expected linebreaks to be 'LF' but found 'CRLF'  linebreak-style
[lint.back]    60:15   error  Expected linebreaks to be 'LF' but found 'CRLF'  linebreak-style
[lint.back]    61:27   error  Expected linebreaks to be 'LF' but found 'CRLF'  linebreak-style
[lint.back]    62:31   error  Expected linebreaks to be 'LF' but found 'CRLF'  linebreak-style
[lint.back]    63:30   error  Expected linebreaks to be 'LF' but found 'CRLF'  linebreak-style
[lint.back]    64:23   error  Expected linebreaks to be 'LF' but found 'CRLF'  linebreak-style
[lint.back]    65:7    error  Expected linebreaks to be 'LF' but found 'CRLF'  linebreak-style
[lint.back]    66:18   error  Expected linebreaks to be 'LF' but found 'CRLF'  linebreak-style
[lint.back]    67:24   error  Expected linebreaks to be 'LF' but found 'CRLF'  linebreak-style
[lint.back]    68:17   error  Expected linebreaks to be 'LF' but found 'CRLF'  linebreak-style
[lint.back]    69:25   error  Expected linebreaks to be 'LF' but found 'CRLF'  linebreak-style
[lint.back]    70:22   error  Expected linebreaks to be 'LF' but found 'CRLF'  linebreak-style
[lint.back]    71:5    error  Expected linebreaks to be 'LF' but found 'CRLF'  linebreak-style
[lint.back]    72:3    error  Expected linebreaks to be 'LF' but found 'CRLF'  linebreak-style
[lint.back]    73:1    error  Expected linebreaks to be 'LF' but found 'CRLF'  linebreak-style
[lint.back]    74:42   error  Expected linebreaks to be 'LF' but found 'CRLF'  linebreak-style
[lint.back]    75:17   error  Expected linebreaks to be 'LF' but found 'CRLF'  linebreak-style
[lint.back]    76:16   error  Expected linebreaks to be 'LF' but found 'CRLF'  linebreak-style
[lint.back]    77:21   error  Expected linebreaks to be 'LF' but found 'CRLF'  linebreak-style
[lint.back]    78:2    error  Expected linebreaks to be 'LF' but found 'CRLF'  linebreak-style
[lint.back]    79:1    error  Expected linebreaks to be 'LF' but found 'CRLF'  linebreak-style
[lint.back]    80:25   error  Expected linebreaks to be 'LF' but found 'CRLF'  linebreak-style
[lint.back]    81:4    error  Expected linebreaks to be 'LF' but found 'CRLF'  linebreak-style
[lint.back]    82:19   error  Expected linebreaks to be 'LF' but found 'CRLF'  linebreak-style
[lint.back]    83:18   error  Expected linebreaks to be 'LF' but found 'CRLF'  linebreak-style
[lint.back]    84:23   error  Expected linebreaks to be 'LF' but found 'CRLF'  linebreak-style
[lint.back]    85:5    error  Expected linebreaks to be 'LF' but found 'CRLF'  linebreak-style
[lint.back]    86:18   error  Expected linebreaks to be 'LF' but found 'CRLF'  linebreak-style
[lint.back]    87:3    error  Expected linebreaks to be 'LF' but found 'CRLF'  linebreak-style
[lint.back]    88:1    error  Expected linebreaks to be 'LF' but found 'CRLF'  linebreak-style
[lint.back]    89:42   error  Expected linebreaks to be 'LF' but found 'CRLF'  linebreak-style
[lint.back]    90:15   error  Expected linebreaks to be 'LF' but found 'CRLF'  linebreak-style
[lint.back]    91:16   error  Expected linebreaks to be 'LF' but found 'CRLF'  linebreak-style
[lint.back]    92:2    error  Expected linebreaks to be 'LF' but found 'CRLF'  linebreak-style
[lint.back]    93:1    error  Expected linebreaks to be 'LF' but found 'CRLF'  linebreak-style
[lint.back]    94:32   error  Expected linebreaks to be 'LF' but found 'CRLF'  linebreak-style
[lint.back]    95:4    error  Expected linebreaks to be 'LF' but found 'CRLF'  linebreak-style
[lint.back]    96:17   error  Expected linebreaks to be 'LF' but found 'CRLF'  linebreak-style
[lint.back]    97:18   error  Expected linebreaks to be 'LF' but found 'CRLF'  linebreak-style
[lint.back]    98:5    error  Expected linebreaks to be 'LF' but found 'CRLF'  linebreak-style
[lint.back]    99:18   error  Expected linebreaks to be 'LF' but found 'CRLF'  linebreak-style
[lint.back]   100:3    error  Expected linebreaks to be 'LF' but found 'CRLF'  linebreak-style
[lint.back]   101:1    error  Expected linebreaks to be 'LF' but found 'CRLF'  linebreak-style
[lint.back]   102:45   error  Expected linebreaks to be 'LF' but found 'CRLF'  linebreak-style
[lint.back]   103:14   error  Expected linebreaks to be 'LF' but found 'CRLF'  linebreak-style
[lint.back]   104:17   error  Expected linebreaks to be 'LF' but found 'CRLF'  linebreak-style
[lint.back]   105:23   error  Expected linebreaks to be 'LF' but found 'CRLF'  linebreak-style
[lint.back]   106:15   error  Expected linebreaks to be 'LF' but found 'CRLF'  linebreak-style
[lint.back]   107:2    error  Expected linebreaks to be 'LF' but found 'CRLF'  linebreak-style
[lint.back]   108:1    error  Expected linebreaks to be 'LF' but found 'CRLF'  linebreak-style
[lint.back]   109:28   error  Expected linebreaks to be 'LF' but found 'CRLF'  linebreak-style
[lint.back]   110:4    error  Expected linebreaks to be 'LF' but found 'CRLF'  linebreak-style
[lint.back]   111:16   error  Expected linebreaks to be 'LF' but found 'CRLF'  linebreak-style
[lint.back]   112:19   error  Expected linebreaks to be 'LF' but found 'CRLF'  linebreak-style
[lint.back]   113:25   error  Expected linebreaks to be 'LF' but found 'CRLF'  linebreak-style
[lint.back]   114:16   error  Expected linebreaks to be 'LF' but found 'CRLF'  linebreak-style
[lint.back]   115:5    error  Expected linebreaks to be 'LF' but found 'CRLF'  linebreak-style
[lint.back]   116:18   error  Expected linebreaks to be 'LF' but found 'CRLF'  linebreak-style
[lint.back]   117:3    error  Expected linebreaks to be 'LF' but found 'CRLF'  linebreak-style
[lint.back]   118:1    error  Expected linebreaks to be 'LF' but found 'CRLF'  linebreak-style
[lint.back]   119:46   error  Expected linebreaks to be 'LF' but found 'CRLF'  linebreak-style
[lint.back]   120:17   error  Expected linebreaks to be 'LF' but found 'CRLF'  linebreak-style
[lint.back]   121:16   error  Expected linebreaks to be 'LF' but found 'CRLF'  linebreak-style
[lint.back]   122:23   error  Expected linebreaks to be 'LF' but found 'CRLF'  linebreak-style
[lint.back]   123:15   error  Expected linebreaks to be 'LF' but found 'CRLF'  linebreak-style
[lint.back]   124:22   error  Expected linebreaks to be 'LF' but found 'CRLF'  linebreak-style
[lint.back]   125:17   error  Expected linebreaks to be 'LF' but found 'CRLF'  linebreak-style
[lint.back]   126:24   error  Expected linebreaks to be 'LF' but found 'CRLF'  linebreak-style
[lint.back]   127:2    error  Expected linebreaks to be 'LF' but found 'CRLF'  linebreak-style
[lint.back]   128:1    error  Expected linebreaks to be 'LF' but found 'CRLF'  linebreak-style
[lint.back]   129:43   error  Expected linebreaks to be 'LF' but found 'CRLF'  linebreak-style
[lint.back]   130:4    error  Expected linebreaks to be 'LF' but found 'CRLF'  linebreak-style
[lint.back]   131:11   error  Expected linebreaks to be 'LF' but found 'CRLF'  linebreak-style
[lint.back]   132:22   error  Expected linebreaks to be 'LF' but found 'CRLF'  linebreak-style
[lint.back]   133:18   error  Expected linebreaks to be 'LF' but found 'CRLF'  linebreak-style
[lint.back]   134:7    error  Expected linebreaks to be 'LF' but found 'CRLF'  linebreak-style
[lint.back]   135:18   error  Expected linebreaks to be 'LF' but found 'CRLF'  linebreak-style
[lint.back]   136:25   error  Expected linebreaks to be 'LF' but found 'CRLF'  linebreak-style
[lint.back]   137:16   error  Expected linebreaks to be 'LF' but found 'CRLF'  linebreak-style
[lint.back]   138:23   error  Expected linebreaks to be 'LF' but found 'CRLF'  linebreak-style
[lint.back]   139:18   error  Expected linebreaks to be 'LF' but found 'CRLF'  linebreak-style
[lint.back]   140:25   error  Expected linebreaks to be 'LF' but found 'CRLF'  linebreak-style
[lint.back]   141:5    error  Expected linebreaks to be 'LF' but found 'CRLF'  linebreak-style
[lint.back]   142:24   error  Expected linebreaks to be 'LF' but found 'CRLF'  linebreak-style
[lint.back]   143:3    error  Expected linebreaks to be 'LF' but found 'CRLF'  linebreak-style
[lint.back]   144:1    error  Expected linebreaks to be 'LF' but found 'CRLF'  linebreak-style
[lint.back]   145:51   error  Expected linebreaks to be 'LF' but found 'CRLF'  linebreak-style
[lint.back]   146:1    error  Expected linebreaks to be 'LF' but found 'CRLF'  linebreak-style
[lint.back]   147:32   error  Expected linebreaks to be 'LF' but found 'CRLF'  linebreak-style
[lint.back]   148:24   error  Expected linebreaks to be 'LF' but found 'CRLF'  linebreak-style
[lint.back]   149:50   error  Expected linebreaks to be 'LF' but found 'CRLF'  linebreak-style
[lint.back]   150:20   error  Expected linebreaks to be 'LF' but found 'CRLF'  linebreak-style
[lint.back]   151:16   error  Expected linebreaks to be 'LF' but found 'CRLF'  linebreak-style
[lint.back]   152:5    error  Expected linebreaks to be 'LF' but found 'CRLF'  linebreak-style
[lint.back]   153:4    error  Expected linebreaks to be 'LF' but found 'CRLF'  linebreak-style
[lint.back]   154:1    error  Expected linebreaks to be 'LF' but found 'CRLF'  linebreak-style
[lint.back]   155:32   error  Expected linebreaks to be 'LF' but found 'CRLF'  linebreak-style
[lint.back]   156:53   error  Expected linebreaks to be 'LF' but found 'CRLF'  linebreak-style
[lint.back]   157:58   error  Expected linebreaks to be 'LF' but found 'CRLF'  linebreak-style
[lint.back]   158:40   error  Expected linebreaks to be 'LF' but found 'CRLF'  linebreak-style
[lint.back]   159:8    error  Expected linebreaks to be 'LF' but found 'CRLF'  linebreak-style
[lint.back]   160:51   error  Expected linebreaks to be 'LF' but found 'CRLF'  linebreak-style
[lint.back]   161:4    error  Expected linebreaks to be 'LF' but found 'CRLF'  linebreak-style
[lint.back]   162:3    error  Expected linebreaks to be 'LF' but found 'CRLF'  linebreak-style
[lint.back]   163:1    error  Expected linebreaks to be 'LF' but found 'CRLF'  linebreak-style
[lint.back]   164:57   error  Expected linebreaks to be 'LF' but found 'CRLF'  linebreak-style
[lint.back]   165:21   error  Expected linebreaks to be 'LF' but found 'CRLF'  linebreak-style
[lint.back]   166:10   error  Expected linebreaks to be 'LF' but found 'CRLF'  linebreak-style
[lint.back]   167:4    error  Expected linebreaks to be 'LF' but found 'CRLF'  linebreak-style
[lint.back]   168:1    error  Expected linebreaks to be 'LF' but found 'CRLF'  linebreak-style
[lint.back]   169:59   error  Expected linebreaks to be 'LF' but found 'CRLF'  linebreak-style
[lint.back]   170:21   error  Expected linebreaks to be 'LF' but found 'CRLF'  linebreak-style
[lint.back]   171:10   error  Expected linebreaks to be 'LF' but found 'CRLF'  linebreak-style
[lint.back]   172:4    error  Expected linebreaks to be 'LF' but found 'CRLF'  linebreak-style
[lint.back]   173:1    error  Expected linebreaks to be 'LF' but found 'CRLF'  linebreak-style
[lint.back]   174:69   error  Expected linebreaks to be 'LF' but found 'CRLF'  linebreak-style
[lint.back]   175:21   error  Expected linebreaks to be 'LF' but found 'CRLF'  linebreak-style
[lint.back]   176:10   error  Expected linebreaks to be 'LF' but found 'CRLF'  linebreak-style
[lint.back]   177:4    error  Expected linebreaks to be 'LF' but found 'CRLF'  linebreak-style
[lint.back]   178:1    error  Expected linebreaks to be 'LF' but found 'CRLF'  linebreak-style
[lint.back]   179:62   error  Expected linebreaks to be 'LF' but found 'CRLF'  linebreak-style
[lint.back]   180:21   error  Expected linebreaks to be 'LF' but found 'CRLF'  linebreak-style
[lint.back]   181:10   error  Expected linebreaks to be 'LF' but found 'CRLF'  linebreak-style
[lint.back]   182:4    error  Expected linebreaks to be 'LF' but found 'CRLF'  linebreak-style
[lint.back]   183:1    error  Expected linebreaks to be 'LF' but found 'CRLF'  linebreak-style
[lint.back]   184:62   error  Expected linebreaks to be 'LF' but found 'CRLF'  linebreak-style
[lint.back]   185:21   error  Expected linebreaks to be 'LF' but found 'CRLF'  linebreak-style
[lint.back]   186:10   error  Expected linebreaks to be 'LF' but found 'CRLF'  linebreak-style
[lint.back]   187:4    error  Expected linebreaks to be 'LF' but found 'CRLF'  linebreak-style
[lint.back]   188:1    error  Expected linebreaks to be 'LF' but found 'CRLF'  linebreak-style
[lint.back]   189:102  error  Expected linebreaks to be 'LF' but found 'CRLF'  linebreak-style
[lint.back] 
[lint.back] D:\bridge\cashstory\api\server\services\seedDb.ts
[lint.back]      1:47   error  Expected linebreaks to be 'LF' but found 'CRLF'  linebreak-style
[lint.back]      2:57   error  Expected linebreaks to be 'LF' but found 'CRLF'  linebreak-style
[lint.back]      3:41   error  Expected linebreaks to be 'LF' but found 'CRLF'  linebreak-style
[lint.back]      4:1    error  Expected linebreaks to be 'LF' but found 'CRLF'  linebreak-style
[lint.back]      5:31   error  Expected linebreaks to be 'LF' but found 'CRLF'  linebreak-style
[lint.back]      6:41   error  Expected linebreaks to be 'LF' but found 'CRLF'  linebreak-style
[lint.back]      7:1    error  Expected linebreaks to be 'LF' but found 'CRLF'  linebreak-style
[lint.back]      8:35   error  Expected linebreaks to be 'LF' but found 'CRLF'  linebreak-style
[lint.back]      9:8    error  Expected linebreaks to be 'LF' but found 'CRLF'  linebreak-style
[lint.back]     10:22   error  Expected linebreaks to be 'LF' but found 'CRLF'  linebreak-style
[lint.back]     11:25   error  Expected linebreaks to be 'LF' but found 'CRLF'  linebreak-style
[lint.back]     12:7    error  Expected linebreaks to be 'LF' but found 'CRLF'  linebreak-style
[lint.back]     13:56   error  Expected linebreaks to be 'LF' but found 'CRLF'  linebreak-style
[lint.back]     14:22   error  Expected linebreaks to be 'LF' but found 'CRLF'  linebreak-style
[lint.back]     15:51   error  Expected linebreaks to be 'LF' but found 'CRLF'  linebreak-style
[lint.back]     16:47   error  Expected linebreaks to be 'LF' but found 'CRLF'  linebreak-style
[lint.back]     17:6    error  Expected linebreaks to be 'LF' but found 'CRLF'  linebreak-style
[lint.back]     18:53   error  Expected linebreaks to be 'LF' but found 'CRLF'  linebreak-style
[lint.back]     19:22   error  Expected linebreaks to be 'LF' but found 'CRLF'  linebreak-style
[lint.back]     20:18   error  Expected linebreaks to be 'LF' but found 'CRLF'  linebreak-style
[lint.back]     21:45   error  Expected linebreaks to be 'LF' but found 'CRLF'  linebreak-style
[lint.back]     22:17   error  Expected linebreaks to be 'LF' but found 'CRLF'  linebreak-style
[lint.back]     23:4    error  Expected linebreaks to be 'LF' but found 'CRLF'  linebreak-style
[lint.back]     24:3    error  Expected linebreaks to be 'LF' but found 'CRLF'  linebreak-style
[lint.back]     25:1    error  Expected linebreaks to be 'LF' but found 'CRLF'  linebreak-style
[lint.back]     26:45   error  Expected linebreaks to be 'LF' but found 'CRLF'  linebreak-style
[lint.back]     27:8    error  Expected linebreaks to be 'LF' but found 'CRLF'  linebreak-style
[lint.back]     28:22   error  Expected linebreaks to be 'LF' but found 'CRLF'  linebreak-style
[lint.back]     29:26   error  Expected linebreaks to be 'LF' but found 'CRLF'  linebreak-style
[lint.back]     30:7    error  Expected linebreaks to be 'LF' but found 'CRLF'  linebreak-style
[lint.back]     31:59   error  Expected linebreaks to be 'LF' but found 'CRLF'  linebreak-style
[lint.back]     32:20   error  Expected linebreaks to be 'LF' but found 'CRLF'  linebreak-style
[lint.back]     33:53   error  Expected linebreaks to be 'LF' but found 'CRLF'  linebreak-style
[lint.back]     34:57   error  Expected linebreaks to be 'LF' but found 'CRLF'  linebreak-style
[lint.back]     35:6    error  Expected linebreaks to be 'LF' but found 'CRLF'  linebreak-style
[lint.back]     36:55   error  Expected linebreaks to be 'LF' but found 'CRLF'  linebreak-style
[lint.back]     37:20   error  Expected linebreaks to be 'LF' but found 'CRLF'  linebreak-style
[lint.back]     38:18   error  Expected linebreaks to be 'LF' but found 'CRLF'  linebreak-style
[lint.back]     39:47   error  Expected linebreaks to be 'LF' but found 'CRLF'  linebreak-style
[lint.back]     40:17   error  Expected linebreaks to be 'LF' but found 'CRLF'  linebreak-style
[lint.back]     41:4    error  Expected linebreaks to be 'LF' but found 'CRLF'  linebreak-style
[lint.back]     42:3    error  Expected linebreaks to be 'LF' but found 'CRLF'  linebreak-style
[lint.back]     43:1    error  Expected linebreaks to be 'LF' but found 'CRLF'  linebreak-style
[lint.back]     44:56   error  Expected linebreaks to be 'LF' but found 'CRLF'  linebreak-style
[lint.back]     45:14   error  Expected linebreaks to be 'LF' but found 'CRLF'  linebreak-style
[lint.back]     46:39   error  Expected linebreaks to be 'LF' but found 'CRLF'  linebreak-style
[lint.back]     47:29   error  Expected linebreaks to be 'LF' but found 'CRLF'  linebreak-style
[lint.back]     48:43   error  Expected linebreaks to be 'LF' but found 'CRLF'  linebreak-style
[lint.back]     49:46   error  Expected linebreaks to be 'LF' but found 'CRLF'  linebreak-style
[lint.back]     50:11   error  Expected linebreaks to be 'LF' but found 'CRLF'  linebreak-style
[lint.back]     51:40   error  Expected linebreaks to be 'LF' but found 'CRLF'  linebreak-style
[lint.back]     52:43   error  Expected linebreaks to be 'LF' but found 'CRLF'  linebreak-style
[lint.back]     53:68   error  Expected linebreaks to be 'LF' but found 'CRLF'  linebreak-style
[lint.back]     54:4    error  Expected linebreaks to be 'LF' but found 'CRLF'  linebreak-style
[lint.back]     55:3    error  Expected linebreaks to be 'LF' but found 'CRLF'  linebreak-style
[lint.back]     56:1    error  Expected linebreaks to be 'LF' but found 'CRLF'  linebreak-style
[lint.back]     57:36   error  Expected linebreaks to be 'LF' but found 'CRLF'  linebreak-style
[lint.back]     58:47   error  Expected linebreaks to be 'LF' but found 'CRLF'  linebreak-style
[lint.back]     59:26   error  Expected linebreaks to be 'LF' but found 'CRLF'  linebreak-style
[lint.back]     60:39   error  Expected linebreaks to be 'LF' but found 'CRLF'  linebreak-style
[lint.back]     61:14   error  Expected linebreaks to be 'LF' but found 'CRLF'  linebreak-style
[lint.back]     62:49   error  Expected linebreaks to be 'LF' but found 'CRLF'  linebreak-style
[lint.back]     63:28   error  Expected linebreaks to be 'LF' but found 'CRLF'  linebreak-style
[lint.back]     64:9    error  Expected linebreaks to be 'LF' but found 'CRLF'  linebreak-style
[lint.back]     65:21   error  Expected linebreaks to be 'LF' but found 'CRLF'  linebreak-style
[lint.back]     66:22   error  Expected linebreaks to be 'LF' but found 'CRLF'  linebreak-style
[lint.back]     67:14   error  Expected linebreaks to be 'LF' but found 'CRLF'  linebreak-style
[lint.back]     68:10   error  Expected linebreaks to be 'LF' but found 'CRLF'  linebreak-style
[lint.back]     69:31   error  Expected linebreaks to be 'LF' but found 'CRLF'  linebreak-style
[lint.back]     70:23   error  Expected linebreaks to be 'LF' but found 'CRLF'  linebreak-style
[lint.back]     71:24   error  Expected linebreaks to be 'LF' but found 'CRLF'  linebreak-style
[lint.back]     72:11   error  Expected linebreaks to be 'LF' but found 'CRLF'  linebreak-style
[lint.back]     73:10   error  Expected linebreaks to be 'LF' but found 'CRLF'  linebreak-style
[lint.back]     74:33   error  Expected linebreaks to be 'LF' but found 'CRLF'  linebreak-style
[lint.back]     75:25   error  Expected linebreaks to be 'LF' but found 'CRLF'  linebreak-style
[lint.back]     76:24   error  Expected linebreaks to be 'LF' but found 'CRLF'  linebreak-style
[lint.back]     77:11   error  Expected linebreaks to be 'LF' but found 'CRLF'  linebreak-style
[lint.back]     78:10   error  Expected linebreaks to be 'LF' but found 'CRLF'  linebreak-style
[lint.back]     79:34   error  Expected linebreaks to be 'LF' but found 'CRLF'  linebreak-style
[lint.back]     80:24   error  Expected linebreaks to be 'LF' but found 'CRLF'  linebreak-style
[lint.back]     81:24   error  Expected linebreaks to be 'LF' but found 'CRLF'  linebreak-style
[lint.back]     82:11   error  Expected linebreaks to be 'LF' but found 'CRLF'  linebreak-style
[lint.back]     83:10   error  Expected linebreaks to be 'LF' but found 'CRLF'  linebreak-style
[lint.back]     84:33   error  Expected linebreaks to be 'LF' but found 'CRLF'  linebreak-style
[lint.back]     85:24   error  Expected linebreaks to be 'LF' but found 'CRLF'  linebreak-style
[lint.back]     86:24   error  Expected linebreaks to be 'LF' but found 'CRLF'  linebreak-style
[lint.back]     87:11   error  Expected linebreaks to be 'LF' but found 'CRLF'  linebreak-style
[lint.back]     88:10   error  Expected linebreaks to be 'LF' but found 'CRLF'  linebreak-style
[lint.back]     89:32   error  Expected linebreaks to be 'LF' but found 'CRLF'  linebreak-style
[lint.back]     90:25   error  Expected linebreaks to be 'LF' but found 'CRLF'  linebreak-style
[lint.back]     91:24   error  Expected linebreaks to be 'LF' but found 'CRLF'  linebreak-style
[lint.back]     92:11   error  Expected linebreaks to be 'LF' but found 'CRLF'  linebreak-style
[lint.back]     93:10   error  Expected linebreaks to be 'LF' but found 'CRLF'  linebreak-style
[lint.back]     94:33   error  Expected linebreaks to be 'LF' but found 'CRLF'  linebreak-style
[lint.back]     95:34   error  Expected linebreaks to be 'LF' but found 'CRLF'  linebreak-style
[lint.back]     96:24   error  Expected linebreaks to be 'LF' but found 'CRLF'  linebreak-style
[lint.back]     97:11   error  Expected linebreaks to be 'LF' but found 'CRLF'  linebreak-style
[lint.back]     98:10   error  Expected linebreaks to be 'LF' but found 'CRLF'  linebreak-style
[lint.back]     99:36   error  Expected linebreaks to be 'LF' but found 'CRLF'  linebreak-style
[lint.back]    100:33   error  Expected linebreaks to be 'LF' but found 'CRLF'  linebreak-style
[lint.back]    101:24   error  Expected linebreaks to be 'LF' but found 'CRLF'  linebreak-style
[lint.back]    102:11   error  Expected linebreaks to be 'LF' but found 'CRLF'  linebreak-style
[lint.back]    103:10   error  Expected linebreaks to be 'LF' but found 'CRLF'  linebreak-style
[lint.back]    104:31   error  Expected linebreaks to be 'LF' but found 'CRLF'  linebreak-style
[lint.back]    105:25   error  Expected linebreaks to be 'LF' but found 'CRLF'  linebreak-style
[lint.back]    106:24   error  Expected linebreaks to be 'LF' but found 'CRLF'  linebreak-style
[lint.back]    107:11   error  Expected linebreaks to be 'LF' but found 'CRLF'  linebreak-style
[lint.back]    108:10   error  Expected linebreaks to be 'LF' but found 'CRLF'  linebreak-style
[lint.back]    109:26   error  Expected linebreaks to be 'LF' but found 'CRLF'  linebreak-style
[lint.back]    110:25   error  Expected linebreaks to be 'LF' but found 'CRLF'  linebreak-style
[lint.back]    111:24   error  Expected linebreaks to be 'LF' but found 'CRLF'  linebreak-style
[lint.back]    112:11   error  Expected linebreaks to be 'LF' but found 'CRLF'  linebreak-style
[lint.back]    113:9    error  Expected linebreaks to be 'LF' but found 'CRLF'  linebreak-style
[lint.back]    114:18   error  Expected linebreaks to be 'LF' but found 'CRLF'  linebreak-style
[lint.back]    115:10   error  Expected linebreaks to be 'LF' but found 'CRLF'  linebreak-style
[lint.back]    116:17   error  Expected linebreaks to be 'LF' but found 'CRLF'  linebreak-style
[lint.back]    117:14   error  Expected linebreaks to be 'LF' but found 'CRLF'  linebreak-style
[lint.back]    118:32   error  Expected linebreaks to be 'LF' but found 'CRLF'  linebreak-style
[lint.back]    119:47   error  Expected linebreaks to be 'LF' but found 'CRLF'  linebreak-style
[lint.back]    120:40   error  Expected linebreaks to be 'LF' but found 'CRLF'  linebreak-style
[lint.back]    121:32   error  Expected linebreaks to be 'LF' but found 'CRLF'  linebreak-style
[lint.back]    122:42   error  Expected linebreaks to be 'LF' but found 'CRLF'  linebreak-style
[lint.back]    123:28   error  Expected linebreaks to be 'LF' but found 'CRLF'  linebreak-style
[lint.back]    124:25   error  Expected linebreaks to be 'LF' but found 'CRLF'  linebreak-style
[lint.back]    125:29   error  Expected linebreaks to be 'LF' but found 'CRLF'  linebreak-style
[lint.back]    126:117  error  Expected linebreaks to be 'LF' but found 'CRLF'  linebreak-style
[lint.back]    127:56   error  Expected linebreaks to be 'LF' but found 'CRLF'  linebreak-style
[lint.back]    128:33   error  Expected linebreaks to be 'LF' but found 'CRLF'  linebreak-style
[lint.back]    129:27   error  Expected linebreaks to be 'LF' but found 'CRLF'  linebreak-style
[lint.back]    130:42   error  Expected linebreaks to be 'LF' but found 'CRLF'  linebreak-style
[lint.back]    131:23   error  Expected linebreaks to be 'LF' but found 'CRLF'  linebreak-style
[lint.back]    132:48   error  Expected linebreaks to be 'LF' but found 'CRLF'  linebreak-style
[lint.back]    133:39   error  Expected linebreaks to be 'LF' but found 'CRLF'  linebreak-style
[lint.back]    134:17   error  Expected linebreaks to be 'LF' but found 'CRLF'  linebreak-style
[lint.back]    135:15   error  Expected linebreaks to be 'LF' but found 'CRLF'  linebreak-style
[lint.back]    136:14   error  Expected linebreaks to be 'LF' but found 'CRLF'  linebreak-style
[lint.back]    137:32   error  Expected linebreaks to be 'LF' but found 'CRLF'  linebreak-style
[lint.back]    138:47   error  Expected linebreaks to be 'LF' but found 'CRLF'  linebreak-style
[lint.back]    139:42   error  Expected linebreaks to be 'LF' but found 'CRLF'  linebreak-style
[lint.back]    140:32   error  Expected linebreaks to be 'LF' but found 'CRLF'  linebreak-style
[lint.back]    141:42   error  Expected linebreaks to be 'LF' but found 'CRLF'  linebreak-style
[lint.back]    142:28   error  Expected linebreaks to be 'LF' but found 'CRLF'  linebreak-style
[lint.back]    143:25   error  Expected linebreaks to be 'LF' but found 'CRLF'  linebreak-style
[lint.back]    144:29   error  Expected linebreaks to be 'LF' but found 'CRLF'  linebreak-style
[lint.back]    145:155  error  Expected linebreaks to be 'LF' but found 'CRLF'  linebreak-style
[lint.back]    146:70   error  Expected linebreaks to be 'LF' but found 'CRLF'  linebreak-style
[lint.back]    147:33   error  Expected linebreaks to be 'LF' but found 'CRLF'  linebreak-style
[lint.back]    148:27   error  Expected linebreaks to be 'LF' but found 'CRLF'  linebreak-style
[lint.back]    149:23   error  Expected linebreaks to be 'LF' but found 'CRLF'  linebreak-style
[lint.back]    150:47   error  Expected linebreaks to be 'LF' but found 'CRLF'  linebreak-style
[lint.back]    151:38   error  Expected linebreaks to be 'LF' but found 'CRLF'  linebreak-style
[lint.back]    152:17   error  Expected linebreaks to be 'LF' but found 'CRLF'  linebreak-style
[lint.back]    153:15   error  Expected linebreaks to be 'LF' but found 'CRLF'  linebreak-style
[lint.back]    154:14   error  Expected linebreaks to be 'LF' but found 'CRLF'  linebreak-style
[lint.back]    155:32   error  Expected linebreaks to be 'LF' but found 'CRLF'  linebreak-style
[lint.back]    156:47   error  Expected linebreaks to be 'LF' but found 'CRLF'  linebreak-style
[lint.back]    157:46   error  Expected linebreaks to be 'LF' but found 'CRLF'  linebreak-style
[lint.back]    158:32   error  Expected linebreaks to be 'LF' but found 'CRLF'  linebreak-style
[lint.back]    159:42   error  Expected linebreaks to be 'LF' but found 'CRLF'  linebreak-style
[lint.back]    160:28   error  Expected linebreaks to be 'LF' but found 'CRLF'  linebreak-style
[lint.back]    161:25   error  Expected linebreaks to be 'LF' but found 'CRLF'  linebreak-style
[lint.back]    162:29   error  Expected linebreaks to be 'LF' but found 'CRLF'  linebreak-style
[lint.back]    163:158  error  Expected linebreaks to be 'LF' but found 'CRLF'  linebreak-style
[lint.back]    164:70   error  Expected linebreaks to be 'LF' but found 'CRLF'  linebreak-style
[lint.back]    165:33   error  Expected linebreaks to be 'LF' but found 'CRLF'  linebreak-style
[lint.back]    166:27   error  Expected linebreaks to be 'LF' but found 'CRLF'  linebreak-style
[lint.back]    167:15   error  Expected linebreaks to be 'LF' but found 'CRLF'  linebreak-style
[lint.back]    168:14   error  Expected linebreaks to be 'LF' but found 'CRLF'  linebreak-style
[lint.back]    169:32   error  Expected linebreaks to be 'LF' but found 'CRLF'  linebreak-style
[lint.back]    170:47   error  Expected linebreaks to be 'LF' but found 'CRLF'  linebreak-style
[lint.back]    171:36   error  Expected linebreaks to be 'LF' but found 'CRLF'  linebreak-style
[lint.back]    172:32   error  Expected linebreaks to be 'LF' but found 'CRLF'  linebreak-style
[lint.back]    173:32   error  Expected linebreaks to be 'LF' but found 'CRLF'  linebreak-style
[lint.back]    174:42   error  Expected linebreaks to be 'LF' but found 'CRLF'  linebreak-style
[lint.back]    175:28   error  Expected linebreaks to be 'LF' but found 'CRLF'  linebreak-style
[lint.back]    176:25   error  Expected linebreaks to be 'LF' but found 'CRLF'  linebreak-style
[lint.back]    177:29   error  Expected linebreaks to be 'LF' but found 'CRLF'  linebreak-style
[lint.back]    178:158  error  Expected linebreaks to be 'LF' but found 'CRLF'  linebreak-style
[lint.back]    179:61   error  Expected linebreaks to be 'LF' but found 'CRLF'  linebreak-style
[lint.back]    180:33   error  Expected linebreaks to be 'LF' but found 'CRLF'  linebreak-style
[lint.back]    181:27   error  Expected linebreaks to be 'LF' but found 'CRLF'  linebreak-style
[lint.back]    182:23   error  Expected linebreaks to be 'LF' but found 'CRLF'  linebreak-style
[lint.back]    183:58   error  Expected linebreaks to be 'LF' but found 'CRLF'  linebreak-style
[lint.back]    184:41   error  Expected linebreaks to be 'LF' but found 'CRLF'  linebreak-style
[lint.back]    185:17   error  Expected linebreaks to be 'LF' but found 'CRLF'  linebreak-style
[lint.back]    186:15   error  Expected linebreaks to be 'LF' but found 'CRLF'  linebreak-style
[lint.back]    187:13   error  Expected linebreaks to be 'LF' but found 'CRLF'  linebreak-style
[lint.back]    188:17   error  Expected linebreaks to be 'LF' but found 'CRLF'  linebreak-style
[lint.back]    189:28   error  Expected linebreaks to be 'LF' but found 'CRLF'  linebreak-style
[lint.back]    190:78   error  Expected linebreaks to be 'LF' but found 'CRLF'  linebreak-style
[lint.back]    191:11   error  Expected linebreaks to be 'LF' but found 'CRLF'  linebreak-style
[lint.back]    192:10   error  Expected linebreaks to be 'LF' but found 'CRLF'  linebreak-style
[lint.back]    193:17   error  Expected linebreaks to be 'LF' but found 'CRLF'  linebreak-style
[lint.back]    194:14   error  Expected linebreaks to be 'LF' but found 'CRLF'  linebreak-style
[lint.back]    195:30   error  Expected linebreaks to be 'LF' but found 'CRLF'  linebreak-style
[lint.back]    196:35   error  Expected linebreaks to be 'LF' but found 'CRLF'  linebreak-style
[lint.back]    197:39   error  Expected linebreaks to be 'LF' but found 'CRLF'  linebreak-style
[lint.back]    198:17   error  Expected linebreaks to be 'LF' but found 'CRLF'  linebreak-style
[lint.back]    199:47   error  Expected linebreaks to be 'LF' but found 'CRLF'  linebreak-style
[lint.back]    200:35   error  Expected linebreaks to be 'LF' but found 'CRLF'  linebreak-style
[lint.back]    201:40   error  Expected linebreaks to be 'LF' but found 'CRLF'  linebreak-style
[lint.back]    202:32   error  Expected linebreaks to be 'LF' but found 'CRLF'  linebreak-style
[lint.back]    203:42   error  Expected linebreaks to be 'LF' but found 'CRLF'  linebreak-style
[lint.back]    204:28   error  Expected linebreaks to be 'LF' but found 'CRLF'  linebreak-style
[lint.back]    205:25   error  Expected linebreaks to be 'LF' but found 'CRLF'  linebreak-style
[lint.back]    206:94   error  Expected linebreaks to be 'LF' but found 'CRLF'  linebreak-style
[lint.back]    207:50   error  Expected linebreaks to be 'LF' but found 'CRLF'  linebreak-style
[lint.back]    208:32   error  Expected linebreaks to be 'LF' but found 'CRLF'  linebreak-style
[lint.back]    209:27   error  Expected linebreaks to be 'LF' but found 'CRLF'  linebreak-style
[lint.back]    210:23   error  Expected linebreaks to be 'LF' but found 'CRLF'  linebreak-style
[lint.back]    211:47   error  Expected linebreaks to be 'LF' but found 'CRLF'  linebreak-style
[lint.back]    212:51   error  Expected linebreaks to be 'LF' but found 'CRLF'  linebreak-style
[lint.back]    213:17   error  Expected linebreaks to be 'LF' but found 'CRLF'  linebreak-style
[lint.back]    214:15   error  Expected linebreaks to be 'LF' but found 'CRLF'  linebreak-style
[lint.back]    215:13   error  Expected linebreaks to be 'LF' but found 'CRLF'  linebreak-style
[lint.back]    216:17   error  Expected linebreaks to be 'LF' but found 'CRLF'  linebreak-style
[lint.back]    217:33   error  Expected linebreaks to be 'LF' but found 'CRLF'  linebreak-style
[lint.back]    218:73   error  Expected linebreaks to be 'LF' but found 'CRLF'  linebreak-style
[lint.back]    219:11   error  Expected linebreaks to be 'LF' but found 'CRLF'  linebreak-style
[lint.back]    220:10   error  Expected linebreaks to be 'LF' but found 'CRLF'  linebreak-style
[lint.back]    221:17   error  Expected linebreaks to be 'LF' but found 'CRLF'  linebreak-style
[lint.back]    222:14   error  Expected linebreaks to be 'LF' but found 'CRLF'  linebreak-style
[lint.back]    223:32   error  Expected linebreaks to be 'LF' but found 'CRLF'  linebreak-style
[lint.back]    224:47   error  Expected linebreaks to be 'LF' but found 'CRLF'  linebreak-style
[lint.back]    225:47   error  Expected linebreaks to be 'LF' but found 'CRLF'  linebreak-style
[lint.back]    226:32   error  Expected linebreaks to be 'LF' but found 'CRLF'  linebreak-style
[lint.back]    227:42   error  Expected linebreaks to be 'LF' but found 'CRLF'  linebreak-style
[lint.back]    228:28   error  Expected linebreaks to be 'LF' but found 'CRLF'  linebreak-style
[lint.back]    229:25   error  Expected linebreaks to be 'LF' but found 'CRLF'  linebreak-style
[lint.back]    230:73   error  Expected linebreaks to be 'LF' but found 'CRLF'  linebreak-style
[lint.back]    231:107  error  Expected linebreaks to be 'LF' but found 'CRLF'  linebreak-style
[lint.back]    232:33   error  Expected linebreaks to be 'LF' but found 'CRLF'  linebreak-style
[lint.back]    233:27   error  Expected linebreaks to be 'LF' but found 'CRLF'  linebreak-style
[lint.back]    234:15   error  Expected linebreaks to be 'LF' but found 'CRLF'  linebreak-style
[lint.back]    235:14   error  Expected linebreaks to be 'LF' but found 'CRLF'  linebreak-style
[lint.back]    236:32   error  Expected linebreaks to be 'LF' but found 'CRLF'  linebreak-style
[lint.back]    237:47   error  Expected linebreaks to be 'LF' but found 'CRLF'  linebreak-style
[lint.back]    238:34   error  Expected linebreaks to be 'LF' but found 'CRLF'  linebreak-style
[lint.back]    239:32   error  Expected linebreaks to be 'LF' but found 'CRLF'  linebreak-style
[lint.back]    240:42   error  Expected linebreaks to be 'LF' but found 'CRLF'  linebreak-style
[lint.back]    241:28   error  Expected linebreaks to be 'LF' but found 'CRLF'  linebreak-style
[lint.back]    242:25   error  Expected linebreaks to be 'LF' but found 'CRLF'  linebreak-style
[lint.back]    243:85   error  Expected linebreaks to be 'LF' but found 'CRLF'  linebreak-style
[lint.back]    244:162  error  Expected linebreaks to be 'LF' but found 'CRLF'  linebreak-style
[lint.back]    245:33   error  Expected linebreaks to be 'LF' but found 'CRLF'  linebreak-style
[lint.back]    246:27   error  Expected linebreaks to be 'LF' but found 'CRLF'  linebreak-style
[lint.back]    247:15   error  Expected linebreaks to be 'LF' but found 'CRLF'  linebreak-style
[lint.back]    248:14   error  Expected linebreaks to be 'LF' but found 'CRLF'  linebreak-style
[lint.back]    249:32   error  Expected linebreaks to be 'LF' but found 'CRLF'  linebreak-style
[lint.back]    250:47   error  Expected linebreaks to be 'LF' but found 'CRLF'  linebreak-style
[lint.back]    251:34   error  Expected linebreaks to be 'LF' but found 'CRLF'  linebreak-style
[lint.back]    252:32   error  Expected linebreaks to be 'LF' but found 'CRLF'  linebreak-style
[lint.back]    253:42   error  Expected linebreaks to be 'LF' but found 'CRLF'  linebreak-style
[lint.back]    254:28   error  Expected linebreaks to be 'LF' but found 'CRLF'  linebreak-style
[lint.back]    255:25   error  Expected linebreaks to be 'LF' but found 'CRLF'  linebreak-style
[lint.back]    256:168  error  Expected linebreaks to be 'LF' but found 'CRLF'  linebreak-style
[lint.back]    257:49   error  Expected linebreaks to be 'LF' but found 'CRLF'  linebreak-style
[lint.back]    258:33   error  Expected linebreaks to be 'LF' but found 'CRLF'  linebreak-style
[lint.back]    259:27   error  Expected linebreaks to be 'LF' but found 'CRLF'  linebreak-style
[lint.back]    260:15   error  Expected linebreaks to be 'LF' but found 'CRLF'  linebreak-style
[lint.back]    261:14   error  Expected linebreaks to be 'LF' but found 'CRLF'  linebreak-style
[lint.back]    262:32   error  Expected linebreaks to be 'LF' but found 'CRLF'  linebreak-style
[lint.back]    263:47   error  Expected linebreaks to be 'LF' but found 'CRLF'  linebreak-style
[lint.back]    264:39   error  Expected linebreaks to be 'LF' but found 'CRLF'  linebreak-style
[lint.back]    265:32   error  Expected linebreaks to be 'LF' but found 'CRLF'  linebreak-style
[lint.back]    266:42   error  Expected linebreaks to be 'LF' but found 'CRLF'  linebreak-style
[lint.back]    267:28   error  Expected linebreaks to be 'LF' but found 'CRLF'  linebreak-style
[lint.back]    268:25   error  Expected linebreaks to be 'LF' but found 'CRLF'  linebreak-style
[lint.back]    269:168  error  Expected linebreaks to be 'LF' but found 'CRLF'  linebreak-style
[lint.back]    270:107  error  Expected linebreaks to be 'LF' but found 'CRLF'  linebreak-style
[lint.back]    271:33   error  Expected linebreaks to be 'LF' but found 'CRLF'  linebreak-style
[lint.back]    272:27   error  Expected linebreaks to be 'LF' but found 'CRLF'  linebreak-style
[lint.back]    273:15   error  Expected linebreaks to be 'LF' but found 'CRLF'  linebreak-style
[lint.back]    274:13   error  Expected linebreaks to be 'LF' but found 'CRLF'  linebreak-style
[lint.back]    275:17   error  Expected linebreaks to be 'LF' but found 'CRLF'  linebreak-style
[lint.back]    276:25   error  Expected linebreaks to be 'LF' but found 'CRLF'  linebreak-style
[lint.back]    277:40   error  Expected linebreaks to be 'LF' but found 'CRLF'  linebreak-style
[lint.back]    278:11   error  Expected linebreaks to be 'LF' but found 'CRLF'  linebreak-style
[lint.back]    279:10   error  Expected linebreaks to be 'LF' but found 'CRLF'  linebreak-style
[lint.back]    280:17   error  Expected linebreaks to be 'LF' but found 'CRLF'  linebreak-style
[lint.back]    281:14   error  Expected linebreaks to be 'LF' but found 'CRLF'  linebreak-style
[lint.back]    282:32   error  Expected linebreaks to be 'LF' but found 'CRLF'  linebreak-style
[lint.back]    283:47   error  Expected linebreaks to be 'LF' but found 'CRLF'  linebreak-style
[lint.back]    284:35   error  Expected linebreaks to be 'LF' but found 'CRLF'  linebreak-style
[lint.back]    285:32   error  Expected linebreaks to be 'LF' but found 'CRLF'  linebreak-style
[lint.back]    286:42   error  Expected linebreaks to be 'LF' but found 'CRLF'  linebreak-style
[lint.back]    287:29   error  Expected linebreaks to be 'LF' but found 'CRLF'  linebreak-style
[lint.back]    288:25   error  Expected linebreaks to be 'LF' but found 'CRLF'  linebreak-style
[lint.back]    289:195  error  Expected linebreaks to be 'LF' but found 'CRLF'  linebreak-style
[lint.back]    290:67   error  Expected linebreaks to be 'LF' but found 'CRLF'  linebreak-style
[lint.back]    291:33   error  Expected linebreaks to be 'LF' but found 'CRLF'  linebreak-style
[lint.back]    292:27   error  Expected linebreaks to be 'LF' but found 'CRLF'  linebreak-style
[lint.back]    293:15   error  Expected linebreaks to be 'LF' but found 'CRLF'  linebreak-style
[lint.back]    294:14   error  Expected linebreaks to be 'LF' but found 'CRLF'  linebreak-style
[lint.back]    295:32   error  Expected linebreaks to be 'LF' but found 'CRLF'  linebreak-style
[lint.back]    296:47   error  Expected linebreaks to be 'LF' but found 'CRLF'  linebreak-style
[lint.back]    297:32   error  Expected linebreaks to be 'LF' but found 'CRLF'  linebreak-style
[lint.back]    298:32   error  Expected linebreaks to be 'LF' but found 'CRLF'  linebreak-style
[lint.back]    299:42   error  Expected linebreaks to be 'LF' but found 'CRLF'  linebreak-style
[lint.back]    300:29   error  Expected linebreaks to be 'LF' but found 'CRLF'  linebreak-style
[lint.back]    301:25   error  Expected linebreaks to be 'LF' but found 'CRLF'  linebreak-style
[lint.back]    302:193  error  Expected linebreaks to be 'LF' but found 'CRLF'  linebreak-style
[lint.back]    303:70   error  Expected linebreaks to be 'LF' but found 'CRLF'  linebreak-style
[lint.back]    304:33   error  Expected linebreaks to be 'LF' but found 'CRLF'  linebreak-style
[lint.back]    305:27   error  Expected linebreaks to be 'LF' but found 'CRLF'  linebreak-style
[lint.back]    306:15   error  Expected linebreaks to be 'LF' but found 'CRLF'  linebreak-style
[lint.back]    307:14   error  Expected linebreaks to be 'LF' but found 'CRLF'  linebreak-style
[lint.back]    308:32   error  Expected linebreaks to be 'LF' but found 'CRLF'  linebreak-style
[lint.back]    309:47   error  Expected linebreaks to be 'LF' but found 'CRLF'  linebreak-style
[lint.back]    310:35   error  Expected linebreaks to be 'LF' but found 'CRLF'  linebreak-style
[lint.back]    311:32   error  Expected linebreaks to be 'LF' but found 'CRLF'  linebreak-style
[lint.back]    312:42   error  Expected linebreaks to be 'LF' but found 'CRLF'  linebreak-style
[lint.back]    313:28   error  Expected linebreaks to be 'LF' but found 'CRLF'  linebreak-style
[lint.back]    314:25   error  Expected linebreaks to be 'LF' but found 'CRLF'  linebreak-style
[lint.back]    315:195  error  Expected linebreaks to be 'LF' but found 'CRLF'  linebreak-style
[lint.back]    316:72   error  Expected linebreaks to be 'LF' but found 'CRLF'  linebreak-style
[lint.back]    317:33   error  Expected linebreaks to be 'LF' but found 'CRLF'  linebreak-style
[lint.back]    318:27   error  Expected linebreaks to be 'LF' but found 'CRLF'  linebreak-style
[lint.back]    319:15   error  Expected linebreaks to be 'LF' but found 'CRLF'  linebreak-style
[lint.back]    320:14   error  Expected linebreaks to be 'LF' but found 'CRLF'  linebreak-style
[lint.back]    321:32   error  Expected linebreaks to be 'LF' but found 'CRLF'  linebreak-style
[lint.back]    322:47   error  Expected linebreaks to be 'LF' but found 'CRLF'  linebreak-style
[lint.back]    323:31   error  Expected linebreaks to be 'LF' but found 'CRLF'  linebreak-style
[lint.back]    324:32   error  Expected linebreaks to be 'LF' but found 'CRLF'  linebreak-style
[lint.back]    325:42   error  Expected linebreaks to be 'LF' but found 'CRLF'  linebreak-style
[lint.back]    326:28   error  Expected linebreaks to be 'LF' but found 'CRLF'  linebreak-style
[lint.back]    327:25   error  Expected linebreaks to be 'LF' but found 'CRLF'  linebreak-style
[lint.back]    328:192  error  Expected linebreaks to be 'LF' but found 'CRLF'  linebreak-style
[lint.back]    329:108  error  Expected linebreaks to be 'LF' but found 'CRLF'  linebreak-style
[lint.back]    330:33   error  Expected linebreaks to be 'LF' but found 'CRLF'  linebreak-style
[lint.back]    331:27   error  Expected linebreaks to be 'LF' but found 'CRLF'  linebreak-style
[lint.back]    332:15   error  Expected linebreaks to be 'LF' but found 'CRLF'  linebreak-style
[lint.back]    333:14   error  Expected linebreaks to be 'LF' but found 'CRLF'  linebreak-style
[lint.back]    334:32   error  Expected linebreaks to be 'LF' but found 'CRLF'  linebreak-style
[lint.back]    335:47   error  Expected linebreaks to be 'LF' but found 'CRLF'  linebreak-style
[lint.back]    336:32   error  Expected linebreaks to be 'LF' but found 'CRLF'  linebreak-style
[lint.back]    337:32   error  Expected linebreaks to be 'LF' but found 'CRLF'  linebreak-style
[lint.back]    338:42   error  Expected linebreaks to be 'LF' but found 'CRLF'  linebreak-style
[lint.back]    339:28   error  Expected linebreaks to be 'LF' but found 'CRLF'  linebreak-style
[lint.back]    340:25   error  Expected linebreaks to be 'LF' but found 'CRLF'  linebreak-style
[lint.back]    341:192  error  Expected linebreaks to be 'LF' but found 'CRLF'  linebreak-style
[lint.back]    342:66   error  Expected linebreaks to be 'LF' but found 'CRLF'  linebreak-style
[lint.back]    343:33   error  Expected linebreaks to be 'LF' but found 'CRLF'  linebreak-style
[lint.back]    344:27   error  Expected linebreaks to be 'LF' but found 'CRLF'  linebreak-style
[lint.back]    345:15   error  Expected linebreaks to be 'LF' but found 'CRLF'  linebreak-style
[lint.back]    346:14   error  Expected linebreaks to be 'LF' but found 'CRLF'  linebreak-style
[lint.back]    347:32   error  Expected linebreaks to be 'LF' but found 'CRLF'  linebreak-style
[lint.back]    348:47   error  Expected linebreaks to be 'LF' but found 'CRLF'  linebreak-style
[lint.back]    349:31   error  Expected linebreaks to be 'LF' but found 'CRLF'  linebreak-style
[lint.back]    350:32   error  Expected linebreaks to be 'LF' but found 'CRLF'  linebreak-style
[lint.back]    351:42   error  Expected linebreaks to be 'LF' but found 'CRLF'  linebreak-style
[lint.back]    352:29   error  Expected linebreaks to be 'LF' but found 'CRLF'  linebreak-style
[lint.back]    353:25   error  Expected linebreaks to be 'LF' but found 'CRLF'  linebreak-style
[lint.back]    354:192  error  Expected linebreaks to be 'LF' but found 'CRLF'  linebreak-style
[lint.back]    355:68   error  Expected linebreaks to be 'LF' but found 'CRLF'  linebreak-style
[lint.back]    356:33   error  Expected linebreaks to be 'LF' but found 'CRLF'  linebreak-style
[lint.back]    357:27   error  Expected linebreaks to be 'LF' but found 'CRLF'  linebreak-style
[lint.back]    358:15   error  Expected linebreaks to be 'LF' but found 'CRLF'  linebreak-style
[lint.back]    359:14   error  Expected linebreaks to be 'LF' but found 'CRLF'  linebreak-style
[lint.back]    360:32   error  Expected linebreaks to be 'LF' but found 'CRLF'  linebreak-style
[lint.back]    361:47   error  Expected linebreaks to be 'LF' but found 'CRLF'  linebreak-style
[lint.back]    362:27   error  Expected linebreaks to be 'LF' but found 'CRLF'  linebreak-style
[lint.back]    363:32   error  Expected linebreaks to be 'LF' but found 'CRLF'  linebreak-style
[lint.back]    364:42   error  Expected linebreaks to be 'LF' but found 'CRLF'  linebreak-style
[lint.back]    365:29   error  Expected linebreaks to be 'LF' but found 'CRLF'  linebreak-style
[lint.back]    366:25   error  Expected linebreaks to be 'LF' but found 'CRLF'  linebreak-style
[lint.back]    367:188  error  Expected linebreaks to be 'LF' but found 'CRLF'  linebreak-style
[lint.back]    368:78   error  Expected linebreaks to be 'LF' but found 'CRLF'  linebreak-style
[lint.back]    369:33   error  Expected linebreaks to be 'LF' but found 'CRLF'  linebreak-style
[lint.back]    370:27   error  Expected linebreaks to be 'LF' but found 'CRLF'  linebreak-style
[lint.back]    371:15   error  Expected linebreaks to be 'LF' but found 'CRLF'  linebreak-style
[lint.back]    372:14   error  Expected linebreaks to be 'LF' but found 'CRLF'  linebreak-style
[lint.back]    373:32   error  Expected linebreaks to be 'LF' but found 'CRLF'  linebreak-style
[lint.back]    374:47   error  Expected linebreaks to be 'LF' but found 'CRLF'  linebreak-style
[lint.back]    375:35   error  Expected linebreaks to be 'LF' but found 'CRLF'  linebreak-style
[lint.back]    376:32   error  Expected linebreaks to be 'LF' but found 'CRLF'  linebreak-style
[lint.back]    377:42   error  Expected linebreaks to be 'LF' but found 'CRLF'  linebreak-style
[lint.back]    378:29   error  Expected linebreaks to be 'LF' but found 'CRLF'  linebreak-style
[lint.back]    379:25   error  Expected linebreaks to be 'LF' but found 'CRLF'  linebreak-style
[lint.back]    380:195  error  Expected linebreaks to be 'LF' but found 'CRLF'  linebreak-style
[lint.back]    381:62   error  Expected linebreaks to be 'LF' but found 'CRLF'  linebreak-style
[lint.back]    382:33   error  Expected linebreaks to be 'LF' but found 'CRLF'  linebreak-style
[lint.back]    383:27   error  Expected linebreaks to be 'LF' but found 'CRLF'  linebreak-style
[lint.back]    384:15   error  Expected linebreaks to be 'LF' but found 'CRLF'  linebreak-style
[lint.back]    385:14   error  Expected linebreaks to be 'LF' but found 'CRLF'  linebreak-style
[lint.back]    386:32   error  Expected linebreaks to be 'LF' but found 'CRLF'  linebreak-style
[lint.back]    387:47   error  Expected linebreaks to be 'LF' but found 'CRLF'  linebreak-style
[lint.back]    388:31   error  Expected linebreaks to be 'LF' but found 'CRLF'  linebreak-style
[lint.back]    389:32   error  Expected linebreaks to be 'LF' but found 'CRLF'  linebreak-style
[lint.back]    390:42   error  Expected linebreaks to be 'LF' but found 'CRLF'  linebreak-style
[lint.back]    391:28   error  Expected linebreaks to be 'LF' but found 'CRLF'  linebreak-style
[lint.back]    392:25   error  Expected linebreaks to be 'LF' but found 'CRLF'  linebreak-style
[lint.back]    393:192  error  Expected linebreaks to be 'LF' but found 'CRLF'  linebreak-style
[lint.back]    394:52   error  Expected linebreaks to be 'LF' but found 'CRLF'  linebreak-style
[lint.back]    395:33   error  Expected linebreaks to be 'LF' but found 'CRLF'  linebreak-style
[lint.back]    396:27   error  Expected linebreaks to be 'LF' but found 'CRLF'  linebreak-style
[lint.back]    397:15   error  Expected linebreaks to be 'LF' but found 'CRLF'  linebreak-style
[lint.back]    398:14   error  Expected linebreaks to be 'LF' but found 'CRLF'  linebreak-style
[lint.back]    399:32   error  Expected linebreaks to be 'LF' but found 'CRLF'  linebreak-style
[lint.back]    400:47   error  Expected linebreaks to be 'LF' but found 'CRLF'  linebreak-style
[lint.back]    401:28   error  Expected linebreaks to be 'LF' but found 'CRLF'  linebreak-style
[lint.back]    402:32   error  Expected linebreaks to be 'LF' but found 'CRLF'  linebreak-style
[lint.back]    403:42   error  Expected linebreaks to be 'LF' but found 'CRLF'  linebreak-style
[lint.back]    404:29   error  Expected linebreaks to be 'LF' but found 'CRLF'  linebreak-style
[lint.back]    405:25   error  Expected linebreaks to be 'LF' but found 'CRLF'  linebreak-style
[lint.back]    406:189  error  Expected linebreaks to be 'LF' but found 'CRLF'  linebreak-style
[lint.back]    407:53   error  Expected linebreaks to be 'LF' but found 'CRLF'  linebreak-style
[lint.back]    408:33   error  Expected linebreaks to be 'LF' but found 'CRLF'  linebreak-style
[lint.back]    409:27   error  Expected linebreaks to be 'LF' but found 'CRLF'  linebreak-style
[lint.back]    410:15   error  Expected linebreaks to be 'LF' but found 'CRLF'  linebreak-style
[lint.back]    411:14   error  Expected linebreaks to be 'LF' but found 'CRLF'  linebreak-style
[lint.back]    412:32   error  Expected linebreaks to be 'LF' but found 'CRLF'  linebreak-style
[lint.back]    413:47   error  Expected linebreaks to be 'LF' but found 'CRLF'  linebreak-style
[lint.back]    414:32   error  Expected linebreaks to be 'LF' but found 'CRLF'  linebreak-style
[lint.back]    415:32   error  Expected linebreaks to be 'LF' but found 'CRLF'  linebreak-style
[lint.back]    416:42   error  Expected linebreaks to be 'LF' but found 'CRLF'  linebreak-style
[lint.back]    417:29   error  Expected linebreaks to be 'LF' but found 'CRLF'  linebreak-style
[lint.back]    418:25   error  Expected linebreaks to be 'LF' but found 'CRLF'  linebreak-style
[lint.back]    419:192  error  Expected linebreaks to be 'LF' but found 'CRLF'  linebreak-style
[lint.back]    420:754  error  Expected linebreaks to be 'LF' but found 'CRLF'  linebreak-style
[lint.back]    421:33   error  Expected linebreaks to be 'LF' but found 'CRLF'  linebreak-style
[lint.back]    422:28   error  Expected linebreaks to be 'LF' but found 'CRLF'  linebreak-style
[lint.back]    423:15   error  Expected linebreaks to be 'LF' but found 'CRLF'  linebreak-style
[lint.back]    424:14   error  Expected linebreaks to be 'LF' but found 'CRLF'  linebreak-style
[lint.back]    425:32   error  Expected linebreaks to be 'LF' but found 'CRLF'  linebreak-style
[lint.back]    426:47   error  Expected linebreaks to be 'LF' but found 'CRLF'  linebreak-style
[lint.back]    427:39   error  Expected linebreaks to be 'LF' but found 'CRLF'  linebreak-style
[lint.back]    428:32   error  Expected linebreaks to be 'LF' but found 'CRLF'  linebreak-style
[lint.back]    429:42   error  Expected linebreaks to be 'LF' but found 'CRLF'  linebreak-style
[lint.back]    430:29   error  Expected linebreaks to be 'LF' but found 'CRLF'  linebreak-style
[lint.back]    431:25   error  Expected linebreaks to be 'LF' but found 'CRLF'  linebreak-style
[lint.back]    432:199  error  Expected linebreaks to be 'LF' but found 'CRLF'  linebreak-style
[lint.back]    433:156  error  Expected linebreaks to be 'LF' but found 'CRLF'  linebreak-style
[lint.back]    434:33   error  Expected linebreaks to be 'LF' but found 'CRLF'  linebreak-style
[lint.back]    435:28   error  Expected linebreaks to be 'LF' but found 'CRLF'  linebreak-style
[lint.back]    436:15   error  Expected linebreaks to be 'LF' but found 'CRLF'  linebreak-style
[lint.back]    437:14   error  Expected linebreaks to be 'LF' but found 'CRLF'  linebreak-style
[lint.back]    438:32   error  Expected linebreaks to be 'LF' but found 'CRLF'  linebreak-style
[lint.back]    439:47   error  Expected linebreaks to be 'LF' but found 'CRLF'  linebreak-style
[lint.back]    440:42   error  Expected linebreaks to be 'LF' but found 'CRLF'  linebreak-style
[lint.back]    441:32   error  Expected linebreaks to be 'LF' but found 'CRLF'  linebreak-style
[lint.back]    442:42   error  Expected linebreaks to be 'LF' but found 'CRLF'  linebreak-style
[lint.back]    443:29   error  Expected linebreaks to be 'LF' but found 'CRLF'  linebreak-style
[lint.back]    444:25   error  Expected linebreaks to be 'LF' but found 'CRLF'  linebreak-style
[lint.back]    445:202  error  Expected linebreaks to be 'LF' but found 'CRLF'  linebreak-style
[lint.back]    446:635  error  Expected linebreaks to be 'LF' but found 'CRLF'  linebreak-style
[lint.back]    447:33   error  Expected linebreaks to be 'LF' but found 'CRLF'  linebreak-style
[lint.back]    448:28   error  Expected linebreaks to be 'LF' but found 'CRLF'  linebreak-style
[lint.back]    449:15   error  Expected linebreaks to be 'LF' but found 'CRLF'  linebreak-style
[lint.back]    450:14   error  Expected linebreaks to be 'LF' but found 'CRLF'  linebreak-style
[lint.back]    451:32   error  Expected linebreaks to be 'LF' but found 'CRLF'  linebreak-style
[lint.back]    452:47   error  Expected linebreaks to be 'LF' but found 'CRLF'  linebreak-style
[lint.back]    453:40   error  Expected linebreaks to be 'LF' but found 'CRLF'  linebreak-style
[lint.back]    454:32   error  Expected linebreaks to be 'LF' but found 'CRLF'  linebreak-style
[lint.back]    455:42   error  Expected linebreaks to be 'LF' but found 'CRLF'  linebreak-style
[lint.back]    456:29   error  Expected linebreaks to be 'LF' but found 'CRLF'  linebreak-style
[lint.back]    457:25   error  Expected linebreaks to be 'LF' but found 'CRLF'  linebreak-style
[lint.back]    458:191  error  Expected linebreaks to be 'LF' but found 'CRLF'  linebreak-style
[lint.back]    459:625  error  Expected linebreaks to be 'LF' but found 'CRLF'  linebreak-style
[lint.back]    460:33   error  Expected linebreaks to be 'LF' but found 'CRLF'  linebreak-style
[lint.back]    461:28   error  Expected linebreaks to be 'LF' but found 'CRLF'  linebreak-style
[lint.back]    462:15   error  Expected linebreaks to be 'LF' but found 'CRLF'  linebreak-style
[lint.back]    463:14   error  Expected linebreaks to be 'LF' but found 'CRLF'  linebreak-style
[lint.back]    464:32   error  Expected linebreaks to be 'LF' but found 'CRLF'  linebreak-style
[lint.back]    465:47   error  Expected linebreaks to be 'LF' but found 'CRLF'  linebreak-style
[lint.back]    466:30   error  Expected linebreaks to be 'LF' but found 'CRLF'  linebreak-style
[lint.back]    467:32   error  Expected linebreaks to be 'LF' but found 'CRLF'  linebreak-style
[lint.back]    468:42   error  Expected linebreaks to be 'LF' but found 'CRLF'  linebreak-style
[lint.back]    469:29   error  Expected linebreaks to be 'LF' but found 'CRLF'  linebreak-style
[lint.back]    470:25   error  Expected linebreaks to be 'LF' but found 'CRLF'  linebreak-style
[lint.back]    471:191  error  Expected linebreaks to be 'LF' but found 'CRLF'  linebreak-style
[lint.back]    472:61   error  Expected linebreaks to be 'LF' but found 'CRLF'  linebreak-style
[lint.back]    473:33   error  Expected linebreaks to be 'LF' but found 'CRLF'  linebreak-style
[lint.back]    474:28   error  Expected linebreaks to be 'LF' but found 'CRLF'  linebreak-style
[lint.back]    475:15   error  Expected linebreaks to be 'LF' but found 'CRLF'  linebreak-style
[lint.back]    476:14   error  Expected linebreaks to be 'LF' but found 'CRLF'  linebreak-style
[lint.back]    477:32   error  Expected linebreaks to be 'LF' but found 'CRLF'  linebreak-style
[lint.back]    478:47   error  Expected linebreaks to be 'LF' but found 'CRLF'  linebreak-style
[lint.back]    479:34   error  Expected linebreaks to be 'LF' but found 'CRLF'  linebreak-style
[lint.back]    480:32   error  Expected linebreaks to be 'LF' but found 'CRLF'  linebreak-style
[lint.back]    481:42   error  Expected linebreaks to be 'LF' but found 'CRLF'  linebreak-style
[lint.back]    482:29   error  Expected linebreaks to be 'LF' but found 'CRLF'  linebreak-style
[lint.back]    483:25   error  Expected linebreaks to be 'LF' but found 'CRLF'  linebreak-style
[lint.back]    484:197  error  Expected linebreaks to be 'LF' but found 'CRLF'  linebreak-style
[lint.back]    485:83   error  Expected linebreaks to be 'LF' but found 'CRLF'  linebreak-style
[lint.back]    486:33   error  Expected linebreaks to be 'LF' but found 'CRLF'  linebreak-style
[lint.back]    487:28   error  Expected linebreaks to be 'LF' but found 'CRLF'  linebreak-style
[lint.back]    488:15   error  Expected linebreaks to be 'LF' but found 'CRLF'  linebreak-style
[lint.back]    489:14   error  Expected linebreaks to be 'LF' but found 'CRLF'  linebreak-style
[lint.back]    490:32   error  Expected linebreaks to be 'LF' but found 'CRLF'  linebreak-style
[lint.back]    491:47   error  Expected linebreaks to be 'LF' but found 'CRLF'  linebreak-style
[lint.back]    492:34   error  Expected linebreaks to be 'LF' but found 'CRLF'  linebreak-style
[lint.back]    493:32   error  Expected linebreaks to be 'LF' but found 'CRLF'  linebreak-style
[lint.back]    494:42   error  Expected linebreaks to be 'LF' but found 'CRLF'  linebreak-style
[lint.back]    495:29   error  Expected linebreaks to be 'LF' but found 'CRLF'  linebreak-style
[lint.back]    496:25   error  Expected linebreaks to be 'LF' but found 'CRLF'  linebreak-style
[lint.back]    497:194  error  Expected linebreaks to be 'LF' but found 'CRLF'  linebreak-style
[lint.back]    498:68   error  Expected linebreaks to be 'LF' but found 'CRLF'  linebreak-style
[lint.back]    499:33   error  Expected linebreaks to be 'LF' but found 'CRLF'  linebreak-style
[lint.back]    500:28   error  Expected linebreaks to be 'LF' but found 'CRLF'  linebreak-style
[lint.back]    501:15   error  Expected linebreaks to be 'LF' but found 'CRLF'  linebreak-style
[lint.back]    502:14   error  Expected linebreaks to be 'LF' but found 'CRLF'  linebreak-style
[lint.back]    503:32   error  Expected linebreaks to be 'LF' but found 'CRLF'  linebreak-style
[lint.back]    504:47   error  Expected linebreaks to be 'LF' but found 'CRLF'  linebreak-style
[lint.back]    505:42   error  Expected linebreaks to be 'LF' but found 'CRLF'  linebreak-style
[lint.back]    506:32   error  Expected linebreaks to be 'LF' but found 'CRLF'  linebreak-style
[lint.back]    507:42   error  Expected linebreaks to be 'LF' but found 'CRLF'  linebreak-style
[lint.back]    508:29   error  Expected linebreaks to be 'LF' but found 'CRLF'  linebreak-style
[lint.back]    509:25   error  Expected linebreaks to be 'LF' but found 'CRLF'  linebreak-style
[lint.back]    510:202  error  Expected linebreaks to be 'LF' but found 'CRLF'  linebreak-style
[lint.back]    511:71   error  Expected linebreaks to be 'LF' but found 'CRLF'  linebreak-style
[lint.back]    512:33   error  Expected linebreaks to be 'LF' but found 'CRLF'  linebreak-style
[lint.back]    513:28   error  Expected linebreaks to be 'LF' but found 'CRLF'  linebreak-style
[lint.back]    514:15   error  Expected linebreaks to be 'LF' but found 'CRLF'  linebreak-style
[lint.back]    515:14   error  Expected linebreaks to be 'LF' but found 'CRLF'  linebreak-style
[lint.back]    516:32   error  Expected linebreaks to be 'LF' but found 'CRLF'  linebreak-style
[lint.back]    517:47   error  Expected linebreaks to be 'LF' but found 'CRLF'  linebreak-style
[lint.back]    518:40   error  Expected linebreaks to be 'LF' but found 'CRLF'  linebreak-style
[lint.back]    519:32   error  Expected linebreaks to be 'LF' but found 'CRLF'  linebreak-style
[lint.back]    520:42   error  Expected linebreaks to be 'LF' but found 'CRLF'  linebreak-style
[lint.back]    521:29   error  Expected linebreaks to be 'LF' but found 'CRLF'  linebreak-style
[lint.back]    522:25   error  Expected linebreaks to be 'LF' but found 'CRLF'  linebreak-style
[lint.back]    523:203  error  Expected linebreaks to be 'LF' but found 'CRLF'  linebreak-style
[lint.back]    524:87   error  Expected linebreaks to be 'LF' but found 'CRLF'  linebreak-style
[lint.back]    525:33   error  Expected linebreaks to be 'LF' but found 'CRLF'  linebreak-style
[lint.back]    526:28   error  Expected linebreaks to be 'LF' but found 'CRLF'  linebreak-style
[lint.back]    527:15   error  Expected linebreaks to be 'LF' but found 'CRLF'  linebreak-style
[lint.back]    528:14   error  Expected linebreaks to be 'LF' but found 'CRLF'  linebreak-style
[lint.back]    529:32   error  Expected linebreaks to be 'LF' but found 'CRLF'  linebreak-style
[lint.back]    530:47   error  Expected linebreaks to be 'LF' but found 'CRLF'  linebreak-style
[lint.back]    531:30   error  Expected linebreaks to be 'LF' but found 'CRLF'  linebreak-style
[lint.back]    532:32   error  Expected linebreaks to be 'LF' but found 'CRLF'  linebreak-style
[lint.back]    533:42   error  Expected linebreaks to be 'LF' but found 'CRLF'  linebreak-style
[lint.back]    534:29   error  Expected linebreaks to be 'LF' but found 'CRLF'  linebreak-style
[lint.back]    535:25   error  Expected linebreaks to be 'LF' but found 'CRLF'  linebreak-style
[lint.back]    536:191  error  Expected linebreaks to be 'LF' but found 'CRLF'  linebreak-style
[lint.back]    537:42   error  Expected linebreaks to be 'LF' but found 'CRLF'  linebreak-style
[lint.back]    538:33   error  Expected linebreaks to be 'LF' but found 'CRLF'  linebreak-style
[lint.back]    539:28   error  Expected linebreaks to be 'LF' but found 'CRLF'  linebreak-style
[lint.back]    540:15   error  Expected linebreaks to be 'LF' but found 'CRLF'  linebreak-style
[lint.back]    541:14   error  Expected linebreaks to be 'LF' but found 'CRLF'  linebreak-style
[lint.back]    542:32   error  Expected linebreaks to be 'LF' but found 'CRLF'  linebreak-style
[lint.back]    543:47   error  Expected linebreaks to be 'LF' but found 'CRLF'  linebreak-style
[lint.back]    544:29   error  Expected linebreaks to be 'LF' but found 'CRLF'  linebreak-style
[lint.back]    545:32   error  Expected linebreaks to be 'LF' but found 'CRLF'  linebreak-style
[lint.back]    546:42   error  Expected linebreaks to be 'LF' but found 'CRLF'  linebreak-style
[lint.back]    547:29   error  Expected linebreaks to be 'LF' but found 'CRLF'  linebreak-style
[lint.back]    548:25   error  Expected linebreaks to be 'LF' but found 'CRLF'  linebreak-style
[lint.back]    549:190  error  Expected linebreaks to be 'LF' but found 'CRLF'  linebreak-style
[lint.back]    550:59   error  Expected linebreaks to be 'LF' but found 'CRLF'  linebreak-style
[lint.back]    551:33   error  Expected linebreaks to be 'LF' but found 'CRLF'  linebreak-style
[lint.back]    552:28   error  Expected linebreaks to be 'LF' but found 'CRLF'  linebreak-style
[lint.back]    553:15   error  Expected linebreaks to be 'LF' but found 'CRLF'  linebreak-style
[lint.back]    554:14   error  Expected linebreaks to be 'LF' but found 'CRLF'  linebreak-style
[lint.back]    555:32   error  Expected linebreaks to be 'LF' but found 'CRLF'  linebreak-style
[lint.back]    556:47   error  Expected linebreaks to be 'LF' but found 'CRLF'  linebreak-style
[lint.back]    557:27   error  Expected linebreaks to be 'LF' but found 'CRLF'  linebreak-style
[lint.back]    558:32   error  Expected linebreaks to be 'LF' but found 'CRLF'  linebreak-style
[lint.back]    559:42   error  Expected linebreaks to be 'LF' but found 'CRLF'  linebreak-style
[lint.back]    560:29   error  Expected linebreaks to be 'LF' but found 'CRLF'  linebreak-style
[lint.back]    561:25   error  Expected linebreaks to be 'LF' but found 'CRLF'  linebreak-style
[lint.back]    562:188  error  Expected linebreaks to be 'LF' but found 'CRLF'  linebreak-style
[lint.back]    563:67   error  Expected linebreaks to be 'LF' but found 'CRLF'  linebreak-style
[lint.back]    564:33   error  Expected linebreaks to be 'LF' but found 'CRLF'  linebreak-style
[lint.back]    565:28   error  Expected linebreaks to be 'LF' but found 'CRLF'  linebreak-style
[lint.back]    566:15   error  Expected linebreaks to be 'LF' but found 'CRLF'  linebreak-style
[lint.back]    567:14   error  Expected linebreaks to be 'LF' but found 'CRLF'  linebreak-style
[lint.back]    568:32   error  Expected linebreaks to be 'LF' but found 'CRLF'  linebreak-style
[lint.back]    569:47   error  Expected linebreaks to be 'LF' but found 'CRLF'  linebreak-style
[lint.back]    570:32   error  Expected linebreaks to be 'LF' but found 'CRLF'  linebreak-style
[lint.back]    571:32   error  Expected linebreaks to be 'LF' but found 'CRLF'  linebreak-style
[lint.back]    572:42   error  Expected linebreaks to be 'LF' but found 'CRLF'  linebreak-style
[lint.back]    573:29   error  Expected linebreaks to be 'LF' but found 'CRLF'  linebreak-style
[lint.back]    574:25   error  Expected linebreaks to be 'LF' but found 'CRLF'  linebreak-style
[lint.back]    575:193  error  Expected linebreaks to be 'LF' but found 'CRLF'  linebreak-style
[lint.back]    576:62   error  Expected linebreaks to be 'LF' but found 'CRLF'  linebreak-style
[lint.back]    577:33   error  Expected linebreaks to be 'LF' but found 'CRLF'  linebreak-style
[lint.back]    578:28   error  Expected linebreaks to be 'LF' but found 'CRLF'  linebreak-style
[lint.back]    579:15   error  Expected linebreaks to be 'LF' but found 'CRLF'  linebreak-style
[lint.back]    580:14   error  Expected linebreaks to be 'LF' but found 'CRLF'  linebreak-style
[lint.back]    581:32   error  Expected linebreaks to be 'LF' but found 'CRLF'  linebreak-style
[lint.back]    582:47   error  Expected linebreaks to be 'LF' but found 'CRLF'  linebreak-style
[lint.back]    583:31   error  Expected linebreaks to be 'LF' but found 'CRLF'  linebreak-style
[lint.back]    584:32   error  Expected linebreaks to be 'LF' but found 'CRLF'  linebreak-style
[lint.back]    585:42   error  Expected linebreaks to be 'LF' but found 'CRLF'  linebreak-style
[lint.back]    586:29   error  Expected linebreaks to be 'LF' but found 'CRLF'  linebreak-style
[lint.back]    587:25   error  Expected linebreaks to be 'LF' but found 'CRLF'  linebreak-style
[lint.back]    588:192  error  Expected linebreaks to be 'LF' but found 'CRLF'  linebreak-style
[lint.back]    589:151  error  Expected linebreaks to be 'LF' but found 'CRLF'  linebreak-style
[lint.back]    590:33   error  Expected linebreaks to be 'LF' but found 'CRLF'  linebreak-style
[lint.back]    591:28   error  Expected linebreaks to be 'LF' but found 'CRLF'  linebreak-style
[lint.back]    592:15   error  Expected linebreaks to be 'LF' but found 'CRLF'  linebreak-style
[lint.back]    593:14   error  Expected linebreaks to be 'LF' but found 'CRLF'  linebreak-style
[lint.back]    594:32   error  Expected linebreaks to be 'LF' but found 'CRLF'  linebreak-style
[lint.back]    595:47   error  Expected linebreaks to be 'LF' but found 'CRLF'  linebreak-style
[lint.back]    596:37   error  Expected linebreaks to be 'LF' but found 'CRLF'  linebreak-style
[lint.back]    597:32   error  Expected linebreaks to be 'LF' but found 'CRLF'  linebreak-style
[lint.back]    598:42   error  Expected linebreaks to be 'LF' but found 'CRLF'  linebreak-style
[lint.back]    599:29   error  Expected linebreaks to be 'LF' but found 'CRLF'  linebreak-style
[lint.back]    600:25   error  Expected linebreaks to be 'LF' but found 'CRLF'  linebreak-style
[lint.back]    601:198  error  Expected linebreaks to be 'LF' but found 'CRLF'  linebreak-style
[lint.back]    602:90   error  Expected linebreaks to be 'LF' but found 'CRLF'  linebreak-style
[lint.back]    603:33   error  Expected linebreaks to be 'LF' but found 'CRLF'  linebreak-style
[lint.back]    604:28   error  Expected linebreaks to be 'LF' but found 'CRLF'  linebreak-style
[lint.back]    605:15   error  Expected linebreaks to be 'LF' but found 'CRLF'  linebreak-style
[lint.back]    606:14   error  Expected linebreaks to be 'LF' but found 'CRLF'  linebreak-style
[lint.back]    607:32   error  Expected linebreaks to be 'LF' but found 'CRLF'  linebreak-style
[lint.back]    608:47   error  Expected linebreaks to be 'LF' but found 'CRLF'  linebreak-style
[lint.back]    609:39   error  Expected linebreaks to be 'LF' but found 'CRLF'  linebreak-style
[lint.back]    610:32   error  Expected linebreaks to be 'LF' but found 'CRLF'  linebreak-style
[lint.back]    611:42   error  Expected linebreaks to be 'LF' but found 'CRLF'  linebreak-style
[lint.back]    612:29   error  Expected linebreaks to be 'LF' but found 'CRLF'  linebreak-style
[lint.back]    613:25   error  Expected linebreaks to be 'LF' but found 'CRLF'  linebreak-style
[lint.back]    614:190  error  Expected linebreaks to be 'LF' but found 'CRLF'  linebreak-style
[lint.back]    615:113  error  Expected linebreaks to be 'LF' but found 'CRLF'  linebreak-style
[lint.back]    616:33   error  Expected linebreaks to be 'LF' but found 'CRLF'  linebreak-style
[lint.back]    617:28   error  Expected linebreaks to be 'LF' but found 'CRLF'  linebreak-style
[lint.back]    618:15   error  Expected linebreaks to be 'LF' but found 'CRLF'  linebreak-style
[lint.back]    619:14   error  Expected linebreaks to be 'LF' but found 'CRLF'  linebreak-style
[lint.back]    620:32   error  Expected linebreaks to be 'LF' but found 'CRLF'  linebreak-style
[lint.back]    621:47   error  Expected linebreaks to be 'LF' but found 'CRLF'  linebreak-style
[lint.back]    622:35   error  Expected linebreaks to be 'LF' but found 'CRLF'  linebreak-style
[lint.back]    623:32   error  Expected linebreaks to be 'LF' but found 'CRLF'  linebreak-style
[lint.back]    624:42   error  Expected linebreaks to be 'LF' but found 'CRLF'  linebreak-style
[lint.back]    625:29   error  Expected linebreaks to be 'LF' but found 'CRLF'  linebreak-style
[lint.back]    626:25   error  Expected linebreaks to be 'LF' but found 'CRLF'  linebreak-style
[lint.back]    627:195  error  Expected linebreaks to be 'LF' but found 'CRLF'  linebreak-style
[lint.back]    628:49   error  Expected linebreaks to be 'LF' but found 'CRLF'  linebreak-style
[lint.back]    629:33   error  Expected linebreaks to be 'LF' but found 'CRLF'  linebreak-style
[lint.back]    630:28   error  Expected linebreaks to be 'LF' but found 'CRLF'  linebreak-style
[lint.back]    631:15   error  Expected linebreaks to be 'LF' but found 'CRLF'  linebreak-style
[lint.back]    632:14   error  Expected linebreaks to be 'LF' but found 'CRLF'  linebreak-style
[lint.back]    633:32   error  Expected linebreaks to be 'LF' but found 'CRLF'  linebreak-style
[lint.back]    634:47   error  Expected linebreaks to be 'LF' but found 'CRLF'  linebreak-style
[lint.back]    635:30   error  Expected linebreaks to be 'LF' but found 'CRLF'  linebreak-style
[lint.back]    636:32   error  Expected linebreaks to be 'LF' but found 'CRLF'  linebreak-style
[lint.back]    637:42   error  Expected linebreaks to be 'LF' but found 'CRLF'  linebreak-style
[lint.back]    638:29   error  Expected linebreaks to be 'LF' but found 'CRLF'  linebreak-style
[lint.back]    639:25   error  Expected linebreaks to be 'LF' but found 'CRLF'  linebreak-style
[lint.back]    640:191  error  Expected linebreaks to be 'LF' but found 'CRLF'  linebreak-style
[lint.back]    641:46   error  Expected linebreaks to be 'LF' but found 'CRLF'  linebreak-style
[lint.back]    642:33   error  Expected linebreaks to be 'LF' but found 'CRLF'  linebreak-style
[lint.back]    643:28   error  Expected linebreaks to be 'LF' but found 'CRLF'  linebreak-style
[lint.back]    644:15   error  Expected linebreaks to be 'LF' but found 'CRLF'  linebreak-style
[lint.back]    645:14   error  Expected linebreaks to be 'LF' but found 'CRLF'  linebreak-style
[lint.back]    646:32   error  Expected linebreaks to be 'LF' but found 'CRLF'  linebreak-style
[lint.back]    647:47   error  Expected linebreaks to be 'LF' but found 'CRLF'  linebreak-style
[lint.back]    648:31   error  Expected linebreaks to be 'LF' but found 'CRLF'  linebreak-style
[lint.back]    649:32   error  Expected linebreaks to be 'LF' but found 'CRLF'  linebreak-style
[lint.back]    650:42   error  Expected linebreaks to be 'LF' but found 'CRLF'  linebreak-style
[lint.back]    651:29   error  Expected linebreaks to be 'LF' but found 'CRLF'  linebreak-style
[lint.back]    652:25   error  Expected linebreaks to be 'LF' but found 'CRLF'  linebreak-style
[lint.back]    653:192  error  Expected linebreaks to be 'LF' but found 'CRLF'  linebreak-style
[lint.back]    654:304  error  Expected linebreaks to be 'LF' but found 'CRLF'  linebreak-style
[lint.back]    655:33   error  Expected linebreaks to be 'LF' but found 'CRLF'  linebreak-style
[lint.back]    656:28   error  Expected linebreaks to be 'LF' but found 'CRLF'  linebreak-style
[lint.back]    657:15   error  Expected linebreaks to be 'LF' but found 'CRLF'  linebreak-style
[lint.back]    658:14   error  Expected linebreaks to be 'LF' but found 'CRLF'  linebreak-style
[lint.back]    659:32   error  Expected linebreaks to be 'LF' but found 'CRLF'  linebreak-style
[lint.back]    660:47   error  Expected linebreaks to be 'LF' but found 'CRLF'  linebreak-style
[lint.back]    661:28   error  Expected linebreaks to be 'LF' but found 'CRLF'  linebreak-style
[lint.back]    662:32   error  Expected linebreaks to be 'LF' but found 'CRLF'  linebreak-style
[lint.back]    663:42   error  Expected linebreaks to be 'LF' but found 'CRLF'  linebreak-style
[lint.back]    664:29   error  Expected linebreaks to be 'LF' but found 'CRLF'  linebreak-style
[lint.back]    665:25   error  Expected linebreaks to be 'LF' but found 'CRLF'  linebreak-style
[lint.back]    666:189  error  Expected linebreaks to be 'LF' but found 'CRLF'  linebreak-style
[lint.back]    667:53   error  Expected linebreaks to be 'LF' but found 'CRLF'  linebreak-style
[lint.back]    668:33   error  Expected linebreaks to be 'LF' but found 'CRLF'  linebreak-style
[lint.back]    669:28   error  Expected linebreaks to be 'LF' but found 'CRLF'  linebreak-style
[lint.back]    670:15   error  Expected linebreaks to be 'LF' but found 'CRLF'  linebreak-style
[lint.back]    671:14   error  Expected linebreaks to be 'LF' but found 'CRLF'  linebreak-style
[lint.back]    672:32   error  Expected linebreaks to be 'LF' but found 'CRLF'  linebreak-style
[lint.back]    673:47   error  Expected linebreaks to be 'LF' but found 'CRLF'  linebreak-style
[lint.back]    674:34   error  Expected linebreaks to be 'LF' but found 'CRLF'  linebreak-style
[lint.back]    675:32   error  Expected linebreaks to be 'LF' but found 'CRLF'  linebreak-style
[lint.back]    676:42   error  Expected linebreaks to be 'LF' but found 'CRLF'  linebreak-style
[lint.back]    677:29   error  Expected linebreaks to be 'LF' but found 'CRLF'  linebreak-style
[lint.back]    678:25   error  Expected linebreaks to be 'LF' but found 'CRLF'  linebreak-style
[lint.back]    679:195  error  Expected linebreaks to be 'LF' but found 'CRLF'  linebreak-style
[lint.back]    680:204  error  Expected linebreaks to be 'LF' but found 'CRLF'  linebreak-style
[lint.back]    681:33   error  Expected linebreaks to be 'LF' but found 'CRLF'  linebreak-style
[lint.back]    682:28   error  Expected linebreaks to be 'LF' but found 'CRLF'  linebreak-style
[lint.back]    683:15   error  Expected linebreaks to be 'LF' but found 'CRLF'  linebreak-style
[lint.back]    684:14   error  Expected linebreaks to be 'LF' but found 'CRLF'  linebreak-style
[lint.back]    685:32   error  Expected linebreaks to be 'LF' but found 'CRLF'  linebreak-style
[lint.back]    686:47   error  Expected linebreaks to be 'LF' but found 'CRLF'  linebreak-style
[lint.back]    687:30   error  Expected linebreaks to be 'LF' but found 'CRLF'  linebreak-style
[lint.back]    688:32   error  Expected linebreaks to be 'LF' but found 'CRLF'  linebreak-style
[lint.back]    689:42   error  Expected linebreaks to be 'LF' but found 'CRLF'  linebreak-style
[lint.back]    690:29   error  Expected linebreaks to be 'LF' but found 'CRLF'  linebreak-style
[lint.back]    691:25   error  Expected linebreaks to be 'LF' but found 'CRLF'  linebreak-style
[lint.back]    692:191  error  Expected linebreaks to be 'LF' but found 'CRLF'  linebreak-style
[lint.back]    693:47   error  Expected linebreaks to be 'LF' but found 'CRLF'  linebreak-style
[lint.back]    694:33   error  Expected linebreaks to be 'LF' but found 'CRLF'  linebreak-style
[lint.back]    695:28   error  Expected linebreaks to be 'LF' but found 'CRLF'  linebreak-style
[lint.back]    696:15   error  Expected linebreaks to be 'LF' but found 'CRLF'  linebreak-style
[lint.back]    697:14   error  Expected linebreaks to be 'LF' but found 'CRLF'  linebreak-style
[lint.back]    698:32   error  Expected linebreaks to be 'LF' but found 'CRLF'  linebreak-style
[lint.back]    699:47   error  Expected linebreaks to be 'LF' but found 'CRLF'  linebreak-style
[lint.back]    700:29   error  Expected linebreaks to be 'LF' but found 'CRLF'  linebreak-style
[lint.back]    701:32   error  Expected linebreaks to be 'LF' but found 'CRLF'  linebreak-style
[lint.back]    702:42   error  Expected linebreaks to be 'LF' but found 'CRLF'  linebreak-style
[lint.back]    703:29   error  Expected linebreaks to be 'LF' but found 'CRLF'  linebreak-style
[lint.back]    704:25   error  Expected linebreaks to be 'LF' but found 'CRLF'  linebreak-style
[lint.back]    705:190  error  Expected linebreaks to be 'LF' but found 'CRLF'  linebreak-style
[lint.back]    706:62   error  Expected linebreaks to be 'LF' but found 'CRLF'  linebreak-style
[lint.back]    707:33   error  Expected linebreaks to be 'LF' but found 'CRLF'  linebreak-style
[lint.back]    708:28   error  Expected linebreaks to be 'LF' but found 'CRLF'  linebreak-style
[lint.back]    709:15   error  Expected linebreaks to be 'LF' but found 'CRLF'  linebreak-style
[lint.back]    710:14   error  Expected linebreaks to be 'LF' but found 'CRLF'  linebreak-style
[lint.back]    711:32   error  Expected linebreaks to be 'LF' but found 'CRLF'  linebreak-style
[lint.back]    712:47   error  Expected linebreaks to be 'LF' but found 'CRLF'  linebreak-style
[lint.back]    713:27   error  Expected linebreaks to be 'LF' but found 'CRLF'  linebreak-style
[lint.back]    714:32   error  Expected linebreaks to be 'LF' but found 'CRLF'  linebreak-style
[lint.back]    715:42   error  Expected linebreaks to be 'LF' but found 'CRLF'  linebreak-style
[lint.back]    716:29   error  Expected linebreaks to be 'LF' but found 'CRLF'  linebreak-style
[lint.back]    717:25   error  Expected linebreaks to be 'LF' but found 'CRLF'  linebreak-style
[lint.back]    718:188  error  Expected linebreaks to be 'LF' but found 'CRLF'  linebreak-style
[lint.back]    719:46   error  Expected linebreaks to be 'LF' but found 'CRLF'  linebreak-style
[lint.back]    720:33   error  Expected linebreaks to be 'LF' but found 'CRLF'  linebreak-style
[lint.back]    721:28   error  Expected linebreaks to be 'LF' but found 'CRLF'  linebreak-style
[lint.back]    722:15   error  Expected linebreaks to be 'LF' but found 'CRLF'  linebreak-style
[lint.back]    723:14   error  Expected linebreaks to be 'LF' but found 'CRLF'  linebreak-style
[lint.back]    724:32   error  Expected linebreaks to be 'LF' but found 'CRLF'  linebreak-style
[lint.back]    725:47   error  Expected linebreaks to be 'LF' but found 'CRLF'  linebreak-style
[lint.back]    726:29   error  Expected linebreaks to be 'LF' but found 'CRLF'  linebreak-style
[lint.back]    727:32   error  Expected linebreaks to be 'LF' but found 'CRLF'  linebreak-style
[lint.back]    728:42   error  Expected linebreaks to be 'LF' but found 'CRLF'  linebreak-style
[lint.back]    729:29   error  Expected linebreaks to be 'LF' but found 'CRLF'  linebreak-style
[lint.back]    730:25   error  Expected linebreaks to be 'LF' but found 'CRLF'  linebreak-style
[lint.back]    731:190  error  Expected linebreaks to be 'LF' but found 'CRLF'  linebreak-style
[lint.back]    732:47   error  Expected linebreaks to be 'LF' but found 'CRLF'  linebreak-style
[lint.back]    733:33   error  Expected linebreaks to be 'LF' but found 'CRLF'  linebreak-style
[lint.back]    734:28   error  Expected linebreaks to be 'LF' but found 'CRLF'  linebreak-style
[lint.back]    735:15   error  Expected linebreaks to be 'LF' but found 'CRLF'  linebreak-style
[lint.back]    736:14   error  Expected linebreaks to be 'LF' but found 'CRLF'  linebreak-style
[lint.back]    737:32   error  Expected linebreaks to be 'LF' but found 'CRLF'  linebreak-style
[lint.back]    738:47   error  Expected linebreaks to be 'LF' but found 'CRLF'  linebreak-style
[lint.back]    739:36   error  Expected linebreaks to be 'LF' but found 'CRLF'  linebreak-style
[lint.back]    740:32   error  Expected linebreaks to be 'LF' but found 'CRLF'  linebreak-style
[lint.back]    741:42   error  Expected linebreaks to be 'LF' but found 'CRLF'  linebreak-style
[lint.back]    742:29   error  Expected linebreaks to be 'LF' but found 'CRLF'  linebreak-style
[lint.back]    743:25   error  Expected linebreaks to be 'LF' but found 'CRLF'  linebreak-style
[lint.back]    744:196  error  Expected linebreaks to be 'LF' but found 'CRLF'  linebreak-style
[lint.back]    745:54   error  Expected linebreaks to be 'LF' but found 'CRLF'  linebreak-style
[lint.back]    746:33   error  Expected linebreaks to be 'LF' but found 'CRLF'  linebreak-style
[lint.back]    747:28   error  Expected linebreaks to be 'LF' but found 'CRLF'  linebreak-style
[lint.back]    748:15   error  Expected linebreaks to be 'LF' but found 'CRLF'  linebreak-style
[lint.back]    749:14   error  Expected linebreaks to be 'LF' but found 'CRLF'  linebreak-style
[lint.back]    750:32   error  Expected linebreaks to be 'LF' but found 'CRLF'  linebreak-style
[lint.back]    751:47   error  Expected linebreaks to be 'LF' but found 'CRLF'  linebreak-style
[lint.back]    752:29   error  Expected linebreaks to be 'LF' but found 'CRLF'  linebreak-style
[lint.back]    753:32   error  Expected linebreaks to be 'LF' but found 'CRLF'  linebreak-style
[lint.back]    754:42   error  Expected linebreaks to be 'LF' but found 'CRLF'  linebreak-style
[lint.back]    755:29   error  Expected linebreaks to be 'LF' but found 'CRLF'  linebreak-style
[lint.back]    756:25   error  Expected linebreaks to be 'LF' but found 'CRLF'  linebreak-style
[lint.back]    757:190  error  Expected linebreaks to be 'LF' but found 'CRLF'  linebreak-style
[lint.back]    758:62   error  Expected linebreaks to be 'LF' but found 'CRLF'  linebreak-style
[lint.back]    759:33   error  Expected linebreaks to be 'LF' but found 'CRLF'  linebreak-style
[lint.back]    760:28   error  Expected linebreaks to be 'LF' but found 'CRLF'  linebreak-style
[lint.back]    761:15   error  Expected linebreaks to be 'LF' but found 'CRLF'  linebreak-style
[lint.back]    762:14   error  Expected linebreaks to be 'LF' but found 'CRLF'  linebreak-style
[lint.back]    763:32   error  Expected linebreaks to be 'LF' but found 'CRLF'  linebreak-style
[lint.back]    764:47   error  Expected linebreaks to be 'LF' but found 'CRLF'  linebreak-style
[lint.back]    765:33   error  Expected linebreaks to be 'LF' but found 'CRLF'  linebreak-style
[lint.back]    766:32   error  Expected linebreaks to be 'LF' but found 'CRLF'  linebreak-style
[lint.back]    767:42   error  Expected linebreaks to be 'LF' but found 'CRLF'  linebreak-style
[lint.back]    768:29   error  Expected linebreaks to be 'LF' but found 'CRLF'  linebreak-style
[lint.back]    769:25   error  Expected linebreaks to be 'LF' but found 'CRLF'  linebreak-style
[lint.back]    770:194  error  Expected linebreaks to be 'LF' but found 'CRLF'  linebreak-style
[lint.back]    771:73   error  Expected linebreaks to be 'LF' but found 'CRLF'  linebreak-style
[lint.back]    772:33   error  Expected linebreaks to be 'LF' but found 'CRLF'  linebreak-style
[lint.back]    773:28   error  Expected linebreaks to be 'LF' but found 'CRLF'  linebreak-style
[lint.back]    774:15   error  Expected linebreaks to be 'LF' but found 'CRLF'  linebreak-style
[lint.back]    775:14   error  Expected linebreaks to be 'LF' but found 'CRLF'  linebreak-style
[lint.back]    776:32   error  Expected linebreaks to be 'LF' but found 'CRLF'  linebreak-style
[lint.back]    777:47   error  Expected linebreaks to be 'LF' but found 'CRLF'  linebreak-style
[lint.back]    778:29   error  Expected linebreaks to be 'LF' but found 'CRLF'  linebreak-style
[lint.back]    779:32   error  Expected linebreaks to be 'LF' but found 'CRLF'  linebreak-style
[lint.back]    780:42   error  Expected linebreaks to be 'LF' but found 'CRLF'  linebreak-style
[lint.back]    781:29   error  Expected linebreaks to be 'LF' but found 'CRLF'  linebreak-style
[lint.back]    782:25   error  Expected linebreaks to be 'LF' but found 'CRLF'  linebreak-style
[lint.back]    783:190  error  Expected linebreaks to be 'LF' but found 'CRLF'  linebreak-style
[lint.back]    784:52   error  Expected linebreaks to be 'LF' but found 'CRLF'  linebreak-style
[lint.back]    785:33   error  Expected linebreaks to be 'LF' but found 'CRLF'  linebreak-style
[lint.back]    786:28   error  Expected linebreaks to be 'LF' but found 'CRLF'  linebreak-style
[lint.back]    787:15   error  Expected linebreaks to be 'LF' but found 'CRLF'  linebreak-style
[lint.back]    788:14   error  Expected linebreaks to be 'LF' but found 'CRLF'  linebreak-style
[lint.back]    789:32   error  Expected linebreaks to be 'LF' but found 'CRLF'  linebreak-style
[lint.back]    790:47   error  Expected linebreaks to be 'LF' but found 'CRLF'  linebreak-style
[lint.back]    791:31   error  Expected linebreaks to be 'LF' but found 'CRLF'  linebreak-style
[lint.back]    792:32   error  Expected linebreaks to be 'LF' but found 'CRLF'  linebreak-style
[lint.back]    793:42   error  Expected linebreaks to be 'LF' but found 'CRLF'  linebreak-style
[lint.back]    794:29   error  Expected linebreaks to be 'LF' but found 'CRLF'  linebreak-style
[lint.back]    795:25   error  Expected linebreaks to be 'LF' but found 'CRLF'  linebreak-style
[lint.back]    796:192  error  Expected linebreaks to be 'LF' but found 'CRLF'  linebreak-style
[lint.back]    797:62   error  Expected linebreaks to be 'LF' but found 'CRLF'  linebreak-style
[lint.back]    798:33   error  Expected linebreaks to be 'LF' but found 'CRLF'  linebreak-style
[lint.back]    799:28   error  Expected linebreaks to be 'LF' but found 'CRLF'  linebreak-style
[lint.back]    800:15   error  Expected linebreaks to be 'LF' but found 'CRLF'  linebreak-style
[lint.back]    801:14   error  Expected linebreaks to be 'LF' but found 'CRLF'  linebreak-style
[lint.back]    802:32   error  Expected linebreaks to be 'LF' but found 'CRLF'  linebreak-style
[lint.back]    803:47   error  Expected linebreaks to be 'LF' but found 'CRLF'  linebreak-style
[lint.back]    804:31   error  Expected linebreaks to be 'LF' but found 'CRLF'  linebreak-style
[lint.back]    805:32   error  Expected linebreaks to be 'LF' but found 'CRLF'  linebreak-style
[lint.back]    806:42   error  Expected linebreaks to be 'LF' but found 'CRLF'  linebreak-style
[lint.back]    807:29   error  Expected linebreaks to be 'LF' but found 'CRLF'  linebreak-style
[lint.back]    808:25   error  Expected linebreaks to be 'LF' but found 'CRLF'  linebreak-style
[lint.back]    809:192  error  Expected linebreaks to be 'LF' but found 'CRLF'  linebreak-style
[lint.back]    810:60   error  Expected linebreaks to be 'LF' but found 'CRLF'  linebreak-style
[lint.back]    811:33   error  Expected linebreaks to be 'LF' but found 'CRLF'  linebreak-style
[lint.back]    812:28   error  Expected linebreaks to be 'LF' but found 'CRLF'  linebreak-style
[lint.back]    813:15   error  Expected linebreaks to be 'LF' but found 'CRLF'  linebreak-style
[lint.back]    814:14   error  Expected linebreaks to be 'LF' but found 'CRLF'  linebreak-style
[lint.back]    815:32   error  Expected linebreaks to be 'LF' but found 'CRLF'  linebreak-style
[lint.back]    816:47   error  Expected linebreaks to be 'LF' but found 'CRLF'  linebreak-style
[lint.back]    817:33   error  Expected linebreaks to be 'LF' but found 'CRLF'  linebreak-style
[lint.back]    818:32   error  Expected linebreaks to be 'LF' but found 'CRLF'  linebreak-style
[lint.back]    819:42   error  Expected linebreaks to be 'LF' but found 'CRLF'  linebreak-style
[lint.back]    820:29   error  Expected linebreaks to be 'LF' but found 'CRLF'  linebreak-style
[lint.back]    821:25   error  Expected linebreaks to be 'LF' but found 'CRLF'  linebreak-style
[lint.back]    822:194  error  Expected linebreaks to be 'LF' but found 'CRLF'  linebreak-style
[lint.back]    823:754  error  Expected linebreaks to be 'LF' but found 'CRLF'  linebreak-style
[lint.back]    824:33   error  Expected linebreaks to be 'LF' but found 'CRLF'  linebreak-style
[lint.back]    825:28   error  Expected linebreaks to be 'LF' but found 'CRLF'  linebreak-style
[lint.back]    826:15   error  Expected linebreaks to be 'LF' but found 'CRLF'  linebreak-style
[lint.back]    827:14   error  Expected linebreaks to be 'LF' but found 'CRLF'  linebreak-style
[lint.back]    828:32   error  Expected linebreaks to be 'LF' but found 'CRLF'  linebreak-style
[lint.back]    829:47   error  Expected linebreaks to be 'LF' but found 'CRLF'  linebreak-style
[lint.back]    830:30   error  Expected linebreaks to be 'LF' but found 'CRLF'  linebreak-style
[lint.back]    831:32   error  Expected linebreaks to be 'LF' but found 'CRLF'  linebreak-style
[lint.back]    832:42   error  Expected linebreaks to be 'LF' but found 'CRLF'  linebreak-style
[lint.back]    833:29   error  Expected linebreaks to be 'LF' but found 'CRLF'  linebreak-style
[lint.back]    834:25   error  Expected linebreaks to be 'LF' but found 'CRLF'  linebreak-style
[lint.back]    835:191  error  Expected linebreaks to be 'LF' but found 'CRLF'  linebreak-style
[lint.back]    836:224  error  Expected linebreaks to be 'LF' but found 'CRLF'  linebreak-style
[lint.back]    837:33   error  Expected linebreaks to be 'LF' but found 'CRLF'  linebreak-style
[lint.back]    838:28   error  Expected linebreaks to be 'LF' but found 'CRLF'  linebreak-style
[lint.back]    839:15   error  Expected linebreaks to be 'LF' but found 'CRLF'  linebreak-style
[lint.back]    840:14   error  Expected linebreaks to be 'LF' but found 'CRLF'  linebreak-style
[lint.back]    841:32   error  Expected linebreaks to be 'LF' but found 'CRLF'  linebreak-style
[lint.back]    842:47   error  Expected linebreaks to be 'LF' but found 'CRLF'  linebreak-style
[lint.back]    843:33   error  Expected linebreaks to be 'LF' but found 'CRLF'  linebreak-style
[lint.back]    844:32   error  Expected linebreaks to be 'LF' but found 'CRLF'  linebreak-style
[lint.back]    845:42   error  Expected linebreaks to be 'LF' but found 'CRLF'  linebreak-style
[lint.back]    846:29   error  Expected linebreaks to be 'LF' but found 'CRLF'  linebreak-style
[lint.back]    847:25   error  Expected linebreaks to be 'LF' but found 'CRLF'  linebreak-style
[lint.back]    848:194  error  Expected linebreaks to be 'LF' but found 'CRLF'  linebreak-style
[lint.back]    849:57   error  Expected linebreaks to be 'LF' but found 'CRLF'  linebreak-style
[lint.back]    850:33   error  Expected linebreaks to be 'LF' but found 'CRLF'  linebreak-style
[lint.back]    851:28   error  Expected linebreaks to be 'LF' but found 'CRLF'  linebreak-style
[lint.back]    852:15   error  Expected linebreaks to be 'LF' but found 'CRLF'  linebreak-style
[lint.back]    853:14   error  Expected linebreaks to be 'LF' but found 'CRLF'  linebreak-style
[lint.back]    854:32   error  Expected linebreaks to be 'LF' but found 'CRLF'  linebreak-style
[lint.back]    855:47   error  Expected linebreaks to be 'LF' but found 'CRLF'  linebreak-style
[lint.back]    856:28   error  Expected linebreaks to be 'LF' but found 'CRLF'  linebreak-style
[lint.back]    857:32   error  Expected linebreaks to be 'LF' but found 'CRLF'  linebreak-style
[lint.back]    858:42   error  Expected linebreaks to be 'LF' but found 'CRLF'  linebreak-style
[lint.back]    859:29   error  Expected linebreaks to be 'LF' but found 'CRLF'  linebreak-style
[lint.back]    860:25   error  Expected linebreaks to be 'LF' but found 'CRLF'  linebreak-style
[lint.back]    861:189  error  Expected linebreaks to be 'LF' but found 'CRLF'  linebreak-style
[lint.back]    862:57   error  Expected linebreaks to be 'LF' but found 'CRLF'  linebreak-style
[lint.back]    863:33   error  Expected linebreaks to be 'LF' but found 'CRLF'  linebreak-style
[lint.back]    864:28   error  Expected linebreaks to be 'LF' but found 'CRLF'  linebreak-style
[lint.back]    865:15   error  Expected linebreaks to be 'LF' but found 'CRLF'  linebreak-style
[lint.back]    866:14   error  Expected linebreaks to be 'LF' but found 'CRLF'  linebreak-style
[lint.back]    867:32   error  Expected linebreaks to be 'LF' but found 'CRLF'  linebreak-style
[lint.back]    868:47   error  Expected linebreaks to be 'LF' but found 'CRLF'  linebreak-style
[lint.back]    869:34   error  Expected linebreaks to be 'LF' but found 'CRLF'  linebreak-style
[lint.back]    870:32   error  Expected linebreaks to be 'LF' but found 'CRLF'  linebreak-style
[lint.back]    871:42   error  Expected linebreaks to be 'LF' but found 'CRLF'  linebreak-style
[lint.back]    872:29   error  Expected linebreaks to be 'LF' but found 'CRLF'  linebreak-style
[lint.back]    873:25   error  Expected linebreaks to be 'LF' but found 'CRLF'  linebreak-style
[lint.back]    874:195  error  Expected linebreaks to be 'LF' but found 'CRLF'  linebreak-style
[lint.back]    875:58   error  Expected linebreaks to be 'LF' but found 'CRLF'  linebreak-style
[lint.back]    876:33   error  Expected linebreaks to be 'LF' but found 'CRLF'  linebreak-style
[lint.back]    877:28   error  Expected linebreaks to be 'LF' but found 'CRLF'  linebreak-style
[lint.back]    878:15   error  Expected linebreaks to be 'LF' but found 'CRLF'  linebreak-style
[lint.back]    879:14   error  Expected linebreaks to be 'LF' but found 'CRLF'  linebreak-style
[lint.back]    880:32   error  Expected linebreaks to be 'LF' but found 'CRLF'  linebreak-style
[lint.back]    881:47   error  Expected linebreaks to be 'LF' but found 'CRLF'  linebreak-style
[lint.back]    882:33   error  Expected linebreaks to be 'LF' but found 'CRLF'  linebreak-style
[lint.back]    883:32   error  Expected linebreaks to be 'LF' but found 'CRLF'  linebreak-style
[lint.back]    884:42   error  Expected linebreaks to be 'LF' but found 'CRLF'  linebreak-style
[lint.back]    885:29   error  Expected linebreaks to be 'LF' but found 'CRLF'  linebreak-style
[lint.back]    886:25   error  Expected linebreaks to be 'LF' but found 'CRLF'  linebreak-style
[lint.back]    887:193  error  Expected linebreaks to be 'LF' but found 'CRLF'  linebreak-style
[lint.back]    888:48   error  Expected linebreaks to be 'LF' but found 'CRLF'  linebreak-style
[lint.back]    889:33   error  Expected linebreaks to be 'LF' but found 'CRLF'  linebreak-style
[lint.back]    890:28   error  Expected linebreaks to be 'LF' but found 'CRLF'  linebreak-style
[lint.back]    891:15   error  Expected linebreaks to be 'LF' but found 'CRLF'  linebreak-style
[lint.back]    892:14   error  Expected linebreaks to be 'LF' but found 'CRLF'  linebreak-style
[lint.back]    893:32   error  Expected linebreaks to be 'LF' but found 'CRLF'  linebreak-style
[lint.back]    894:47   error  Expected linebreaks to be 'LF' but found 'CRLF'  linebreak-style
[lint.back]    895:29   error  Expected linebreaks to be 'LF' but found 'CRLF'  linebreak-style
[lint.back]    896:32   error  Expected linebreaks to be 'LF' but found 'CRLF'  linebreak-style
[lint.back]    897:42   error  Expected linebreaks to be 'LF' but found 'CRLF'  linebreak-style
[lint.back]    898:29   error  Expected linebreaks to be 'LF' but found 'CRLF'  linebreak-style
[lint.back]    899:25   error  Expected linebreaks to be 'LF' but found 'CRLF'  linebreak-style
[lint.back]    900:190  error  Expected linebreaks to be 'LF' but found 'CRLF'  linebreak-style
[lint.back]    901:85   error  Expected linebreaks to be 'LF' but found 'CRLF'  linebreak-style
[lint.back]    902:33   error  Expected linebreaks to be 'LF' but found 'CRLF'  linebreak-style
[lint.back]    903:28   error  Expected linebreaks to be 'LF' but found 'CRLF'  linebreak-style
[lint.back]    904:15   error  Expected linebreaks to be 'LF' but found 'CRLF'  linebreak-style
[lint.back]    905:14   error  Expected linebreaks to be 'LF' but found 'CRLF'  linebreak-style
[lint.back]    906:32   error  Expected linebreaks to be 'LF' but found 'CRLF'  linebreak-style
[lint.back]    907:47   error  Expected linebreaks to be 'LF' but found 'CRLF'  linebreak-style
[lint.back]    908:29   error  Expected linebreaks to be 'LF' but found 'CRLF'  linebreak-style
[lint.back]    909:32   error  Expected linebreaks to be 'LF' but found 'CRLF'  linebreak-style
[lint.back]    910:42   error  Expected linebreaks to be 'LF' but found 'CRLF'  linebreak-style
[lint.back]    911:29   error  Expected linebreaks to be 'LF' but found 'CRLF'  linebreak-style
[lint.back]    912:25   error  Expected linebreaks to be 'LF' but found 'CRLF'  linebreak-style
[lint.back]    913:190  error  Expected linebreaks to be 'LF' but found 'CRLF'  linebreak-style
[lint.back]    914:49   error  Expected linebreaks to be 'LF' but found 'CRLF'  linebreak-style
[lint.back]    915:33   error  Expected linebreaks to be 'LF' but found 'CRLF'  linebreak-style
[lint.back]    916:28   error  Expected linebreaks to be 'LF' but found 'CRLF'  linebreak-style
[lint.back]    917:15   error  Expected linebreaks to be 'LF' but found 'CRLF'  linebreak-style
[lint.back]    918:13   error  Expected linebreaks to be 'LF' but found 'CRLF'  linebreak-style
[lint.back]    919:17   error  Expected linebreaks to be 'LF' but found 'CRLF'  linebreak-style
[lint.back]    920:33   error  Expected linebreaks to be 'LF' but found 'CRLF'  linebreak-style
[lint.back]    921:57   error  Expected linebreaks to be 'LF' but found 'CRLF'  linebreak-style
[lint.back]    922:11   error  Expected linebreaks to be 'LF' but found 'CRLF'  linebreak-style
[lint.back]    923:10   error  Expected linebreaks to be 'LF' but found 'CRLF'  linebreak-style
[lint.back]    924:17   error  Expected linebreaks to be 'LF' but found 'CRLF'  linebreak-style
[lint.back]    925:14   error  Expected linebreaks to be 'LF' but found 'CRLF'  linebreak-style
[lint.back]    926:32   error  Expected linebreaks to be 'LF' but found 'CRLF'  linebreak-style
[lint.back]    927:47   error  Expected linebreaks to be 'LF' but found 'CRLF'  linebreak-style
[lint.back]    928:34   error  Expected linebreaks to be 'LF' but found 'CRLF'  linebreak-style
[lint.back]    929:32   error  Expected linebreaks to be 'LF' but found 'CRLF'  linebreak-style
[lint.back]    930:42   error  Expected linebreaks to be 'LF' but found 'CRLF'  linebreak-style
[lint.back]    931:29   error  Expected linebreaks to be 'LF' but found 'CRLF'  linebreak-style
[lint.back]    932:25   error  Expected linebreaks to be 'LF' but found 'CRLF'  linebreak-style
[lint.back]    933:82   error  Expected linebreaks to be 'LF' but found 'CRLF'  linebreak-style
[lint.back]    934:72   error  Expected linebreaks to be 'LF' but found 'CRLF'  linebreak-style
[lint.back]    935:33   error  Expected linebreaks to be 'LF' but found 'CRLF'  linebreak-style
[lint.back]    936:27   error  Expected linebreaks to be 'LF' but found 'CRLF'  linebreak-style
[lint.back]    937:15   error  Expected linebreaks to be 'LF' but found 'CRLF'  linebreak-style
[lint.back]    938:13   error  Expected linebreaks to be 'LF' but found 'CRLF'  linebreak-style
[lint.back]    939:17   error  Expected linebreaks to be 'LF' but found 'CRLF'  linebreak-style
[lint.back]    940:32   error  Expected linebreaks to be 'LF' but found 'CRLF'  linebreak-style
[lint.back]    941:76   error  Expected linebreaks to be 'LF' but found 'CRLF'  linebreak-style
[lint.back]    942:11   error  Expected linebreaks to be 'LF' but found 'CRLF'  linebreak-style
[lint.back]    943:10   error  Expected linebreaks to be 'LF' but found 'CRLF'  linebreak-style
[lint.back]    944:17   error  Expected linebreaks to be 'LF' but found 'CRLF'  linebreak-style
[lint.back]    945:14   error  Expected linebreaks to be 'LF' but found 'CRLF'  linebreak-style
[lint.back]    946:32   error  Expected linebreaks to be 'LF' but found 'CRLF'  linebreak-style
[lint.back]    947:47   error  Expected linebreaks to be 'LF' but found 'CRLF'  linebreak-style
[lint.back]    948:36   error  Expected linebreaks to be 'LF' but found 'CRLF'  linebreak-style
[lint.back]    949:32   error  Expected linebreaks to be 'LF' but found 'CRLF'  linebreak-style
[lint.back]    950:42   error  Expected linebreaks to be 'LF' but found 'CRLF'  linebreak-style
[lint.back]    951:28   error  Expected linebreaks to be 'LF' but found 'CRLF'  linebreak-style
[lint.back]    952:25   error  Expected linebreaks to be 'LF' but found 'CRLF'  linebreak-style
[lint.back]    953:97   error  Expected linebreaks to be 'LF' but found 'CRLF'  linebreak-style
[lint.back]    954:43   error  Expected linebreaks to be 'LF' but found 'CRLF'  linebreak-style
[lint.back]    955:32   error  Expected linebreaks to be 'LF' but found 'CRLF'  linebreak-style
[lint.back]    956:27   error  Expected linebreaks to be 'LF' but found 'CRLF'  linebreak-style
[lint.back]    957:43   error  Expected linebreaks to be 'LF' but found 'CRLF'  linebreak-style
[lint.back]    958:23   error  Expected linebreaks to be 'LF' but found 'CRLF'  linebreak-style
[lint.back]    959:47   error  Expected linebreaks to be 'LF' but found 'CRLF'  linebreak-style
[lint.back]    960:54   error  Expected linebreaks to be 'LF' but found 'CRLF'  linebreak-style
[lint.back]    961:17   error  Expected linebreaks to be 'LF' but found 'CRLF'  linebreak-style
[lint.back]    962:15   error  Expected linebreaks to be 'LF' but found 'CRLF'  linebreak-style
[lint.back]    963:13   error  Expected linebreaks to be 'LF' but found 'CRLF'  linebreak-style
[lint.back]    964:17   error  Expected linebreaks to be 'LF' but found 'CRLF'  linebreak-style
[lint.back]    965:33   error  Expected linebreaks to be 'LF' but found 'CRLF'  linebreak-style
[lint.back]    966:42   error  Expected linebreaks to be 'LF' but found 'CRLF'  linebreak-style
[lint.back]    967:11   error  Expected linebreaks to be 'LF' but found 'CRLF'  linebreak-style
[lint.back]    968:10   error  Expected linebreaks to be 'LF' but found 'CRLF'  linebreak-style
[lint.back]    969:17   error  Expected linebreaks to be 'LF' but found 'CRLF'  linebreak-style
[lint.back]    970:14   error  Expected linebreaks to be 'LF' but found 'CRLF'  linebreak-style
[lint.back]    971:32   error  Expected linebreaks to be 'LF' but found 'CRLF'  linebreak-style
[lint.back]    972:47   error  Expected linebreaks to be 'LF' but found 'CRLF'  linebreak-style
[lint.back]    973:41   error  Expected linebreaks to be 'LF' but found 'CRLF'  linebreak-style
[lint.back]    974:32   error  Expected linebreaks to be 'LF' but found 'CRLF'  linebreak-style
[lint.back]    975:42   error  Expected linebreaks to be 'LF' but found 'CRLF'  linebreak-style
[lint.back]    976:28   error  Expected linebreaks to be 'LF' but found 'CRLF'  linebreak-style
[lint.back]    977:25   error  Expected linebreaks to be 'LF' but found 'CRLF'  linebreak-style
[lint.back]    978:87   error  Expected linebreaks to be 'LF' but found 'CRLF'  linebreak-style
[lint.back]    979:50   error  Expected linebreaks to be 'LF' but found 'CRLF'  linebreak-style
[lint.back]    980:33   error  Expected linebreaks to be 'LF' but found 'CRLF'  linebreak-style
[lint.back]    981:27   error  Expected linebreaks to be 'LF' but found 'CRLF'  linebreak-style
[lint.back]    982:15   error  Expected linebreaks to be 'LF' but found 'CRLF'  linebreak-style
[lint.back]    983:14   error  Expected linebreaks to be 'LF' but found 'CRLF'  linebreak-style
[lint.back]    984:32   error  Expected linebreaks to be 'LF' but found 'CRLF'  linebreak-style
[lint.back]    985:47   error  Expected linebreaks to be 'LF' but found 'CRLF'  linebreak-style
[lint.back]    986:34   error  Expected linebreaks to be 'LF' but found 'CRLF'  linebreak-style
[lint.back]    987:32   error  Expected linebreaks to be 'LF' but found 'CRLF'  linebreak-style
[lint.back]    988:42   error  Expected linebreaks to be 'LF' but found 'CRLF'  linebreak-style
[lint.back]    989:120  error  Expected linebreaks to be 'LF' but found 'CRLF'  linebreak-style
[lint.back]    990:25   error  Expected linebreaks to be 'LF' but found 'CRLF'  linebreak-style
[lint.back]    991:33   error  Expected linebreaks to be 'LF' but found 'CRLF'  linebreak-style
[lint.back]    992:27   error  Expected linebreaks to be 'LF' but found 'CRLF'  linebreak-style
[lint.back]    993:28   error  Expected linebreaks to be 'LF' but found 'CRLF'  linebreak-style
[lint.back]    994:40   error  Expected linebreaks to be 'LF' but found 'CRLF'  linebreak-style
[lint.back]    995:42   error  Expected linebreaks to be 'LF' but found 'CRLF'  linebreak-style
[lint.back]    996:36   error  Expected linebreaks to be 'LF' but found 'CRLF'  linebreak-style
[lint.back]    997:26   error  Expected linebreaks to be 'LF' but found 'CRLF'  linebreak-style
[lint.back]    998:26   error  Expected linebreaks to be 'LF' but found 'CRLF'  linebreak-style
[lint.back]    999:25   error  Expected linebreaks to be 'LF' but found 'CRLF'  linebreak-style
[lint.back]   1000:25   error  Expected linebreaks to be 'LF' but found 'CRLF'  linebreak-style
[lint.back]   1001:28   error  Expected linebreaks to be 'LF' but found 'CRLF'  linebreak-style
[lint.back]   1002:19   error  Expected linebreaks to be 'LF' but found 'CRLF'  linebreak-style
[lint.back]   1003:28   error  Expected linebreaks to be 'LF' but found 'CRLF'  linebreak-style
[lint.back]   1004:29   error  Expected linebreaks to be 'LF' but found 'CRLF'  linebreak-style
[lint.back]   1005:30   error  Expected linebreaks to be 'LF' but found 'CRLF'  linebreak-style
[lint.back]   1006:24   error  Expected linebreaks to be 'LF' but found 'CRLF'  linebreak-style
[lint.back]   1007:48   error  Expected linebreaks to be 'LF' but found 'CRLF'  linebreak-style
[lint.back]   1008:108  error  Expected linebreaks to be 'LF' but found 'CRLF'  linebreak-style
[lint.back]   1009:25   error  Expected linebreaks to be 'LF' but found 'CRLF'  linebreak-style
[lint.back]   1010:24   error  Expected linebreaks to be 'LF' but found 'CRLF'  linebreak-style
[lint.back]   1011:52   error  Expected linebreaks to be 'LF' but found 'CRLF'  linebreak-style
[lint.back]   1012:87   error  Expected linebreaks to be 'LF' but found 'CRLF'  linebreak-style
[lint.back]   1013:25   error  Expected linebreaks to be 'LF' but found 'CRLF'  linebreak-style
[lint.back]   1014:24   error  Expected linebreaks to be 'LF' but found 'CRLF'  linebreak-style
[lint.back]   1015:48   error  Expected linebreaks to be 'LF' but found 'CRLF'  linebreak-style
[lint.back]   1016:89   error  Expected linebreaks to be 'LF' but found 'CRLF'  linebreak-style
[lint.back]   1017:25   error  Expected linebreaks to be 'LF' but found 'CRLF'  linebreak-style
[lint.back]   1018:23   error  Expected linebreaks to be 'LF' but found 'CRLF'  linebreak-style
[lint.back]   1019:34   error  Expected linebreaks to be 'LF' but found 'CRLF'  linebreak-style
[lint.back]   1020:31   error  Expected linebreaks to be 'LF' but found 'CRLF'  linebreak-style
[lint.back]   1021:32   error  Expected linebreaks to be 'LF' but found 'CRLF'  linebreak-style
[lint.back]   1022:21   error  Expected linebreaks to be 'LF' but found 'CRLF'  linebreak-style
[lint.back]   1023:27   error  Expected linebreaks to be 'LF' but found 'CRLF'  linebreak-style
[lint.back]   1024:33   error  Expected linebreaks to be 'LF' but found 'CRLF'  linebreak-style
[lint.back]   1025:21   error  Expected linebreaks to be 'LF' but found 'CRLF'  linebreak-style
[lint.back]   1026:29   error  Expected linebreaks to be 'LF' but found 'CRLF'  linebreak-style
[lint.back]   1027:27   error  Expected linebreaks to be 'LF' but found 'CRLF'  linebreak-style
[lint.back]   1028:35   error  Expected linebreaks to be 'LF' but found 'CRLF'  linebreak-style
[lint.back]   1029:23   error  Expected linebreaks to be 'LF' but found 'CRLF'  linebreak-style
[lint.back]   1030:28   error  Expected linebreaks to be 'LF' but found 'CRLF'  linebreak-style
[lint.back]   1031:37   error  Expected linebreaks to be 'LF' but found 'CRLF'  linebreak-style
[lint.back]   1032:23   error  Expected linebreaks to be 'LF' but found 'CRLF'  linebreak-style
[lint.back]   1033:33   error  Expected linebreaks to be 'LF' but found 'CRLF'  linebreak-style
[lint.back]   1034:44   error  Expected linebreaks to be 'LF' but found 'CRLF'  linebreak-style
[lint.back]   1035:23   error  Expected linebreaks to be 'LF' but found 'CRLF'  linebreak-style
[lint.back]   1036:21   error  Expected linebreaks to be 'LF' but found 'CRLF'  linebreak-style
[lint.back]   1037:19   error  Expected linebreaks to be 'LF' but found 'CRLF'  linebreak-style
[lint.back]   1038:17   error  Expected linebreaks to be 'LF' but found 'CRLF'  linebreak-style
[lint.back]   1039:15   error  Expected linebreaks to be 'LF' but found 'CRLF'  linebreak-style
[lint.back]   1040:14   error  Expected linebreaks to be 'LF' but found 'CRLF'  linebreak-style
[lint.back]   1041:32   error  Expected linebreaks to be 'LF' but found 'CRLF'  linebreak-style
[lint.back]   1042:47   error  Expected linebreaks to be 'LF' but found 'CRLF'  linebreak-style
[lint.back]   1043:29   error  Expected linebreaks to be 'LF' but found 'CRLF'  linebreak-style
[lint.back]   1044:32   error  Expected linebreaks to be 'LF' but found 'CRLF'  linebreak-style
[lint.back]   1045:42   error  Expected linebreaks to be 'LF' but found 'CRLF'  linebreak-style
[lint.back]   1046:120  error  Expected linebreaks to be 'LF' but found 'CRLF'  linebreak-style
[lint.back]   1047:25   error  Expected linebreaks to be 'LF' but found 'CRLF'  linebreak-style
[lint.back]   1048:33   error  Expected linebreaks to be 'LF' but found 'CRLF'  linebreak-style
[lint.back]   1049:27   error  Expected linebreaks to be 'LF' but found 'CRLF'  linebreak-style
[lint.back]   1050:28   error  Expected linebreaks to be 'LF' but found 'CRLF'  linebreak-style
[lint.back]   1051:40   error  Expected linebreaks to be 'LF' but found 'CRLF'  linebreak-style
[lint.back]   1052:37   error  Expected linebreaks to be 'LF' but found 'CRLF'  linebreak-style
[lint.back]   1053:31   error  Expected linebreaks to be 'LF' but found 'CRLF'  linebreak-style
[lint.back]   1054:26   error  Expected linebreaks to be 'LF' but found 'CRLF'  linebreak-style
[lint.back]   1055:26   error  Expected linebreaks to be 'LF' but found 'CRLF'  linebreak-style
[lint.back]   1056:25   error  Expected linebreaks to be 'LF' but found 'CRLF'  linebreak-style
[lint.back]   1057:25   error  Expected linebreaks to be 'LF' but found 'CRLF'  linebreak-style
[lint.back]   1058:28   error  Expected linebreaks to be 'LF' but found 'CRLF'  linebreak-style
[lint.back]   1059:19   error  Expected linebreaks to be 'LF' but found 'CRLF'  linebreak-style
[lint.back]   1060:28   error  Expected linebreaks to be 'LF' but found 'CRLF'  linebreak-style
[lint.back]   1061:29   error  Expected linebreaks to be 'LF' but found 'CRLF'  linebreak-style
[lint.back]   1062:30   error  Expected linebreaks to be 'LF' but found 'CRLF'  linebreak-style
[lint.back]   1063:24   error  Expected linebreaks to be 'LF' but found 'CRLF'  linebreak-style
[lint.back]   1064:48   error  Expected linebreaks to be 'LF' but found 'CRLF'  linebreak-style
[lint.back]   1065:108  error  Expected linebreaks to be 'LF' but found 'CRLF'  linebreak-style
[lint.back]   1066:25   error  Expected linebreaks to be 'LF' but found 'CRLF'  linebreak-style
[lint.back]   1067:24   error  Expected linebreaks to be 'LF' but found 'CRLF'  linebreak-style
[lint.back]   1068:48   error  Expected linebreaks to be 'LF' but found 'CRLF'  linebreak-style
[lint.back]   1069:89   error  Expected linebreaks to be 'LF' but found 'CRLF'  linebreak-style
[lint.back]   1070:25   error  Expected linebreaks to be 'LF' but found 'CRLF'  linebreak-style
[lint.back]   1071:23   error  Expected linebreaks to be 'LF' but found 'CRLF'  linebreak-style
[lint.back]   1072:34   error  Expected linebreaks to be 'LF' but found 'CRLF'  linebreak-style
[lint.back]   1073:31   error  Expected linebreaks to be 'LF' but found 'CRLF'  linebreak-style
[lint.back]   1074:32   error  Expected linebreaks to be 'LF' but found 'CRLF'  linebreak-style
[lint.back]   1075:21   error  Expected linebreaks to be 'LF' but found 'CRLF'  linebreak-style
[lint.back]   1076:27   error  Expected linebreaks to be 'LF' but found 'CRLF'  linebreak-style
[lint.back]   1077:33   error  Expected linebreaks to be 'LF' but found 'CRLF'  linebreak-style
[lint.back]   1078:21   error  Expected linebreaks to be 'LF' but found 'CRLF'  linebreak-style
[lint.back]   1079:29   error  Expected linebreaks to be 'LF' but found 'CRLF'  linebreak-style
[lint.back]   1080:33   error  Expected linebreaks to be 'LF' but found 'CRLF'  linebreak-style
[lint.back]   1081:42   error  Expected linebreaks to be 'LF' but found 'CRLF'  linebreak-style
[lint.back]   1082:23   error  Expected linebreaks to be 'LF' but found 'CRLF'  linebreak-style
[lint.back]   1083:32   error  Expected linebreaks to be 'LF' but found 'CRLF'  linebreak-style
[lint.back]   1084:41   error  Expected linebreaks to be 'LF' but found 'CRLF'  linebreak-style
[lint.back]   1085:23   error  Expected linebreaks to be 'LF' but found 'CRLF'  linebreak-style
[lint.back]   1086:29   error  Expected linebreaks to be 'LF' but found 'CRLF'  linebreak-style
[lint.back]   1087:38   error  Expected linebreaks to be 'LF' but found 'CRLF'  linebreak-style
[lint.back]   1088:23   error  Expected linebreaks to be 'LF' but found 'CRLF'  linebreak-style
[lint.back]   1089:35   error  Expected linebreaks to be 'LF' but found 'CRLF'  linebreak-style
[lint.back]   1090:38   error  Expected linebreaks to be 'LF' but found 'CRLF'  linebreak-style
[lint.back]   1091:23   error  Expected linebreaks to be 'LF' but found 'CRLF'  linebreak-style
[lint.back]   1092:33   error  Expected linebreaks to be 'LF' but found 'CRLF'  linebreak-style
[lint.back]   1093:44   error  Expected linebreaks to be 'LF' but found 'CRLF'  linebreak-style
[lint.back]   1094:23   error  Expected linebreaks to be 'LF' but found 'CRLF'  linebreak-style
[lint.back]   1095:40   error  Expected linebreaks to be 'LF' but found 'CRLF'  linebreak-style
[lint.back]   1096:50   error  Expected linebreaks to be 'LF' but found 'CRLF'  linebreak-style
[lint.back]   1097:23   error  Expected linebreaks to be 'LF' but found 'CRLF'  linebreak-style
[lint.back]   1098:21   error  Expected linebreaks to be 'LF' but found 'CRLF'  linebreak-style
[lint.back]   1099:19   error  Expected linebreaks to be 'LF' but found 'CRLF'  linebreak-style
[lint.back]   1100:17   error  Expected linebreaks to be 'LF' but found 'CRLF'  linebreak-style
[lint.back]   1101:15   error  Expected linebreaks to be 'LF' but found 'CRLF'  linebreak-style
[lint.back]   1102:14   error  Expected linebreaks to be 'LF' but found 'CRLF'  linebreak-style
[lint.back]   1103:32   error  Expected linebreaks to be 'LF' but found 'CRLF'  linebreak-style
[lint.back]   1104:47   error  Expected linebreaks to be 'LF' but found 'CRLF'  linebreak-style
[lint.back]   1105:32   error  Expected linebreaks to be 'LF' but found 'CRLF'  linebreak-style
[lint.back]   1106:32   error  Expected linebreaks to be 'LF' but found 'CRLF'  linebreak-style
[lint.back]   1107:42   error  Expected linebreaks to be 'LF' but found 'CRLF'  linebreak-style
[lint.back]   1108:28   error  Expected linebreaks to be 'LF' but found 'CRLF'  linebreak-style
[lint.back]   1109:25   error  Expected linebreaks to be 'LF' but found 'CRLF'  linebreak-style
[lint.back]   1110:67   error  Expected linebreaks to be 'LF' but found 'CRLF'  linebreak-style
[lint.back]   1111:50   error  Expected linebreaks to be 'LF' but found 'CRLF'  linebreak-style
[lint.back]   1112:33   error  Expected linebreaks to be 'LF' but found 'CRLF'  linebreak-style
[lint.back]   1113:27   error  Expected linebreaks to be 'LF' but found 'CRLF'  linebreak-style
[lint.back]   1114:15   error  Expected linebreaks to be 'LF' but found 'CRLF'  linebreak-style
[lint.back]   1115:14   error  Expected linebreaks to be 'LF' but found 'CRLF'  linebreak-style
[lint.back]   1116:32   error  Expected linebreaks to be 'LF' but found 'CRLF'  linebreak-style
[lint.back]   1117:47   error  Expected linebreaks to be 'LF' but found 'CRLF'  linebreak-style
[lint.back]   1118:36   error  Expected linebreaks to be 'LF' but found 'CRLF'  linebreak-style
[lint.back]   1119:32   error  Expected linebreaks to be 'LF' but found 'CRLF'  linebreak-style
[lint.back]   1120:42   error  Expected linebreaks to be 'LF' but found 'CRLF'  linebreak-style
[lint.back]   1121:28   error  Expected linebreaks to be 'LF' but found 'CRLF'  linebreak-style
[lint.back]   1122:25   error  Expected linebreaks to be 'LF' but found 'CRLF'  linebreak-style
[lint.back]   1123:87   error  Expected linebreaks to be 'LF' but found 'CRLF'  linebreak-style
[lint.back]   1124:79   error  Expected linebreaks to be 'LF' but found 'CRLF'  linebreak-style
[lint.back]   1125:33   error  Expected linebreaks to be 'LF' but found 'CRLF'  linebreak-style
[lint.back]   1126:27   error  Expected linebreaks to be 'LF' but found 'CRLF'  linebreak-style
[lint.back]   1127:15   error  Expected linebreaks to be 'LF' but found 'CRLF'  linebreak-style
[lint.back]   1128:14   error  Expected linebreaks to be 'LF' but found 'CRLF'  linebreak-style
[lint.back]   1129:32   error  Expected linebreaks to be 'LF' but found 'CRLF'  linebreak-style
[lint.back]   1130:47   error  Expected linebreaks to be 'LF' but found 'CRLF'  linebreak-style
[lint.back]   1131:38   error  Expected linebreaks to be 'LF' but found 'CRLF'  linebreak-style
[lint.back]   1132:32   error  Expected linebreaks to be 'LF' but found 'CRLF'  linebreak-style
[lint.back]   1133:42   error  Expected linebreaks to be 'LF' but found 'CRLF'  linebreak-style
[lint.back]   1134:28   error  Expected linebreaks to be 'LF' but found 'CRLF'  linebreak-style
[lint.back]   1135:25   error  Expected linebreaks to be 'LF' but found 'CRLF'  linebreak-style
[lint.back]   1136:87   error  Expected linebreaks to be 'LF' but found 'CRLF'  linebreak-style
[lint.back]   1137:110  error  Expected linebreaks to be 'LF' but found 'CRLF'  linebreak-style
[lint.back]   1138:33   error  Expected linebreaks to be 'LF' but found 'CRLF'  linebreak-style
[lint.back]   1139:27   error  Expected linebreaks to be 'LF' but found 'CRLF'  linebreak-style
[lint.back]   1140:15   error  Expected linebreaks to be 'LF' but found 'CRLF'  linebreak-style
[lint.back]   1141:13   error  Expected linebreaks to be 'LF' but found 'CRLF'  linebreak-style
[lint.back]   1142:17   error  Expected linebreaks to be 'LF' but found 'CRLF'  linebreak-style
[lint.back]   1143:36   error  Expected linebreaks to be 'LF' but found 'CRLF'  linebreak-style
[lint.back]   1144:66   error  Expected linebreaks to be 'LF' but found 'CRLF'  linebreak-style
[lint.back]   1145:11   error  Expected linebreaks to be 'LF' but found 'CRLF'  linebreak-style
[lint.back]   1146:10   error  Expected linebreaks to be 'LF' but found 'CRLF'  linebreak-style
[lint.back]   1147:17   error  Expected linebreaks to be 'LF' but found 'CRLF'  linebreak-style
[lint.back]   1148:14   error  Expected linebreaks to be 'LF' but found 'CRLF'  linebreak-style
[lint.back]   1149:32   error  Expected linebreaks to be 'LF' but found 'CRLF'  linebreak-style
[lint.back]   1150:47   error  Expected linebreaks to be 'LF' but found 'CRLF'  linebreak-style
[lint.back]   1151:33   error  Expected linebreaks to be 'LF' but found 'CRLF'  linebreak-style
[lint.back]   1152:32   error  Expected linebreaks to be 'LF' but found 'CRLF'  linebreak-style
[lint.back]   1153:42   error  Expected linebreaks to be 'LF' but found 'CRLF'  linebreak-style
[lint.back]   1154:120  error  Expected linebreaks to be 'LF' but found 'CRLF'  linebreak-style
[lint.back]   1155:25   error  Expected linebreaks to be 'LF' but found 'CRLF'  linebreak-style
[lint.back]   1156:32   error  Expected linebreaks to be 'LF' but found 'CRLF'  linebreak-style
[lint.back]   1157:27   error  Expected linebreaks to be 'LF' but found 'CRLF'  linebreak-style
[lint.back]   1158:28   error  Expected linebreaks to be 'LF' but found 'CRLF'  linebreak-style
[lint.back]   1159:40   error  Expected linebreaks to be 'LF' but found 'CRLF'  linebreak-style
[lint.back]   1160:42   error  Expected linebreaks to be 'LF' but found 'CRLF'  linebreak-style
[lint.back]   1161:36   error  Expected linebreaks to be 'LF' but found 'CRLF'  linebreak-style
[lint.back]   1162:26   error  Expected linebreaks to be 'LF' but found 'CRLF'  linebreak-style
[lint.back]   1163:26   error  Expected linebreaks to be 'LF' but found 'CRLF'  linebreak-style
[lint.back]   1164:25   error  Expected linebreaks to be 'LF' but found 'CRLF'  linebreak-style
[lint.back]   1165:25   error  Expected linebreaks to be 'LF' but found 'CRLF'  linebreak-style
[lint.back]   1166:28   error  Expected linebreaks to be 'LF' but found 'CRLF'  linebreak-style
[lint.back]   1167:19   error  Expected linebreaks to be 'LF' but found 'CRLF'  linebreak-style
[lint.back]   1168:28   error  Expected linebreaks to be 'LF' but found 'CRLF'  linebreak-style
[lint.back]   1169:29   error  Expected linebreaks to be 'LF' but found 'CRLF'  linebreak-style
[lint.back]   1170:30   error  Expected linebreaks to be 'LF' but found 'CRLF'  linebreak-style
[lint.back]   1171:24   error  Expected linebreaks to be 'LF' but found 'CRLF'  linebreak-style
[lint.back]   1172:48   error  Expected linebreaks to be 'LF' but found 'CRLF'  linebreak-style
[lint.back]   1173:108  error  Expected linebreaks to be 'LF' but found 'CRLF'  linebreak-style
[lint.back]   1174:25   error  Expected linebreaks to be 'LF' but found 'CRLF'  linebreak-style
[lint.back]   1175:24   error  Expected linebreaks to be 'LF' but found 'CRLF'  linebreak-style
[lint.back]   1176:52   error  Expected linebreaks to be 'LF' but found 'CRLF'  linebreak-style
[lint.back]   1177:87   error  Expected linebreaks to be 'LF' but found 'CRLF'  linebreak-style
[lint.back]   1178:25   error  Expected linebreaks to be 'LF' but found 'CRLF'  linebreak-style
[lint.back]   1179:24   error  Expected linebreaks to be 'LF' but found 'CRLF'  linebreak-style
[lint.back]   1180:48   error  Expected linebreaks to be 'LF' but found 'CRLF'  linebreak-style
[lint.back]   1181:89   error  Expected linebreaks to be 'LF' but found 'CRLF'  linebreak-style
[lint.back]   1182:25   error  Expected linebreaks to be 'LF' but found 'CRLF'  linebreak-style
[lint.back]   1183:23   error  Expected linebreaks to be 'LF' but found 'CRLF'  linebreak-style
[lint.back]   1184:34   error  Expected linebreaks to be 'LF' but found 'CRLF'  linebreak-style
[lint.back]   1185:31   error  Expected linebreaks to be 'LF' but found 'CRLF'  linebreak-style
[lint.back]   1186:32   error  Expected linebreaks to be 'LF' but found 'CRLF'  linebreak-style
[lint.back]   1187:21   error  Expected linebreaks to be 'LF' but found 'CRLF'  linebreak-style
[lint.back]   1188:27   error  Expected linebreaks to be 'LF' but found 'CRLF'  linebreak-style
[lint.back]   1189:33   error  Expected linebreaks to be 'LF' but found 'CRLF'  linebreak-style
[lint.back]   1190:21   error  Expected linebreaks to be 'LF' but found 'CRLF'  linebreak-style
[lint.back]   1191:29   error  Expected linebreaks to be 'LF' but found 'CRLF'  linebreak-style
[lint.back]   1192:27   error  Expected linebreaks to be 'LF' but found 'CRLF'  linebreak-style
[lint.back]   1193:35   error  Expected linebreaks to be 'LF' but found 'CRLF'  linebreak-style
[lint.back]   1194:23   error  Expected linebreaks to be 'LF' but found 'CRLF'  linebreak-style
[lint.back]   1195:28   error  Expected linebreaks to be 'LF' but found 'CRLF'  linebreak-style
[lint.back]   1196:37   error  Expected linebreaks to be 'LF' but found 'CRLF'  linebreak-style
[lint.back]   1197:23   error  Expected linebreaks to be 'LF' but found 'CRLF'  linebreak-style
[lint.back]   1198:33   error  Expected linebreaks to be 'LF' but found 'CRLF'  linebreak-style
[lint.back]   1199:44   error  Expected linebreaks to be 'LF' but found 'CRLF'  linebreak-style
[lint.back]   1200:23   error  Expected linebreaks to be 'LF' but found 'CRLF'  linebreak-style
[lint.back]   1201:21   error  Expected linebreaks to be 'LF' but found 'CRLF'  linebreak-style
[lint.back]   1202:19   error  Expected linebreaks to be 'LF' but found 'CRLF'  linebreak-style
[lint.back]   1203:17   error  Expected linebreaks to be 'LF' but found 'CRLF'  linebreak-style
[lint.back]   1204:15   error  Expected linebreaks to be 'LF' but found 'CRLF'  linebreak-style
[lint.back]   1205:13   error  Expected linebreaks to be 'LF' but found 'CRLF'  linebreak-style
[lint.back]   1206:17   error  Expected linebreaks to be 'LF' but found 'CRLF'  linebreak-style
[lint.back]   1207:36   error  Expected linebreaks to be 'LF' but found 'CRLF'  linebreak-style
[lint.back]   1208:66   error  Expected linebreaks to be 'LF' but found 'CRLF'  linebreak-style
[lint.back]   1209:11   error  Expected linebreaks to be 'LF' but found 'CRLF'  linebreak-style
[lint.back]   1210:10   error  Expected linebreaks to be 'LF' but found 'CRLF'  linebreak-style
[lint.back]   1211:17   error  Expected linebreaks to be 'LF' but found 'CRLF'  linebreak-style
[lint.back]   1212:14   error  Expected linebreaks to be 'LF' but found 'CRLF'  linebreak-style
[lint.back]   1213:32   error  Expected linebreaks to be 'LF' but found 'CRLF'  linebreak-style
[lint.back]   1214:47   error  Expected linebreaks to be 'LF' but found 'CRLF'  linebreak-style
[lint.back]   1215:29   error  Expected linebreaks to be 'LF' but found 'CRLF'  linebreak-style
[lint.back]   1216:32   error  Expected linebreaks to be 'LF' but found 'CRLF'  linebreak-style
[lint.back]   1217:42   error  Expected linebreaks to be 'LF' but found 'CRLF'  linebreak-style
[lint.back]   1218:120  error  Expected linebreaks to be 'LF' but found 'CRLF'  linebreak-style
[lint.back]   1219:25   error  Expected linebreaks to be 'LF' but found 'CRLF'  linebreak-style
[lint.back]   1220:32   error  Expected linebreaks to be 'LF' but found 'CRLF'  linebreak-style
[lint.back]   1221:27   error  Expected linebreaks to be 'LF' but found 'CRLF'  linebreak-style
[lint.back]   1222:28   error  Expected linebreaks to be 'LF' but found 'CRLF'  linebreak-style
[lint.back]   1223:40   error  Expected linebreaks to be 'LF' but found 'CRLF'  linebreak-style
[lint.back]   1224:37   error  Expected linebreaks to be 'LF' but found 'CRLF'  linebreak-style
[lint.back]   1225:31   error  Expected linebreaks to be 'LF' but found 'CRLF'  linebreak-style
[lint.back]   1226:26   error  Expected linebreaks to be 'LF' but found 'CRLF'  linebreak-style
[lint.back]   1227:26   error  Expected linebreaks to be 'LF' but found 'CRLF'  linebreak-style
[lint.back]   1228:25   error  Expected linebreaks to be 'LF' but found 'CRLF'  linebreak-style
[lint.back]   1229:25   error  Expected linebreaks to be 'LF' but found 'CRLF'  linebreak-style
[lint.back]   1230:28   error  Expected linebreaks to be 'LF' but found 'CRLF'  linebreak-style
[lint.back]   1231:19   error  Expected linebreaks to be 'LF' but found 'CRLF'  linebreak-style
[lint.back]   1232:28   error  Expected linebreaks to be 'LF' but found 'CRLF'  linebreak-style
[lint.back]   1233:29   error  Expected linebreaks to be 'LF' but found 'CRLF'  linebreak-style
[lint.back]   1234:30   error  Expected linebreaks to be 'LF' but found 'CRLF'  linebreak-style
[lint.back]   1235:24   error  Expected linebreaks to be 'LF' but found 'CRLF'  linebreak-style
[lint.back]   1236:48   error  Expected linebreaks to be 'LF' but found 'CRLF'  linebreak-style
[lint.back]   1237:108  error  Expected linebreaks to be 'LF' but found 'CRLF'  linebreak-style
[lint.back]   1238:25   error  Expected linebreaks to be 'LF' but found 'CRLF'  linebreak-style
[lint.back]   1239:24   error  Expected linebreaks to be 'LF' but found 'CRLF'  linebreak-style
[lint.back]   1240:48   error  Expected linebreaks to be 'LF' but found 'CRLF'  linebreak-style
[lint.back]   1241:89   error  Expected linebreaks to be 'LF' but found 'CRLF'  linebreak-style
[lint.back]   1242:25   error  Expected linebreaks to be 'LF' but found 'CRLF'  linebreak-style
[lint.back]   1243:23   error  Expected linebreaks to be 'LF' but found 'CRLF'  linebreak-style
[lint.back]   1244:34   error  Expected linebreaks to be 'LF' but found 'CRLF'  linebreak-style
[lint.back]   1245:31   error  Expected linebreaks to be 'LF' but found 'CRLF'  linebreak-style
[lint.back]   1246:32   error  Expected linebreaks to be 'LF' but found 'CRLF'  linebreak-style
[lint.back]   1247:21   error  Expected linebreaks to be 'LF' but found 'CRLF'  linebreak-style
[lint.back]   1248:27   error  Expected linebreaks to be 'LF' but found 'CRLF'  linebreak-style
[lint.back]   1249:33   error  Expected linebreaks to be 'LF' but found 'CRLF'  linebreak-style
[lint.back]   1250:21   error  Expected linebreaks to be 'LF' but found 'CRLF'  linebreak-style
[lint.back]   1251:29   error  Expected linebreaks to be 'LF' but found 'CRLF'  linebreak-style
[lint.back]   1252:33   error  Expected linebreaks to be 'LF' but found 'CRLF'  linebreak-style
[lint.back]   1253:42   error  Expected linebreaks to be 'LF' but found 'CRLF'  linebreak-style
[lint.back]   1254:23   error  Expected linebreaks to be 'LF' but found 'CRLF'  linebreak-style
[lint.back]   1255:32   error  Expected linebreaks to be 'LF' but found 'CRLF'  linebreak-style
[lint.back]   1256:41   error  Expected linebreaks to be 'LF' but found 'CRLF'  linebreak-style
[lint.back]   1257:23   error  Expected linebreaks to be 'LF' but found 'CRLF'  linebreak-style
[lint.back]   1258:29   error  Expected linebreaks to be 'LF' but found 'CRLF'  linebreak-style
[lint.back]   1259:38   error  Expected linebreaks to be 'LF' but found 'CRLF'  linebreak-style
[lint.back]   1260:23   error  Expected linebreaks to be 'LF' but found 'CRLF'  linebreak-style
[lint.back]   1261:35   error  Expected linebreaks to be 'LF' but found 'CRLF'  linebreak-style
[lint.back]   1262:38   error  Expected linebreaks to be 'LF' but found 'CRLF'  linebreak-style
[lint.back]   1263:23   error  Expected linebreaks to be 'LF' but found 'CRLF'  linebreak-style
[lint.back]   1264:33   error  Expected linebreaks to be 'LF' but found 'CRLF'  linebreak-style
[lint.back]   1265:44   error  Expected linebreaks to be 'LF' but found 'CRLF'  linebreak-style
[lint.back]   1266:23   error  Expected linebreaks to be 'LF' but found 'CRLF'  linebreak-style
[lint.back]   1267:40   error  Expected linebreaks to be 'LF' but found 'CRLF'  linebreak-style
[lint.back]   1268:50   error  Expected linebreaks to be 'LF' but found 'CRLF'  linebreak-style
[lint.back]   1269:23   error  Expected linebreaks to be 'LF' but found 'CRLF'  linebreak-style
[lint.back]   1270:21   error  Expected linebreaks to be 'LF' but found 'CRLF'  linebreak-style
[lint.back]   1271:19   error  Expected linebreaks to be 'LF' but found 'CRLF'  linebreak-style
[lint.back]   1272:17   error  Expected linebreaks to be 'LF' but found 'CRLF'  linebreak-style
[lint.back]   1273:15   error  Expected linebreaks to be 'LF' but found 'CRLF'  linebreak-style
[lint.back]   1274:13   error  Expected linebreaks to be 'LF' but found 'CRLF'  linebreak-style
[lint.back]   1275:17   error  Expected linebreaks to be 'LF' but found 'CRLF'  linebreak-style
[lint.back]   1276:36   error  Expected linebreaks to be 'LF' but found 'CRLF'  linebreak-style
[lint.back]   1277:66   error  Expected linebreaks to be 'LF' but found 'CRLF'  linebreak-style
[lint.back]   1278:11   error  Expected linebreaks to be 'LF' but found 'CRLF'  linebreak-style
[lint.back]   1279:9    error  Expected linebreaks to be 'LF' but found 'CRLF'  linebreak-style
[lint.back]   1280:8    error  Expected linebreaks to be 'LF' but found 'CRLF'  linebreak-style
[lint.back]   1281:26   error  Expected linebreaks to be 'LF' but found 'CRLF'  linebreak-style
[lint.back]   1282:39   error  Expected linebreaks to be 'LF' but found 'CRLF'  linebreak-style
[lint.back]   1283:14   error  Expected linebreaks to be 'LF' but found 'CRLF'  linebreak-style
[lint.back]   1284:49   error  Expected linebreaks to be 'LF' but found 'CRLF'  linebreak-style
[lint.back]   1285:28   error  Expected linebreaks to be 'LF' but found 'CRLF'  linebreak-style
[lint.back]   1286:9    error  Expected linebreaks to be 'LF' but found 'CRLF'  linebreak-style
[lint.back]   1287:28   error  Expected linebreaks to be 'LF' but found 'CRLF'  linebreak-style
[lint.back]   1288:23   error  Expected linebreaks to be 'LF' but found 'CRLF'  linebreak-style
[lint.back]   1289:14   error  Expected linebreaks to be 'LF' but found 'CRLF'  linebreak-style
[lint.back]   1290:10   error  Expected linebreaks to be 'LF' but found 'CRLF'  linebreak-style
[lint.back]   1291:32   error  Expected linebreaks to be 'LF' but found 'CRLF'  linebreak-style
[lint.back]   1292:26   error  Expected linebreaks to be 'LF' but found 'CRLF'  linebreak-style
[lint.back]   1293:24   error  Expected linebreaks to be 'LF' but found 'CRLF'  linebreak-style
[lint.back]   1294:11   error  Expected linebreaks to be 'LF' but found 'CRLF'  linebreak-style
[lint.back]   1295:10   error  Expected linebreaks to be 'LF' but found 'CRLF'  linebreak-style
[lint.back]   1296:33   error  Expected linebreaks to be 'LF' but found 'CRLF'  linebreak-style
[lint.back]   1297:25   error  Expected linebreaks to be 'LF' but found 'CRLF'  linebreak-style
[lint.back]   1298:24   error  Expected linebreaks to be 'LF' but found 'CRLF'  linebreak-style
[lint.back]   1299:11   error  Expected linebreaks to be 'LF' but found 'CRLF'  linebreak-style
[lint.back]   1300:9    error  Expected linebreaks to be 'LF' but found 'CRLF'  linebreak-style
[lint.back]   1301:18   error  Expected linebreaks to be 'LF' but found 'CRLF'  linebreak-style
[lint.back]   1302:10   error  Expected linebreaks to be 'LF' but found 'CRLF'  linebreak-style
[lint.back]   1303:17   error  Expected linebreaks to be 'LF' but found 'CRLF'  linebreak-style
[lint.back]   1304:14   error  Expected linebreaks to be 'LF' but found 'CRLF'  linebreak-style
[lint.back]   1305:32   error  Expected linebreaks to be 'LF' but found 'CRLF'  linebreak-style
[lint.back]   1306:47   error  Expected linebreaks to be 'LF' but found 'CRLF'  linebreak-style
[lint.back]   1307:35   error  Expected linebreaks to be 'LF' but found 'CRLF'  linebreak-style
[lint.back]   1308:32   error  Expected linebreaks to be 'LF' but found 'CRLF'  linebreak-style
[lint.back]   1309:42   error  Expected linebreaks to be 'LF' but found 'CRLF'  linebreak-style
[lint.back]   1310:28   error  Expected linebreaks to be 'LF' but found 'CRLF'  linebreak-style
[lint.back]   1311:25   error  Expected linebreaks to be 'LF' but found 'CRLF'  linebreak-style
[lint.back]   1312:106  error  Expected linebreaks to be 'LF' but found 'CRLF'  linebreak-style
[lint.back]   1313:84   error  Expected linebreaks to be 'LF' but found 'CRLF'  linebreak-style
[lint.back]   1314:32   error  Expected linebreaks to be 'LF' but found 'CRLF'  linebreak-style
[lint.back]   1315:27   error  Expected linebreaks to be 'LF' but found 'CRLF'  linebreak-style
[lint.back]   1316:36   error  Expected linebreaks to be 'LF' but found 'CRLF'  linebreak-style
[lint.back]   1317:23   error  Expected linebreaks to be 'LF' but found 'CRLF'  linebreak-style
[lint.back]   1318:48   error  Expected linebreaks to be 'LF' but found 'CRLF'  linebreak-style
[lint.back]   1319:40   error  Expected linebreaks to be 'LF' but found 'CRLF'  linebreak-style
[lint.back]   1320:17   error  Expected linebreaks to be 'LF' but found 'CRLF'  linebreak-style
[lint.back]   1321:15   error  Expected linebreaks to be 'LF' but found 'CRLF'  linebreak-style
[lint.back]   1322:13   error  Expected linebreaks to be 'LF' but found 'CRLF'  linebreak-style
[lint.back]   1323:17   error  Expected linebreaks to be 'LF' but found 'CRLF'  linebreak-style
[lint.back]   1324:28   error  Expected linebreaks to be 'LF' but found 'CRLF'  linebreak-style
[lint.back]   1325:78   error  Expected linebreaks to be 'LF' but found 'CRLF'  linebreak-style
[lint.back]   1326:11   error  Expected linebreaks to be 'LF' but found 'CRLF'  linebreak-style
[lint.back]   1327:10   error  Expected linebreaks to be 'LF' but found 'CRLF'  linebreak-style
[lint.back]   1328:17   error  Expected linebreaks to be 'LF' but found 'CRLF'  linebreak-style
[lint.back]   1329:14   error  Expected linebreaks to be 'LF' but found 'CRLF'  linebreak-style
[lint.back]   1330:32   error  Expected linebreaks to be 'LF' but found 'CRLF'  linebreak-style
[lint.back]   1331:47   error  Expected linebreaks to be 'LF' but found 'CRLF'  linebreak-style
[lint.back]   1332:36   error  Expected linebreaks to be 'LF' but found 'CRLF'  linebreak-style
[lint.back]   1333:32   error  Expected linebreaks to be 'LF' but found 'CRLF'  linebreak-style
[lint.back]   1334:42   error  Expected linebreaks to be 'LF' but found 'CRLF'  linebreak-style
[lint.back]   1335:28   error  Expected linebreaks to be 'LF' but found 'CRLF'  linebreak-style
[lint.back]   1336:25   error  Expected linebreaks to be 'LF' but found 'CRLF'  linebreak-style
[lint.back]   1337:205  error  Expected linebreaks to be 'LF' but found 'CRLF'  linebreak-style
[lint.back]   1338:84   error  Expected linebreaks to be 'LF' but found 'CRLF'  linebreak-style
[lint.back]   1339:32   error  Expected linebreaks to be 'LF' but found 'CRLF'  linebreak-style
[lint.back]   1340:27   error  Expected linebreaks to be 'LF' but found 'CRLF'  linebreak-style
[lint.back]   1341:15   error  Expected linebreaks to be 'LF' but found 'CRLF'  linebreak-style
[lint.back]   1342:13   error  Expected linebreaks to be 'LF' but found 'CRLF'  linebreak-style
[lint.back]   1343:17   error  Expected linebreaks to be 'LF' but found 'CRLF'  linebreak-style
[lint.back]   1344:36   error  Expected linebreaks to be 'LF' but found 'CRLF'  linebreak-style
[lint.back]   1345:73   error  Expected linebreaks to be 'LF' but found 'CRLF'  linebreak-style
[lint.back]   1346:11   error  Expected linebreaks to be 'LF' but found 'CRLF'  linebreak-style
[lint.back]   1347:10   error  Expected linebreaks to be 'LF' but found 'CRLF'  linebreak-style
[lint.back]   1348:17   error  Expected linebreaks to be 'LF' but found 'CRLF'  linebreak-style
[lint.back]   1349:14   error  Expected linebreaks to be 'LF' but found 'CRLF'  linebreak-style
[lint.back]   1350:32   error  Expected linebreaks to be 'LF' but found 'CRLF'  linebreak-style
[lint.back]   1351:47   error  Expected linebreaks to be 'LF' but found 'CRLF'  linebreak-style
[lint.back]   1352:37   error  Expected linebreaks to be 'LF' but found 'CRLF'  linebreak-style
[lint.back]   1353:32   error  Expected linebreaks to be 'LF' but found 'CRLF'  linebreak-style
[lint.back]   1354:42   error  Expected linebreaks to be 'LF' but found 'CRLF'  linebreak-style
[lint.back]   1355:28   error  Expected linebreaks to be 'LF' but found 'CRLF'  linebreak-style
[lint.back]   1356:25   error  Expected linebreaks to be 'LF' but found 'CRLF'  linebreak-style
[lint.back]   1357:135  error  Expected linebreaks to be 'LF' but found 'CRLF'  linebreak-style
[lint.back]   1358:107  error  Expected linebreaks to be 'LF' but found 'CRLF'  linebreak-style
[lint.back]   1359:33   error  Expected linebreaks to be 'LF' but found 'CRLF'  linebreak-style
[lint.back]   1360:27   error  Expected linebreaks to be 'LF' but found 'CRLF'  linebreak-style
[lint.back]   1361:15   error  Expected linebreaks to be 'LF' but found 'CRLF'  linebreak-style
[lint.back]   1362:14   error  Expected linebreaks to be 'LF' but found 'CRLF'  linebreak-style
[lint.back]   1363:32   error  Expected linebreaks to be 'LF' but found 'CRLF'  linebreak-style
[lint.back]   1364:47   error  Expected linebreaks to be 'LF' but found 'CRLF'  linebreak-style
[lint.back]   1365:54   error  Expected linebreaks to be 'LF' but found 'CRLF'  linebreak-style
[lint.back]   1366:32   error  Expected linebreaks to be 'LF' but found 'CRLF'  linebreak-style
[lint.back]   1367:42   error  Expected linebreaks to be 'LF' but found 'CRLF'  linebreak-style
[lint.back]   1368:28   error  Expected linebreaks to be 'LF' but found 'CRLF'  linebreak-style
[lint.back]   1369:25   error  Expected linebreaks to be 'LF' but found 'CRLF'  linebreak-style
[lint.back]   1370:206  error  Expected linebreaks to be 'LF' but found 'CRLF'  linebreak-style
[lint.back]   1371:50   error  Expected linebreaks to be 'LF' but found 'CRLF'  linebreak-style
[lint.back]   1372:32   error  Expected linebreaks to be 'LF' but found 'CRLF'  linebreak-style
[lint.back]   1373:27   error  Expected linebreaks to be 'LF' but found 'CRLF'  linebreak-style
[lint.back]   1374:15   error  Expected linebreaks to be 'LF' but found 'CRLF'  linebreak-style
[lint.back]   1375:13   error  Expected linebreaks to be 'LF' but found 'CRLF'  linebreak-style
[lint.back]   1376:17   error  Expected linebreaks to be 'LF' but found 'CRLF'  linebreak-style
[lint.back]   1377:32   error  Expected linebreaks to be 'LF' but found 'CRLF'  linebreak-style
[lint.back]   1378:66   error  Expected linebreaks to be 'LF' but found 'CRLF'  linebreak-style
[lint.back]   1379:11   error  Expected linebreaks to be 'LF' but found 'CRLF'  linebreak-style
[lint.back]   1380:10   error  Expected linebreaks to be 'LF' but found 'CRLF'  linebreak-style
[lint.back]   1381:17   error  Expected linebreaks to be 'LF' but found 'CRLF'  linebreak-style
[lint.back]   1382:14   error  Expected linebreaks to be 'LF' but found 'CRLF'  linebreak-style
[lint.back]   1383:32   error  Expected linebreaks to be 'LF' but found 'CRLF'  linebreak-style
[lint.back]   1384:47   error  Expected linebreaks to be 'LF' but found 'CRLF'  linebreak-style
[lint.back]   1385:35   error  Expected linebreaks to be 'LF' but found 'CRLF'  linebreak-style
[lint.back]   1386:32   error  Expected linebreaks to be 'LF' but found 'CRLF'  linebreak-style
[lint.back]   1387:42   error  Expected linebreaks to be 'LF' but found 'CRLF'  linebreak-style
[lint.back]   1388:28   error  Expected linebreaks to be 'LF' but found 'CRLF'  linebreak-style
[lint.back]   1389:25   error  Expected linebreaks to be 'LF' but found 'CRLF'  linebreak-style
[lint.back]   1390:209  error  Expected linebreaks to be 'LF' but found 'CRLF'  linebreak-style
[lint.back]   1391:117  error  Expected linebreaks to be 'LF' but found 'CRLF'  linebreak-style
[lint.back]   1392:32   error  Expected linebreaks to be 'LF' but found 'CRLF'  linebreak-style
[lint.back]   1393:27   error  Expected linebreaks to be 'LF' but found 'CRLF'  linebreak-style
[lint.back]   1394:15   error  Expected linebreaks to be 'LF' but found 'CRLF'  linebreak-style
[lint.back]   1395:13   error  Expected linebreaks to be 'LF' but found 'CRLF'  linebreak-style
[lint.back]   1396:17   error  Expected linebreaks to be 'LF' but found 'CRLF'  linebreak-style
[lint.back]   1397:32   error  Expected linebreaks to be 'LF' but found 'CRLF'  linebreak-style
[lint.back]   1398:66   error  Expected linebreaks to be 'LF' but found 'CRLF'  linebreak-style
[lint.back]   1399:11   error  Expected linebreaks to be 'LF' but found 'CRLF'  linebreak-style
[lint.back]   1400:10   error  Expected linebreaks to be 'LF' but found 'CRLF'  linebreak-style
[lint.back]   1401:17   error  Expected linebreaks to be 'LF' but found 'CRLF'  linebreak-style
[lint.back]   1402:14   error  Expected linebreaks to be 'LF' but found 'CRLF'  linebreak-style
[lint.back]   1403:32   error  Expected linebreaks to be 'LF' but found 'CRLF'  linebreak-style
[lint.back]   1404:47   error  Expected linebreaks to be 'LF' but found 'CRLF'  linebreak-style
[lint.back]   1405:32   error  Expected linebreaks to be 'LF' but found 'CRLF'  linebreak-style
[lint.back]   1406:32   error  Expected linebreaks to be 'LF' but found 'CRLF'  linebreak-style
[lint.back]   1407:42   error  Expected linebreaks to be 'LF' but found 'CRLF'  linebreak-style
[lint.back]   1408:28   error  Expected linebreaks to be 'LF' but found 'CRLF'  linebreak-style
[lint.back]   1409:25   error  Expected linebreaks to be 'LF' but found 'CRLF'  linebreak-style
[lint.back]   1410:25   error  Expected linebreaks to be 'LF' but found 'CRLF'  linebreak-style
[lint.back]   1411:425  error  Expected linebreaks to be 'LF' but found 'CRLF'  linebreak-style
[lint.back]   1412:32   error  Expected linebreaks to be 'LF' but found 'CRLF'  linebreak-style
[lint.back]   1413:27   error  Expected linebreaks to be 'LF' but found 'CRLF'  linebreak-style
[lint.back]   1414:15   error  Expected linebreaks to be 'LF' but found 'CRLF'  linebreak-style
[lint.back]   1415:13   error  Expected linebreaks to be 'LF' but found 'CRLF'  linebreak-style
[lint.back]   1416:17   error  Expected linebreaks to be 'LF' but found 'CRLF'  linebreak-style
[lint.back]   1417:29   error  Expected linebreaks to be 'LF' but found 'CRLF'  linebreak-style
[lint.back]   1418:66   error  Expected linebreaks to be 'LF' but found 'CRLF'  linebreak-style
[lint.back]   1419:11   error  Expected linebreaks to be 'LF' but found 'CRLF'  linebreak-style
[lint.back]   1420:9    error  Expected linebreaks to be 'LF' but found 'CRLF'  linebreak-style
[lint.back]   1421:8    error  Expected linebreaks to be 'LF' but found 'CRLF'  linebreak-style
[lint.back]   1422:21   error  Expected linebreaks to be 'LF' but found 'CRLF'  linebreak-style
[lint.back]   1423:35   error  Expected linebreaks to be 'LF' but found 'CRLF'  linebreak-style
[lint.back]   1424:20   error  Expected linebreaks to be 'LF' but found 'CRLF'  linebreak-style
[lint.back]   1425:25   error  Expected linebreaks to be 'LF' but found 'CRLF'  linebreak-style
[lint.back]   1426:33   error  Expected linebreaks to be 'LF' but found 'CRLF'  linebreak-style
[lint.back]   1427:26   error  Expected linebreaks to be 'LF' but found 'CRLF'  linebreak-style
[lint.back]   1428:29   error  Expected linebreaks to be 'LF' but found 'CRLF'  linebreak-style
[lint.back]   1429:20   error  Expected linebreaks to be 'LF' but found 'CRLF'  linebreak-style
[lint.back]   1430:38   error  Expected linebreaks to be 'LF' but found 'CRLF'  linebreak-style
[lint.back]   1431:63   error  Expected linebreaks to be 'LF' but found 'CRLF'  linebreak-style
[lint.back]   1432:23   error  Expected linebreaks to be 'LF' but found 'CRLF'  linebreak-style
[lint.back]   1433:23   error  Expected linebreaks to be 'LF' but found 'CRLF'  linebreak-style
[lint.back]   1434:51   error  Expected linebreaks to be 'LF' but found 'CRLF'  linebreak-style
[lint.back]   1435:29   error  Expected linebreaks to be 'LF' but found 'CRLF'  linebreak-style
[lint.back]   1436:13   error  Expected linebreaks to be 'LF' but found 'CRLF'  linebreak-style
[lint.back]   1437:32   error  Expected linebreaks to be 'LF' but found 'CRLF'  linebreak-style
[lint.back]   1438:11   error  Expected linebreaks to be 'LF' but found 'CRLF'  linebreak-style
[lint.back]   1439:9    error  Expected linebreaks to be 'LF' but found 'CRLF'  linebreak-style
[lint.back]   1440:8    error  Expected linebreaks to be 'LF' but found 'CRLF'  linebreak-style
[lint.back]   1441:21   error  Expected linebreaks to be 'LF' but found 'CRLF'  linebreak-style
[lint.back]   1442:34   error  Expected linebreaks to be 'LF' but found 'CRLF'  linebreak-style
[lint.back]   1443:21   error  Expected linebreaks to be 'LF' but found 'CRLF'  linebreak-style
[lint.back]   1444:25   error  Expected linebreaks to be 'LF' but found 'CRLF'  linebreak-style
[lint.back]   1445:32   error  Expected linebreaks to be 'LF' but found 'CRLF'  linebreak-style
[lint.back]   1446:25   error  Expected linebreaks to be 'LF' but found 'CRLF'  linebreak-style
[lint.back]   1447:29   error  Expected linebreaks to be 'LF' but found 'CRLF'  linebreak-style
[lint.back]   1448:20   error  Expected linebreaks to be 'LF' but found 'CRLF'  linebreak-style
[lint.back]   1449:38   error  Expected linebreaks to be 'LF' but found 'CRLF'  linebreak-style
[lint.back]   1450:63   error  Expected linebreaks to be 'LF' but found 'CRLF'  linebreak-style
[lint.back]   1451:23   error  Expected linebreaks to be 'LF' but found 'CRLF'  linebreak-style
[lint.back]   1452:23   error  Expected linebreaks to be 'LF' but found 'CRLF'  linebreak-style
[lint.back]   1453:51   error  Expected linebreaks to be 'LF' but found 'CRLF'  linebreak-style
[lint.back]   1454:29   error  Expected linebreaks to be 'LF' but found 'CRLF'  linebreak-style
[lint.back]   1455:13   error  Expected linebreaks to be 'LF' but found 'CRLF'  linebreak-style
[lint.back]   1456:32   error  Expected linebreaks to be 'LF' but found 'CRLF'  linebreak-style
[lint.back]   1457:11   error  Expected linebreaks to be 'LF' but found 'CRLF'  linebreak-style
[lint.back]   1458:38   error  Expected linebreaks to be 'LF' but found 'CRLF'  linebreak-style
[lint.back]   1459:18   error  Expected linebreaks to be 'LF' but found 'CRLF'  linebreak-style
[lint.back]   1460:67   error  Expected linebreaks to be 'LF' but found 'CRLF'  linebreak-style
[lint.back]   1461:13   error  Expected linebreaks to be 'LF' but found 'CRLF'  linebreak-style
[lint.back]   1462:23   error  Expected linebreaks to be 'LF' but found 'CRLF'  linebreak-style
[lint.back]   1463:40   error  Expected linebreaks to be 'LF' but found 'CRLF'  linebreak-style
[lint.back]   1464:13   error  Expected linebreaks to be 'LF' but found 'CRLF'  linebreak-style
[lint.back]   1465:25   error  Expected linebreaks to be 'LF' but found 'CRLF'  linebreak-style
[lint.back]   1466:11   error  Expected linebreaks to be 'LF' but found 'CRLF'  linebreak-style
[lint.back]   1467:9    error  Expected linebreaks to be 'LF' but found 'CRLF'  linebreak-style
[lint.back]   1468:8    error  Expected linebreaks to be 'LF' but found 'CRLF'  linebreak-style
[lint.back]   1469:4    error  Expected linebreaks to be 'LF' but found 'CRLF'  linebreak-style
[lint.back]   1470:3    error  Expected linebreaks to be 'LF' but found 'CRLF'  linebreak-style
[lint.back] 
[lint.back] Γ£û 2221 problems (2221 errors, 0 warnings)
[lint.back]   2219 errors and 0 warnings potentially fixable with the `--fix` option.
[lint.back] 
[lint.back] The script called "lint.back" which runs "eslint --ext .ts ./server" failed with exit code 1 https://github.com/sezna/nps/blob/master/other/ERRORS_AND_WARNINGS.md#failed-with-exit-code
[lint.back] nps lint.back exited with code 1
